Archive member included because of file (symbol)

c:/siliconlabs/simplicitystudio/v4/developer/toolchains/gnu_arm/4.9_2015q3/bin/../lib/gcc/arm-none-eabi/4.9.3/../../../../arm-none-eabi/lib/armv7-m\libc_nano.a(lib_a-abs.o)
                              ./Drivers/segmentlcd.o (abs)
c:/siliconlabs/simplicitystudio/v4/developer/toolchains/gnu_arm/4.9_2015q3/bin/../lib/gcc/arm-none-eabi/4.9.3/../../../../arm-none-eabi/lib/armv7-m\libc_nano.a(lib_a-exit.o)
                              c:/siliconlabs/simplicitystudio/v4/developer/toolchains/gnu_arm/4.9_2015q3/bin/../lib/gcc/arm-none-eabi/4.9.3/../../../../arm-none-eabi/lib/armv7-m/crt0.o (exit)
c:/siliconlabs/simplicitystudio/v4/developer/toolchains/gnu_arm/4.9_2015q3/bin/../lib/gcc/arm-none-eabi/4.9.3/../../../../arm-none-eabi/lib/armv7-m\libc_nano.a(lib_a-impure.o)
                              c:/siliconlabs/simplicitystudio/v4/developer/toolchains/gnu_arm/4.9_2015q3/bin/../lib/gcc/arm-none-eabi/4.9.3/../../../../arm-none-eabi/lib/armv7-m\libc_nano.a(lib_a-exit.o) (_global_impure_ptr)
c:/siliconlabs/simplicitystudio/v4/developer/toolchains/gnu_arm/4.9_2015q3/bin/../lib/gcc/arm-none-eabi/4.9.3/../../../../arm-none-eabi/lib/armv7-m\libc_nano.a(lib_a-init.o)
                              c:/siliconlabs/simplicitystudio/v4/developer/toolchains/gnu_arm/4.9_2015q3/bin/../lib/gcc/arm-none-eabi/4.9.3/../../../../arm-none-eabi/lib/armv7-m/crt0.o (__libc_init_array)
c:/siliconlabs/simplicitystudio/v4/developer/toolchains/gnu_arm/4.9_2015q3/bin/../lib/gcc/arm-none-eabi/4.9.3/../../../../arm-none-eabi/lib/armv7-m\libc_nano.a(lib_a-memcpy.o)
                              ./FreeRTOS/efm32gg/queue.o (memcpy)
c:/siliconlabs/simplicitystudio/v4/developer/toolchains/gnu_arm/4.9_2015q3/bin/../lib/gcc/arm-none-eabi/4.9.3/../../../../arm-none-eabi/lib/armv7-m\libc_nano.a(lib_a-memset.o)
                              c:/siliconlabs/simplicitystudio/v4/developer/toolchains/gnu_arm/4.9_2015q3/bin/../lib/gcc/arm-none-eabi/4.9.3/../../../../arm-none-eabi/lib/armv7-m/crt0.o (memset)
c:/siliconlabs/simplicitystudio/v4/developer/toolchains/gnu_arm/4.9_2015q3/bin/../lib/gcc/arm-none-eabi/4.9.3/../../../../arm-none-eabi/lib/armv7-m\libc_nano.a(lib_a-strlen.o)
                              ./Drivers/segmentlcd.o (strlen)
c:/siliconlabs/simplicitystudio/v4/developer/toolchains/gnu_arm/4.9_2015q3/bin/../lib/gcc/arm-none-eabi/4.9.3/../../../../arm-none-eabi/lib/armv7-m\libnosys.a(_exit.o)
                              c:/siliconlabs/simplicitystudio/v4/developer/toolchains/gnu_arm/4.9_2015q3/bin/../lib/gcc/arm-none-eabi/4.9.3/../../../../arm-none-eabi/lib/armv7-m\libc_nano.a(lib_a-exit.o) (_exit)

Allocating common symbols
Common symbol       size              file

sem                 0x4               ./src/main.o
timer               0x4               ./src/main.o
xQueueRegistry      0x50              ./FreeRTOS/efm32gg/queue.o
Timer0Value         0x4               ./src/main.o
text                0x8               ./src/main.o

Discarded input sections

 .text          0x00000000        0x0 c:/siliconlabs/simplicitystudio/v4/developer/toolchains/gnu_arm/4.9_2015q3/bin/../lib/gcc/arm-none-eabi/4.9.3/armv7-m/crti.o
 .data          0x00000000        0x0 c:/siliconlabs/simplicitystudio/v4/developer/toolchains/gnu_arm/4.9_2015q3/bin/../lib/gcc/arm-none-eabi/4.9.3/armv7-m/crti.o
 .bss           0x00000000        0x0 c:/siliconlabs/simplicitystudio/v4/developer/toolchains/gnu_arm/4.9_2015q3/bin/../lib/gcc/arm-none-eabi/4.9.3/armv7-m/crti.o
 .data          0x00000000        0x4 c:/siliconlabs/simplicitystudio/v4/developer/toolchains/gnu_arm/4.9_2015q3/bin/../lib/gcc/arm-none-eabi/4.9.3/armv7-m/crtbegin.o
 .data          0x00000000        0x0 c:/siliconlabs/simplicitystudio/v4/developer/toolchains/gnu_arm/4.9_2015q3/bin/../lib/gcc/arm-none-eabi/4.9.3/../../../../arm-none-eabi/lib/armv7-m/crt0.o
 .bss           0x00000000        0x0 c:/siliconlabs/simplicitystudio/v4/developer/toolchains/gnu_arm/4.9_2015q3/bin/../lib/gcc/arm-none-eabi/4.9.3/../../../../arm-none-eabi/lib/armv7-m/crt0.o
 .ARM.extab     0x00000000        0x0 c:/siliconlabs/simplicitystudio/v4/developer/toolchains/gnu_arm/4.9_2015q3/bin/../lib/gcc/arm-none-eabi/4.9.3/../../../../arm-none-eabi/lib/armv7-m/crt0.o
 .text          0x00000000        0x0 ./BSP/bsp_trace.o
 .data          0x00000000        0x0 ./BSP/bsp_trace.o
 .bss           0x00000000        0x0 ./BSP/bsp_trace.o
 .text.BSP_TraceSwoSetup
                0x00000000        0xc ./BSP/bsp_trace.o
 .data          0x00000000        0x0 ./CMSIS/EFM32GG/startup_efm32gg.o
 .bss           0x00000000        0x0 ./CMSIS/EFM32GG/startup_efm32gg.o
 .text          0x00000000        0x0 ./CMSIS/EFM32GG/system_efm32gg.o
 .data          0x00000000        0x0 ./CMSIS/EFM32GG/system_efm32gg.o
 .bss           0x00000000        0x0 ./CMSIS/EFM32GG/system_efm32gg.o
 .text.SystemHFXOClockSet
                0x00000000       0x2c ./CMSIS/EFM32GG/system_efm32gg.o
 .text.SystemLFXOClockSet
                0x00000000       0x2c ./CMSIS/EFM32GG/system_efm32gg.o
 .text          0x00000000        0x0 ./Drivers/segmentlcd.o
 .data          0x00000000        0x0 ./Drivers/segmentlcd.o
 .bss           0x00000000        0x0 ./Drivers/segmentlcd.o
 .text.LCD_Enable
                0x00000000       0x38 ./Drivers/segmentlcd.o
 .rodata.Segment_Numbers
                0x00000000       0x22 ./Drivers/segmentlcd.o
 .rodata.Blocks
                0x00000000        0x8 ./Drivers/segmentlcd.o
 .rodata.signIndex
                0x00000000        0x2 ./Drivers/segmentlcd.o
 .text.SegmentLCD_AllOn
                0x00000000       0xcc ./Drivers/segmentlcd.o
 .text.SegmentLCD_Block
                0x00000000       0x30 ./Drivers/segmentlcd.o
 .text.SegmentLCD_Disable
                0x00000000       0x28 ./Drivers/segmentlcd.o
 .text.SegmentLCD_LowerHex
                0x00000000       0x98 ./Drivers/segmentlcd.o
 .rodata        0x00000000       0x48 ./Drivers/segmentlcd.o
 .text.SegmentLCD_LowerNumber
                0x00000000       0xf8 ./Drivers/segmentlcd.o
 .text.SegmentLCD_Number
                0x00000000      0x124 ./Drivers/segmentlcd.o
 .text.SegmentLCD_NumberOff
                0x00000000       0x4c ./Drivers/segmentlcd.o
 .text.SegmentLCD_Symbol
                0x00000000      0x118 ./Drivers/segmentlcd.o
 .text.SegmentLCD_UnsignedHex
                0x00000000       0xc8 ./Drivers/segmentlcd.o
 .text.SegmentLCD_segCnt
                0x00000000      0x138 ./Drivers/segmentlcd.o
 .text.displayBlock
                0x00000000      0x114 ./Drivers/segmentlcd.o
 .text.SegmentLCD_ARing
                0x00000000       0x54 ./Drivers/segmentlcd.o
 .text.SegmentLCD_Battery
                0x00000000       0x78 ./Drivers/segmentlcd.o
 .text.SegmentLCD_EnergyMode
                0x00000000       0x50 ./Drivers/segmentlcd.o
 .text          0x00000000        0x0 ./Drivers/sleep.o
 .data          0x00000000        0x0 ./Drivers/sleep.o
 .bss           0x00000000        0x0 ./Drivers/sleep.o
 .text.EMU_EM2UnBlock
                0x00000000       0x14 ./Drivers/sleep.o
 .text.SLEEP_InitEx
                0x00000000       0x38 ./Drivers/sleep.o
 .text.SLEEP_ForceSleepInEM4
                0x00000000       0x10 ./Drivers/sleep.o
 .text.SLEEP_SleepBlockEnd
                0x00000000       0x64 ./Drivers/sleep.o
 .text          0x00000000        0x0 ./FreeRTOS/efm32gg/croutine.o
 .data          0x00000000        0x0 ./FreeRTOS/efm32gg/croutine.o
 .bss           0x00000000        0x0 ./FreeRTOS/efm32gg/croutine.o
 .debug_info    0x00000000       0x6e ./FreeRTOS/efm32gg/croutine.o
 .debug_abbrev  0x00000000       0x24 ./FreeRTOS/efm32gg/croutine.o
 .debug_aranges
                0x00000000       0x18 ./FreeRTOS/efm32gg/croutine.o
 .debug_line    0x00000000       0x1d ./FreeRTOS/efm32gg/croutine.o
 .debug_str     0x00000000      0x1d6 ./FreeRTOS/efm32gg/croutine.o
 .comment       0x00000000       0x71 ./FreeRTOS/efm32gg/croutine.o
 .ARM.attributes
                0x00000000       0x33 ./FreeRTOS/efm32gg/croutine.o
 .text          0x00000000        0x0 ./FreeRTOS/efm32gg/event_groups.o
 .data          0x00000000        0x0 ./FreeRTOS/efm32gg/event_groups.o
 .bss           0x00000000        0x0 ./FreeRTOS/efm32gg/event_groups.o
 .text.xEventGroupCreate
                0x00000000       0x30 ./FreeRTOS/efm32gg/event_groups.o
 .rodata        0x00000000       0x77 ./FreeRTOS/efm32gg/event_groups.o
 .text.xEventGroupSync
                0x00000000      0x12c ./FreeRTOS/efm32gg/event_groups.o
 .text.xEventGroupWaitBits
                0x00000000      0x164 ./FreeRTOS/efm32gg/event_groups.o
 .text.xEventGroupClearBits
                0x00000000       0x5c ./FreeRTOS/efm32gg/event_groups.o
 .text.xEventGroupGetBitsFromISR
                0x00000000       0x48 ./FreeRTOS/efm32gg/event_groups.o
 .text.xEventGroupSetBits
                0x00000000      0x104 ./FreeRTOS/efm32gg/event_groups.o
 .text.vEventGroupDelete
                0x00000000       0x58 ./FreeRTOS/efm32gg/event_groups.o
 .text.vEventGroupSetBitsCallback
                0x00000000       0x18 ./FreeRTOS/efm32gg/event_groups.o
 .text.vEventGroupClearBitsCallback
                0x00000000       0x18 ./FreeRTOS/efm32gg/event_groups.o
 .text.prvTestWaitCondition
                0x00000000       0x44 ./FreeRTOS/efm32gg/event_groups.o
 .debug_info    0x00000000      0x6e0 ./FreeRTOS/efm32gg/event_groups.o
 .debug_abbrev  0x00000000      0x1a7 ./FreeRTOS/efm32gg/event_groups.o
 .debug_loc     0x00000000      0x338 ./FreeRTOS/efm32gg/event_groups.o
 .debug_aranges
                0x00000000       0x68 ./FreeRTOS/efm32gg/event_groups.o
 .debug_ranges  0x00000000       0x58 ./FreeRTOS/efm32gg/event_groups.o
 .debug_line    0x00000000      0x45c ./FreeRTOS/efm32gg/event_groups.o
 .debug_str     0x00000000      0x597 ./FreeRTOS/efm32gg/event_groups.o
 .comment       0x00000000       0x71 ./FreeRTOS/efm32gg/event_groups.o
 .debug_frame   0x00000000      0x180 ./FreeRTOS/efm32gg/event_groups.o
 .ARM.attributes
                0x00000000       0x33 ./FreeRTOS/efm32gg/event_groups.o
 .text          0x00000000        0x0 ./FreeRTOS/efm32gg/heap_1.o
 .data          0x00000000        0x0 ./FreeRTOS/efm32gg/heap_1.o
 .bss           0x00000000        0x0 ./FreeRTOS/efm32gg/heap_1.o
 .text.vPortInitialiseBlocks
                0x00000000       0x18 ./FreeRTOS/efm32gg/heap_1.o
 .text.xPortGetFreeHeapSize
                0x00000000       0x1c ./FreeRTOS/efm32gg/heap_1.o
 .text          0x00000000        0x0 ./FreeRTOS/efm32gg/list.o
 .data          0x00000000        0x0 ./FreeRTOS/efm32gg/list.o
 .bss           0x00000000        0x0 ./FreeRTOS/efm32gg/list.o
 .text          0x00000000        0x0 ./FreeRTOS/efm32gg/port.o
 .data          0x00000000        0x0 ./FreeRTOS/efm32gg/port.o
 .bss           0x00000000        0x0 ./FreeRTOS/efm32gg/port.o
 .bss.ulTimerCountsForOneTick
                0x00000000        0x4 ./FreeRTOS/efm32gg/port.o
 .bss.xMaximumPossibleSuppressedTicks
                0x00000000        0x4 ./FreeRTOS/efm32gg/port.o
 .bss.ulStoppedTimerCompensation
                0x00000000        0x4 ./FreeRTOS/efm32gg/port.o
 .rodata.pcInterruptPriorityRegisters
                0x00000000        0x4 ./FreeRTOS/efm32gg/port.o
 .text.vPortEndScheduler
                0x00000000       0x24 ./FreeRTOS/efm32gg/port.o
 .text.vPortSuppressTicksAndSleep
                0x00000000      0x180 ./FreeRTOS/efm32gg/port.o
 .text.vPortSetupTimerInterrupt
                0x00000000       0x48 ./FreeRTOS/efm32gg/port.o
 .text          0x00000000        0x0 ./FreeRTOS/efm32gg/queue.o
 .data          0x00000000        0x0 ./FreeRTOS/efm32gg/queue.o
 .bss           0x00000000        0x0 ./FreeRTOS/efm32gg/queue.o
 .text.prvInitialiseMutex
                0x00000000       0x34 ./FreeRTOS/efm32gg/queue.o
 .text.xQueueCreateMutex
                0x00000000       0x30 ./FreeRTOS/efm32gg/queue.o
 .text.xQueueGiveFromISR
                0x00000000       0xec ./FreeRTOS/efm32gg/queue.o
 .text.xQueueReceiveFromISR
                0x00000000       0xdc ./FreeRTOS/efm32gg/queue.o
 .text.xQueuePeekFromISR
                0x00000000       0xa8 ./FreeRTOS/efm32gg/queue.o
 .text.uxQueueMessagesWaiting
                0x00000000       0x34 ./FreeRTOS/efm32gg/queue.o
 .text.uxQueueSpacesAvailable
                0x00000000       0x40 ./FreeRTOS/efm32gg/queue.o
 .text.uxQueueMessagesWaitingFromISR
                0x00000000       0x2c ./FreeRTOS/efm32gg/queue.o
 .text.vQueueDelete
                0x00000000       0x34 ./FreeRTOS/efm32gg/queue.o
 .text.xQueueIsQueueEmptyFromISR
                0x00000000       0x38 ./FreeRTOS/efm32gg/queue.o
 .text.xQueueIsQueueFullFromISR
                0x00000000       0x3c ./FreeRTOS/efm32gg/queue.o
 .text.pcQueueGetName
                0x00000000       0x4c ./FreeRTOS/efm32gg/queue.o
 .text.vQueueUnregisterQueue
                0x00000000       0x50 ./FreeRTOS/efm32gg/queue.o
 .text          0x00000000        0x0 ./FreeRTOS/efm32gg/tasks.o
 .data          0x00000000        0x0 ./FreeRTOS/efm32gg/tasks.o
 .bss           0x00000000        0x0 ./FreeRTOS/efm32gg/tasks.o
 .text.vTaskDelete
                0x00000000      0x114 ./FreeRTOS/efm32gg/tasks.o
 .text.vTaskDelayUntil
                0x00000000       0xd8 ./FreeRTOS/efm32gg/tasks.o
 .text.uxTaskPriorityGet
                0x00000000       0x34 ./FreeRTOS/efm32gg/tasks.o
 .text.uxTaskPriorityGetFromISR
                0x00000000       0x58 ./FreeRTOS/efm32gg/tasks.o
 .text.vTaskPrioritySet
                0x00000000      0x158 ./FreeRTOS/efm32gg/tasks.o
 .text.vTaskSuspend
                0x00000000      0x108 ./FreeRTOS/efm32gg/tasks.o
 .text.prvTaskIsTaskSuspended
                0x00000000       0x6c ./FreeRTOS/efm32gg/tasks.o
 .text.vTaskResume
                0x00000000       0xb4 ./FreeRTOS/efm32gg/tasks.o
 .text.xTaskResumeFromISR
                0x00000000       0xdc ./FreeRTOS/efm32gg/tasks.o
 .text.vTaskEndScheduler
                0x00000000       0x2c ./FreeRTOS/efm32gg/tasks.o
 .text.xTaskGetTickCountFromISR
                0x00000000       0x24 ./FreeRTOS/efm32gg/tasks.o
 .text.uxTaskGetNumberOfTasks
                0x00000000       0x18 ./FreeRTOS/efm32gg/tasks.o
 .text.pcTaskGetName
                0x00000000       0x3c ./FreeRTOS/efm32gg/tasks.o
 .text.vTaskPlaceOnUnorderedEventList
                0x00000000       0x64 ./FreeRTOS/efm32gg/tasks.o
 .text.xTaskRemoveFromUnorderedEventList
                0x00000000       0xc0 ./FreeRTOS/efm32gg/tasks.o
 .text.xTaskGetCurrentTaskHandle
                0x00000000       0x20 ./FreeRTOS/efm32gg/tasks.o
 .text.uxTaskResetEventItemValue
                0x00000000       0x30 ./FreeRTOS/efm32gg/tasks.o
 .text.ulTaskNotifyTake
                0x00000000       0x90 ./FreeRTOS/efm32gg/tasks.o
 .text.xTaskNotifyWait
                0x00000000       0xb4 ./FreeRTOS/efm32gg/tasks.o
 .text.xTaskGenericNotify
                0x00000000      0x13c ./FreeRTOS/efm32gg/tasks.o
 .text.xTaskGenericNotifyFromISR
                0x00000000      0x180 ./FreeRTOS/efm32gg/tasks.o
 .text.vTaskNotifyGiveFromISR
                0x00000000      0x110 ./FreeRTOS/efm32gg/tasks.o
 .text.xTaskNotifyStateClear
                0x00000000       0x4c ./FreeRTOS/efm32gg/tasks.o
 .text          0x00000000        0x0 ./FreeRTOS/efm32gg/timers.o
 .data          0x00000000        0x0 ./FreeRTOS/efm32gg/timers.o
 .bss           0x00000000        0x0 ./FreeRTOS/efm32gg/timers.o
 .text.xTimerCreate
                0x00000000       0x3c ./FreeRTOS/efm32gg/timers.o
 .text.prvInitialiseNewTimer
                0x00000000       0x5c ./FreeRTOS/efm32gg/timers.o
 .text.xTimerGetTimerDaemonTaskHandle
                0x00000000       0x28 ./FreeRTOS/efm32gg/timers.o
 .text.xTimerGetPeriod
                0x00000000       0x2c ./FreeRTOS/efm32gg/timers.o
 .text.xTimerGetExpiryTime
                0x00000000       0x30 ./FreeRTOS/efm32gg/timers.o
 .text.pcTimerGetName
                0x00000000       0x2c ./FreeRTOS/efm32gg/timers.o
 .text.xTimerIsTimerActive
                0x00000000       0x44 ./FreeRTOS/efm32gg/timers.o
 .text.pvTimerGetTimerID
                0x00000000       0x38 ./FreeRTOS/efm32gg/timers.o
 .text.vTimerSetTimerID
                0x00000000       0x38 ./FreeRTOS/efm32gg/timers.o
 .text          0x00000000        0x0 ./emlib/em_assert.o
 .data          0x00000000        0x0 ./emlib/em_assert.o
 .bss           0x00000000        0x0 ./emlib/em_assert.o
 .text          0x00000000        0x0 ./emlib/em_burtc.o
 .data          0x00000000        0x0 ./emlib/em_burtc.o
 .bss           0x00000000        0x0 ./emlib/em_burtc.o
 .text.BUS_RegBitWrite
                0x00000000       0x2c ./emlib/em_burtc.o
 .text.BUS_RegBitRead
                0x00000000       0x2c ./emlib/em_burtc.o
 .text.BURTC_IntClear
                0x00000000       0x1c ./emlib/em_burtc.o
 .rodata        0x00000000       0xcd ./emlib/em_burtc.o
 .text.BURTC_Enable
                0x00000000       0x5c ./emlib/em_burtc.o
 .text.BURTC_FreezeEnable
                0x00000000       0x20 ./emlib/em_burtc.o
 .text.divToLog2
                0x00000000       0x38 ./emlib/em_burtc.o
 .text.regSync  0x00000000       0x40 ./emlib/em_burtc.o
 .text.BURTC_Init
                0x00000000      0x11c ./emlib/em_burtc.o
 .text.BURTC_CompareSet
                0x00000000       0x34 ./emlib/em_burtc.o
 .text.BURTC_CompareGet
                0x00000000       0x2c ./emlib/em_burtc.o
 .text.BURTC_CounterReset
                0x00000000       0x20 ./emlib/em_burtc.o
 .text.BURTC_Reset
                0x00000000       0x3c ./emlib/em_burtc.o
 .text.BURTC_ClockFreqGet
                0x00000000       0x7c ./emlib/em_burtc.o
 .debug_info    0x00000000      0x627 ./emlib/em_burtc.o
 .debug_abbrev  0x00000000      0x1d8 ./emlib/em_burtc.o
 .debug_loc     0x00000000      0x41c ./emlib/em_burtc.o
 .debug_aranges
                0x00000000       0x80 ./emlib/em_burtc.o
 .debug_ranges  0x00000000       0x70 ./emlib/em_burtc.o
 .debug_line    0x00000000      0x4a9 ./emlib/em_burtc.o
 .debug_str     0x00000000      0x4cc ./emlib/em_burtc.o
 .comment       0x00000000       0x71 ./emlib/em_burtc.o
 .debug_frame   0x00000000      0x1ec ./emlib/em_burtc.o
 .ARM.attributes
                0x00000000       0x33 ./emlib/em_burtc.o
 .text          0x00000000        0x0 ./emlib/em_cmu.o
 .data          0x00000000        0x0 ./emlib/em_cmu.o
 .bss           0x00000000        0x0 ./emlib/em_cmu.o
 .text.BUS_RegMaskedWrite
                0x00000000       0x28 ./emlib/em_cmu.o
 .text.CMU_Log2ToDiv
                0x00000000       0x2c ./emlib/em_cmu.o
 .text.CMU_AUXHFRCOBandGet
                0x00000000       0x20 ./emlib/em_cmu.o
 .text.CMU_AUXHFRCOBandSet
                0x00000000       0xb8 ./emlib/em_cmu.o
 .text.CMU_Calibrate
                0x00000000       0xac ./emlib/em_cmu.o
 .text.CMU_CalibrateConfig
                0x00000000       0xfc ./emlib/em_cmu.o
 .text.CMU_CalibrateCountGet
                0x00000000       0x38 ./emlib/em_cmu.o
 .text.CMU_ClockDivGet
                0x00000000      0x194 ./emlib/em_cmu.o
 .text.CMU_FreezeEnable
                0x00000000       0x38 ./emlib/em_cmu.o
 .text.CMU_HFRCOBandGet
                0x00000000       0x20 ./emlib/em_cmu.o
 .text.CMU_HFRCOStartupDelayGet
                0x00000000       0x1c ./emlib/em_cmu.o
 .text.CMU_HFRCOStartupDelaySet
                0x00000000       0x40 ./emlib/em_cmu.o
 .text.CMU_HFXOInit
                0x00000000       0x6c ./emlib/em_cmu.o
 .text.CMU_LCDClkFDIVGet
                0x00000000       0x1c ./emlib/em_cmu.o
 .text.CMU_LFXOInit
                0x00000000       0x8c ./emlib/em_cmu.o
 .text.CMU_OscillatorTuningGet
                0x00000000       0x5c ./emlib/em_cmu.o
 .text.CMU_OscillatorTuningSet
                0x00000000       0xb0 ./emlib/em_cmu.o
 .text.CMU_PCNTClockExternalGet
                0x00000000       0x60 ./emlib/em_cmu.o
 .text.CMU_PCNTClockExternalSet
                0x00000000       0x48 ./emlib/em_cmu.o
 .text          0x00000000        0x0 ./emlib/em_core.o
 .data          0x00000000        0x0 ./emlib/em_core.o
 .bss           0x00000000        0x0 ./emlib/em_core.o
 .text.NVIC_GetPriority
                0x00000000       0x50 ./emlib/em_core.o
 .text.CORE_CriticalDisableIrq
                0x00000000       0x10 ./emlib/em_core.o
 .text.CORE_CriticalEnableIrq
                0x00000000       0x10 ./emlib/em_core.o
 .text.CORE_YieldCritical
                0x00000000       0x24 ./emlib/em_core.o
 .text.CORE_AtomicDisableIrq
                0x00000000       0x10 ./emlib/em_core.o
 .text.CORE_AtomicEnableIrq
                0x00000000       0x10 ./emlib/em_core.o
 .text.CORE_EnterAtomic
                0x00000000       0x20 ./emlib/em_core.o
 .text.CORE_ExitAtomic
                0x00000000       0x1c ./emlib/em_core.o
 .text.CORE_YieldAtomic
                0x00000000       0x24 ./emlib/em_core.o
 .text.CORE_EnterNvicMask
                0x00000000       0x38 ./emlib/em_core.o
 .text.CORE_NvicDisableMask
                0x00000000       0x2c ./emlib/em_core.o
 .text.CORE_NvicEnableMask
                0x00000000       0x2c ./emlib/em_core.o
 .text.CORE_YieldNvicMask
                0x00000000       0x88 ./emlib/em_core.o
 .rodata        0x00000000       0x64 ./emlib/em_core.o
 .text.CORE_NvicMaskSetIRQ
                0x00000000       0x58 ./emlib/em_core.o
 .text.CORE_NvicMaskClearIRQ
                0x00000000       0x58 ./emlib/em_core.o
 .text.CORE_InIrqContext
                0x00000000       0x24 ./emlib/em_core.o
 .text.CORE_IrqIsBlocked
                0x00000000       0xb8 ./emlib/em_core.o
 .text.CORE_IrqIsDisabled
                0x00000000       0x28 ./emlib/em_core.o
 .text.CORE_GetNvicEnabledMask
                0x00000000       0x2c ./emlib/em_core.o
 .text.CORE_GetNvicMaskDisableState
                0x00000000       0x54 ./emlib/em_core.o
 .text.CORE_NvicIRQDisabled
                0x00000000       0x5c ./emlib/em_core.o
 .text.CORE_GetNvicRamTableHandler
                0x00000000       0x48 ./emlib/em_core.o
 .text.CORE_SetNvicRamTableHandler
                0x00000000       0x4c ./emlib/em_core.o
 .text.CORE_InitNvicVectorTable
                0x00000000      0x10c ./emlib/em_core.o
 .text          0x00000000        0x0 ./emlib/em_emu.o
 .data          0x00000000        0x0 ./emlib/em_emu.o
 .bss           0x00000000        0x0 ./emlib/em_emu.o
 .text.BUS_RegBitWrite
                0x00000000       0x2c ./emlib/em_emu.o
 .text.EMU_BUPinEnable
                0x00000000       0x20 ./emlib/em_emu.o
 .text.EMU_MemPwrDown
                0x00000000       0x20 ./emlib/em_emu.o
 .text.EMU_RamPowerDown
                0x00000000       0x74 ./emlib/em_emu.o
 .text.EMU_UpdateOscConfig
                0x00000000        0xc ./emlib/em_emu.o
 .text.EMU_EM23Init
                0x00000000       0x34 ./emlib/em_emu.o
 .text.EMU_EM4Init
                0x00000000       0x58 ./emlib/em_emu.o
 .text.EMU_BUPDInit
                0x00000000       0xd4 ./emlib/em_emu.o
 .rodata        0x00000000       0x63 ./emlib/em_emu.o
 .text.EMU_BUThresholdSet
                0x00000000       0x6c ./emlib/em_emu.o
 .text.EMU_BUThresRangeSet
                0x00000000       0x70 ./emlib/em_emu.o
 .text          0x00000000        0x0 ./emlib/em_gpio.o
 .data          0x00000000        0x0 ./emlib/em_gpio.o
 .bss           0x00000000        0x0 ./emlib/em_gpio.o
 .text.BUS_RegBitWrite
                0x00000000       0x2c ./emlib/em_gpio.o
 .text.BUS_RegMaskedWrite
                0x00000000       0x28 ./emlib/em_gpio.o
 .text.GPIO_EM4SetPinRetention
                0x00000000       0x40 ./emlib/em_gpio.o
 .text.GPIO_DbgLocationSet
                0x00000000       0x3c ./emlib/em_gpio.o
 .text.GPIO_DriveModeSet
                0x00000000       0x78 ./emlib/em_gpio.o
 .text.GPIO_ExtIntConfig
                0x00000000      0x114 ./emlib/em_gpio.o
 .text.GPIO_PinModeGet
                0x00000000       0xcc ./emlib/em_gpio.o
 .text.GPIO_EM4EnablePinWakeup
                0x00000000       0x84 ./emlib/em_gpio.o
 .text          0x00000000        0x0 ./emlib/em_lcd.o
 .data          0x00000000        0x0 ./emlib/em_lcd.o
 .bss           0x00000000        0x0 ./emlib/em_lcd.o
 .text.LCD_AnimEnable
                0x00000000       0x38 ./emlib/em_lcd.o
 .text.LCD_FrameCountEnable
                0x00000000       0x38 ./emlib/em_lcd.o
 .text.LCD_UpdateCtrl
                0x00000000       0x28 ./emlib/em_lcd.o
 .text.LCD_FrameCountInit
                0x00000000       0x68 ./emlib/em_lcd.o
 .text.LCD_AnimInit
                0x00000000       0x9c ./emlib/em_lcd.o
 .text.LCD_ContrastSet
                0x00000000       0x38 ./emlib/em_lcd.o
 .text.LCD_BiasSet
                0x00000000       0x28 ./emlib/em_lcd.o
 .text.LCD_BiasSegmentSet
                0x00000000      0x11c ./emlib/em_lcd.o
 .text.LCD_BiasComSet
                0x00000000       0x50 ./emlib/em_lcd.o
 .text          0x00000000        0x0 ./emlib/em_rmu.o
 .data          0x00000000        0x0 ./emlib/em_rmu.o
 .bss           0x00000000        0x0 ./emlib/em_rmu.o
 .text.SL_CTZ   0x00000000       0x28 ./emlib/em_rmu.o
 .text.RMU_ResetControl
                0x00000000       0x3c ./emlib/em_rmu.o
 .text          0x00000000        0x0 ./emlib/em_rtc.o
 .data          0x00000000        0x0 ./emlib/em_rtc.o
 .bss           0x00000000        0x0 ./emlib/em_rtc.o
 .text.RTC_FreezeEnable
                0x00000000       0x2c ./emlib/em_rtc.o
 .text.RTC_Reset
                0x00000000       0x34 ./emlib/em_rtc.o
 .text.RTC_CounterReset
                0x00000000       0x14 ./emlib/em_rtc.o
 .text          0x00000000        0x0 ./emlib/em_system.o
 .data          0x00000000        0x0 ./emlib/em_system.o
 .bss           0x00000000        0x0 ./emlib/em_system.o
 .text.SYSTEM_GetCalibrationValue
                0x00000000       0x4c ./emlib/em_system.o
 .text          0x00000000        0x0 ./emlib/em_timer.o
 .data          0x00000000        0x0 ./emlib/em_timer.o
 .bss           0x00000000        0x0 ./emlib/em_timer.o
 .text.TIMER_EnableDTI
                0x00000000       0x4c ./emlib/em_timer.o
 .text.TIMER_GetDTIFault
                0x00000000       0x30 ./emlib/em_timer.o
 .text.TIMER_ClearDTIFault
                0x00000000       0x34 ./emlib/em_timer.o
 .text.TIMER_InitCC
                0x00000000       0xbc ./emlib/em_timer.o
 .text.TIMER_InitDTI
                0x00000000      0x11c ./emlib/em_timer.o
 .text.TIMER_Reset
                0x00000000       0xbc ./emlib/em_timer.o
 .text          0x00000000        0x0 ./src/low_power_tick_management.o
 .data          0x00000000        0x0 ./src/low_power_tick_management.o
 .bss           0x00000000        0x0 ./src/low_power_tick_management.o
 .rodata.ulReloadValueForOneTick
                0x00000000        0x4 ./src/low_power_tick_management.o
 .rodata.ulStoppedTimerCompensation
                0x00000000        0x4 ./src/low_power_tick_management.o
 .text          0x00000000        0x0 ./src/main.o
 .data          0x00000000        0x0 ./src/main.o
 .bss           0x00000000        0x0 ./src/main.o
 .text          0x00000000        0x0 c:/siliconlabs/simplicitystudio/v4/developer/toolchains/gnu_arm/4.9_2015q3/bin/../lib/gcc/arm-none-eabi/4.9.3/../../../../arm-none-eabi/lib/armv7-m\libc_nano.a(lib_a-abs.o)
 .data          0x00000000        0x0 c:/siliconlabs/simplicitystudio/v4/developer/toolchains/gnu_arm/4.9_2015q3/bin/../lib/gcc/arm-none-eabi/4.9.3/../../../../arm-none-eabi/lib/armv7-m\libc_nano.a(lib_a-abs.o)
 .bss           0x00000000        0x0 c:/siliconlabs/simplicitystudio/v4/developer/toolchains/gnu_arm/4.9_2015q3/bin/../lib/gcc/arm-none-eabi/4.9.3/../../../../arm-none-eabi/lib/armv7-m\libc_nano.a(lib_a-abs.o)
 .text.abs      0x00000000        0x8 c:/siliconlabs/simplicitystudio/v4/developer/toolchains/gnu_arm/4.9_2015q3/bin/../lib/gcc/arm-none-eabi/4.9.3/../../../../arm-none-eabi/lib/armv7-m\libc_nano.a(lib_a-abs.o)
 .debug_frame   0x00000000       0x20 c:/siliconlabs/simplicitystudio/v4/developer/toolchains/gnu_arm/4.9_2015q3/bin/../lib/gcc/arm-none-eabi/4.9.3/../../../../arm-none-eabi/lib/armv7-m\libc_nano.a(lib_a-abs.o)
 .ARM.attributes
                0x00000000       0x2d c:/siliconlabs/simplicitystudio/v4/developer/toolchains/gnu_arm/4.9_2015q3/bin/../lib/gcc/arm-none-eabi/4.9.3/../../../../arm-none-eabi/lib/armv7-m\libc_nano.a(lib_a-abs.o)
 .text          0x00000000        0x0 c:/siliconlabs/simplicitystudio/v4/developer/toolchains/gnu_arm/4.9_2015q3/bin/../lib/gcc/arm-none-eabi/4.9.3/../../../../arm-none-eabi/lib/armv7-m\libc_nano.a(lib_a-exit.o)
 .data          0x00000000        0x0 c:/siliconlabs/simplicitystudio/v4/developer/toolchains/gnu_arm/4.9_2015q3/bin/../lib/gcc/arm-none-eabi/4.9.3/../../../../arm-none-eabi/lib/armv7-m\libc_nano.a(lib_a-exit.o)
 .bss           0x00000000        0x0 c:/siliconlabs/simplicitystudio/v4/developer/toolchains/gnu_arm/4.9_2015q3/bin/../lib/gcc/arm-none-eabi/4.9.3/../../../../arm-none-eabi/lib/armv7-m\libc_nano.a(lib_a-exit.o)
 .text          0x00000000        0x0 c:/siliconlabs/simplicitystudio/v4/developer/toolchains/gnu_arm/4.9_2015q3/bin/../lib/gcc/arm-none-eabi/4.9.3/../../../../arm-none-eabi/lib/armv7-m\libc_nano.a(lib_a-impure.o)
 .data          0x00000000        0x0 c:/siliconlabs/simplicitystudio/v4/developer/toolchains/gnu_arm/4.9_2015q3/bin/../lib/gcc/arm-none-eabi/4.9.3/../../../../arm-none-eabi/lib/armv7-m\libc_nano.a(lib_a-impure.o)
 .bss           0x00000000        0x0 c:/siliconlabs/simplicitystudio/v4/developer/toolchains/gnu_arm/4.9_2015q3/bin/../lib/gcc/arm-none-eabi/4.9.3/../../../../arm-none-eabi/lib/armv7-m\libc_nano.a(lib_a-impure.o)
 .data._impure_ptr
                0x00000000        0x4 c:/siliconlabs/simplicitystudio/v4/developer/toolchains/gnu_arm/4.9_2015q3/bin/../lib/gcc/arm-none-eabi/4.9.3/../../../../arm-none-eabi/lib/armv7-m\libc_nano.a(lib_a-impure.o)
 .text          0x00000000        0x0 c:/siliconlabs/simplicitystudio/v4/developer/toolchains/gnu_arm/4.9_2015q3/bin/../lib/gcc/arm-none-eabi/4.9.3/../../../../arm-none-eabi/lib/armv7-m\libc_nano.a(lib_a-init.o)
 .data          0x00000000        0x0 c:/siliconlabs/simplicitystudio/v4/developer/toolchains/gnu_arm/4.9_2015q3/bin/../lib/gcc/arm-none-eabi/4.9.3/../../../../arm-none-eabi/lib/armv7-m\libc_nano.a(lib_a-init.o)
 .bss           0x00000000        0x0 c:/siliconlabs/simplicitystudio/v4/developer/toolchains/gnu_arm/4.9_2015q3/bin/../lib/gcc/arm-none-eabi/4.9.3/../../../../arm-none-eabi/lib/armv7-m\libc_nano.a(lib_a-init.o)
 .text          0x00000000        0x0 c:/siliconlabs/simplicitystudio/v4/developer/toolchains/gnu_arm/4.9_2015q3/bin/../lib/gcc/arm-none-eabi/4.9.3/../../../../arm-none-eabi/lib/armv7-m\libc_nano.a(lib_a-memcpy.o)
 .data          0x00000000        0x0 c:/siliconlabs/simplicitystudio/v4/developer/toolchains/gnu_arm/4.9_2015q3/bin/../lib/gcc/arm-none-eabi/4.9.3/../../../../arm-none-eabi/lib/armv7-m\libc_nano.a(lib_a-memcpy.o)
 .bss           0x00000000        0x0 c:/siliconlabs/simplicitystudio/v4/developer/toolchains/gnu_arm/4.9_2015q3/bin/../lib/gcc/arm-none-eabi/4.9.3/../../../../arm-none-eabi/lib/armv7-m\libc_nano.a(lib_a-memcpy.o)
 .text          0x00000000        0x0 c:/siliconlabs/simplicitystudio/v4/developer/toolchains/gnu_arm/4.9_2015q3/bin/../lib/gcc/arm-none-eabi/4.9.3/../../../../arm-none-eabi/lib/armv7-m\libc_nano.a(lib_a-memset.o)
 .data          0x00000000        0x0 c:/siliconlabs/simplicitystudio/v4/developer/toolchains/gnu_arm/4.9_2015q3/bin/../lib/gcc/arm-none-eabi/4.9.3/../../../../arm-none-eabi/lib/armv7-m\libc_nano.a(lib_a-memset.o)
 .bss           0x00000000        0x0 c:/siliconlabs/simplicitystudio/v4/developer/toolchains/gnu_arm/4.9_2015q3/bin/../lib/gcc/arm-none-eabi/4.9.3/../../../../arm-none-eabi/lib/armv7-m\libc_nano.a(lib_a-memset.o)
 .text          0x00000000        0x0 c:/siliconlabs/simplicitystudio/v4/developer/toolchains/gnu_arm/4.9_2015q3/bin/../lib/gcc/arm-none-eabi/4.9.3/../../../../arm-none-eabi/lib/armv7-m\libc_nano.a(lib_a-strlen.o)
 .data          0x00000000        0x0 c:/siliconlabs/simplicitystudio/v4/developer/toolchains/gnu_arm/4.9_2015q3/bin/../lib/gcc/arm-none-eabi/4.9.3/../../../../arm-none-eabi/lib/armv7-m\libc_nano.a(lib_a-strlen.o)
 .bss           0x00000000        0x0 c:/siliconlabs/simplicitystudio/v4/developer/toolchains/gnu_arm/4.9_2015q3/bin/../lib/gcc/arm-none-eabi/4.9.3/../../../../arm-none-eabi/lib/armv7-m\libc_nano.a(lib_a-strlen.o)
 .text          0x00000000        0x0 c:/siliconlabs/simplicitystudio/v4/developer/toolchains/gnu_arm/4.9_2015q3/bin/../lib/gcc/arm-none-eabi/4.9.3/../../../../arm-none-eabi/lib/armv7-m\libnosys.a(_exit.o)
 .data          0x00000000        0x0 c:/siliconlabs/simplicitystudio/v4/developer/toolchains/gnu_arm/4.9_2015q3/bin/../lib/gcc/arm-none-eabi/4.9.3/../../../../arm-none-eabi/lib/armv7-m\libnosys.a(_exit.o)
 .bss           0x00000000        0x0 c:/siliconlabs/simplicitystudio/v4/developer/toolchains/gnu_arm/4.9_2015q3/bin/../lib/gcc/arm-none-eabi/4.9.3/../../../../arm-none-eabi/lib/armv7-m\libnosys.a(_exit.o)
 .text          0x00000000        0x0 c:/siliconlabs/simplicitystudio/v4/developer/toolchains/gnu_arm/4.9_2015q3/bin/../lib/gcc/arm-none-eabi/4.9.3/armv7-m/crtend.o
 .data          0x00000000        0x0 c:/siliconlabs/simplicitystudio/v4/developer/toolchains/gnu_arm/4.9_2015q3/bin/../lib/gcc/arm-none-eabi/4.9.3/armv7-m/crtend.o
 .bss           0x00000000        0x0 c:/siliconlabs/simplicitystudio/v4/developer/toolchains/gnu_arm/4.9_2015q3/bin/../lib/gcc/arm-none-eabi/4.9.3/armv7-m/crtend.o
 .text          0x00000000        0x0 c:/siliconlabs/simplicitystudio/v4/developer/toolchains/gnu_arm/4.9_2015q3/bin/../lib/gcc/arm-none-eabi/4.9.3/armv7-m/crtn.o
 .data          0x00000000        0x0 c:/siliconlabs/simplicitystudio/v4/developer/toolchains/gnu_arm/4.9_2015q3/bin/../lib/gcc/arm-none-eabi/4.9.3/armv7-m/crtn.o
 .bss           0x00000000        0x0 c:/siliconlabs/simplicitystudio/v4/developer/toolchains/gnu_arm/4.9_2015q3/bin/../lib/gcc/arm-none-eabi/4.9.3/armv7-m/crtn.o

Memory Configuration

Name             Origin             Length             Attributes
FLASH            0x00000000         0x00100000         xr
RAM              0x20000000         0x00020000         xrw
*default*        0x00000000         0xffffffff

Linker script and memory map

LOAD c:/siliconlabs/simplicitystudio/v4/developer/toolchains/gnu_arm/4.9_2015q3/bin/../lib/gcc/arm-none-eabi/4.9.3/armv7-m/crti.o
LOAD c:/siliconlabs/simplicitystudio/v4/developer/toolchains/gnu_arm/4.9_2015q3/bin/../lib/gcc/arm-none-eabi/4.9.3/armv7-m/crtbegin.o
LOAD c:/siliconlabs/simplicitystudio/v4/developer/toolchains/gnu_arm/4.9_2015q3/bin/../lib/gcc/arm-none-eabi/4.9.3/../../../../arm-none-eabi/lib/armv7-m/crt0.o
LOAD ./BSP/bsp_trace.o
LOAD ./CMSIS/EFM32GG/startup_efm32gg.o
LOAD ./CMSIS/EFM32GG/system_efm32gg.o
LOAD ./Drivers/segmentlcd.o
LOAD ./Drivers/sleep.o
LOAD ./FreeRTOS/efm32gg/croutine.o
LOAD ./FreeRTOS/efm32gg/event_groups.o
LOAD ./FreeRTOS/efm32gg/heap_1.o
LOAD ./FreeRTOS/efm32gg/list.o
LOAD ./FreeRTOS/efm32gg/port.o
LOAD ./FreeRTOS/efm32gg/queue.o
LOAD ./FreeRTOS/efm32gg/tasks.o
LOAD ./FreeRTOS/efm32gg/timers.o
LOAD ./emlib/em_assert.o
LOAD ./emlib/em_burtc.o
LOAD ./emlib/em_cmu.o
LOAD ./emlib/em_core.o
LOAD ./emlib/em_emu.o
LOAD ./emlib/em_gpio.o
LOAD ./emlib/em_lcd.o
LOAD ./emlib/em_rmu.o
LOAD ./emlib/em_rtc.o
LOAD ./emlib/em_system.o
LOAD ./emlib/em_timer.o
LOAD ./src/low_power_tick_management.o
LOAD ./src/main.o
START GROUP
LOAD c:/siliconlabs/simplicitystudio/v4/developer/toolchains/gnu_arm/4.9_2015q3/bin/../lib/gcc/arm-none-eabi/4.9.3/armv7-m\libgcc.a
LOAD c:/siliconlabs/simplicitystudio/v4/developer/toolchains/gnu_arm/4.9_2015q3/bin/../lib/gcc/arm-none-eabi/4.9.3/../../../../arm-none-eabi/lib/armv7-m\libc_nano.a
LOAD c:/siliconlabs/simplicitystudio/v4/developer/toolchains/gnu_arm/4.9_2015q3/bin/../lib/gcc/arm-none-eabi/4.9.3/../../../../arm-none-eabi/lib/armv7-m\libnosys.a
END GROUP
START GROUP
LOAD c:/siliconlabs/simplicitystudio/v4/developer/toolchains/gnu_arm/4.9_2015q3/bin/../lib/gcc/arm-none-eabi/4.9.3/armv7-m\libgcc.a
LOAD c:/siliconlabs/simplicitystudio/v4/developer/toolchains/gnu_arm/4.9_2015q3/bin/../lib/gcc/arm-none-eabi/4.9.3/../../../../arm-none-eabi/lib/armv7-m\libg_nano.a
LOAD c:/siliconlabs/simplicitystudio/v4/developer/toolchains/gnu_arm/4.9_2015q3/bin/../lib/gcc/arm-none-eabi/4.9.3/../../../../arm-none-eabi/lib/armv7-m\libc_nano.a
END GROUP
START GROUP
LOAD c:/siliconlabs/simplicitystudio/v4/developer/toolchains/gnu_arm/4.9_2015q3/bin/../lib/gcc/arm-none-eabi/4.9.3/armv7-m\libgcc.a
LOAD c:/siliconlabs/simplicitystudio/v4/developer/toolchains/gnu_arm/4.9_2015q3/bin/../lib/gcc/arm-none-eabi/4.9.3/../../../../arm-none-eabi/lib/armv7-m\libc_nano.a
END GROUP
LOAD c:/siliconlabs/simplicitystudio/v4/developer/toolchains/gnu_arm/4.9_2015q3/bin/../lib/gcc/arm-none-eabi/4.9.3/armv7-m/crtend.o
LOAD c:/siliconlabs/simplicitystudio/v4/developer/toolchains/gnu_arm/4.9_2015q3/bin/../lib/gcc/arm-none-eabi/4.9.3/armv7-m/crtn.o

.text           0x00000000     0x62b0
 *(.vectors)
 .vectors       0x00000000       0xdc ./CMSIS/EFM32GG/startup_efm32gg.o
                0x00000000                __Vectors
                0x000000dc                __Vectors_End = .
                0x000000dc                __Vectors_Size = (__Vectors_End - __Vectors)
                0x000000dc                __end__ = .
 *(.text*)
 .text          0x000000dc       0x5c c:/siliconlabs/simplicitystudio/v4/developer/toolchains/gnu_arm/4.9_2015q3/bin/../lib/gcc/arm-none-eabi/4.9.3/armv7-m/crtbegin.o
 .text          0x00000138       0x74 c:/siliconlabs/simplicitystudio/v4/developer/toolchains/gnu_arm/4.9_2015q3/bin/../lib/gcc/arm-none-eabi/4.9.3/../../../../arm-none-eabi/lib/armv7-m/crt0.o
                0x00000138                _start
                0x00000138                _mainCRTStartup
 .text.BSP_TraceProfilerSetup
                0x000001ac      0x118 ./BSP/bsp_trace.o
                0x000001ac                BSP_TraceProfilerSetup
 .text          0x000002c4       0x30 ./CMSIS/EFM32GG/startup_efm32gg.o
                0x000002c4                Reset_Handler
                0x000002f0                DebugMon_Handler
                0x000002f0                USART0_TX_IRQHandler
                0x000002f0                I2C0_IRQHandler
                0x000002f0                HardFault_Handler
                0x000002f0                LEUART1_IRQHandler
                0x000002f0                USART1_RX_IRQHandler
                0x000002f0                NMI_Handler
                0x000002f0                I2C1_IRQHandler
                0x000002f0                TIMER3_IRQHandler
                0x000002f0                USART1_TX_IRQHandler
                0x000002f0                MSC_IRQHandler
                0x000002f0                ADC0_IRQHandler
                0x000002f0                UsageFault_Handler
                0x000002f0                LEUART0_IRQHandler
                0x000002f0                UART0_TX_IRQHandler
                0x000002f0                UART1_TX_IRQHandler
                0x000002f0                TIMER0_IRQHandler
                0x000002f0                TIMER2_IRQHandler
                0x000002f0                LCD_IRQHandler
                0x000002f0                PCNT2_IRQHandler
                0x000002f0                UART0_RX_IRQHandler
                0x000002f0                LETIMER0_IRQHandler
                0x000002f0                TIMER1_IRQHandler
                0x000002f0                USART2_RX_IRQHandler
                0x000002f0                Default_Handler
                0x000002f0                EMU_IRQHandler
                0x000002f0                PCNT0_IRQHandler
                0x000002f0                USB_IRQHandler
                0x000002f0                BURTC_IRQHandler
                0x000002f0                PCNT1_IRQHandler
                0x000002f0                ACMP0_IRQHandler
                0x000002f0                USART0_RX_IRQHandler
                0x000002f0                MemManage_Handler
                0x000002f0                DAC0_IRQHandler
                0x000002f0                UART1_RX_IRQHandler
                0x000002f0                CMU_IRQHandler
                0x000002f0                EBI_IRQHandler
                0x000002f0                LESENSE_IRQHandler
                0x000002f0                GPIO_ODD_IRQHandler
                0x000002f0                AES_IRQHandler
                0x000002f0                VCMP_IRQHandler
                0x000002f0                DMA_IRQHandler
                0x000002f0                BusFault_Handler
                0x000002f0                USART2_TX_IRQHandler
 .text.GetProdRev
                0x000002f4       0x1c ./CMSIS/EFM32GG/system_efm32gg.o
 .text.SystemCoreClockGet
                0x00000310       0x34 ./CMSIS/EFM32GG/system_efm32gg.o
                0x00000310                SystemCoreClockGet
 .text.SystemMaxCoreClockGet
                0x00000344       0x14 ./CMSIS/EFM32GG/system_efm32gg.o
                0x00000344                SystemMaxCoreClockGet
 .text.SystemHFClockGet
                0x00000358      0x100 ./CMSIS/EFM32GG/system_efm32gg.o
                0x00000358                SystemHFClockGet
 .text.SystemHFXOClockGet
                0x00000458       0x18 ./CMSIS/EFM32GG/system_efm32gg.o
                0x00000458                SystemHFXOClockGet
 .text.SystemInit
                0x00000470        0xc ./CMSIS/EFM32GG/system_efm32gg.o
                0x00000470                SystemInit
 .text.SystemLFRCOClockGet
                0x0000047c       0x14 ./CMSIS/EFM32GG/system_efm32gg.o
                0x0000047c                SystemLFRCOClockGet
 .text.SystemULFRCOClockGet
                0x00000490       0x14 ./CMSIS/EFM32GG/system_efm32gg.o
                0x00000490                SystemULFRCOClockGet
 .text.SystemLFXOClockGet
                0x000004a4       0x18 ./CMSIS/EFM32GG/system_efm32gg.o
                0x000004a4                SystemLFXOClockGet
 .text.LCD_FreezeEnable
                0x000004bc       0x2c ./Drivers/segmentlcd.o
 .text.LCD_SyncBusyDelay
                0x000004e8       0x24 ./Drivers/segmentlcd.o
 .text.LCD_IntDisable
                0x0000050c       0x24 ./Drivers/segmentlcd.o
 .text.SegmentLCD_AllOff
                0x00000530       0xac ./Drivers/segmentlcd.o
                0x00000530                SegmentLCD_AllOff
 .text.SegmentLCD_AlphaNumberOff
                0x000005dc       0xa8 ./Drivers/segmentlcd.o
                0x000005dc                SegmentLCD_AlphaNumberOff
 .text.SegmentLCD_Init
                0x00000684       0xb8 ./Drivers/segmentlcd.o
                0x00000684                SegmentLCD_Init
 .text.SegmentLCD_Write
                0x0000073c       0xd8 ./Drivers/segmentlcd.o
                0x0000073c                SegmentLCD_Write
 .text.BUS_RegBitWrite
                0x00000814       0x2c ./Drivers/sleep.o
 .text.EMU_EnterEM1
                0x00000840       0x20 ./Drivers/sleep.o
 .text.EMU_EM2Block
                0x00000860       0x14 ./Drivers/sleep.o
 .text.sleepCallbackWrapper
                0x00000874       0x2c ./Drivers/sleep.o
 .text.SLEEP_Init
                0x000008a0       0x60 ./Drivers/sleep.o
                0x000008a0                SLEEP_Init
 .text.SLEEP_Sleep
                0x00000900       0x90 ./Drivers/sleep.o
                0x00000900                SLEEP_Sleep
 .text.SLEEP_SleepBlockBegin
                0x00000990       0x6c ./Drivers/sleep.o
                0x00000990                SLEEP_SleepBlockBegin
 .text.SLEEP_LowestEnergyModeGet
                0x000009fc       0x40 ./Drivers/sleep.o
                0x000009fc                SLEEP_LowestEnergyModeGet
 .text.enterEMx
                0x00000a3c       0xac ./Drivers/sleep.o
 .text.pvPortMalloc
                0x00000ae8       0x8c ./FreeRTOS/efm32gg/heap_1.o
                0x00000ae8                pvPortMalloc
 .text.vPortFree
                0x00000b74       0x20 ./FreeRTOS/efm32gg/heap_1.o
                0x00000b74                vPortFree
 .text.vListInitialise
                0x00000b94       0x40 ./FreeRTOS/efm32gg/list.o
                0x00000b94                vListInitialise
 .text.vListInitialiseItem
                0x00000bd4       0x18 ./FreeRTOS/efm32gg/list.o
                0x00000bd4                vListInitialiseItem
 .text.vListInsertEnd
                0x00000bec       0x48 ./FreeRTOS/efm32gg/list.o
                0x00000bec                vListInsertEnd
 .text.vListInsert
                0x00000c34       0x70 ./FreeRTOS/efm32gg/list.o
                0x00000c34                vListInsert
 .text.uxListRemove
                0x00000ca4       0x54 ./FreeRTOS/efm32gg/list.o
                0x00000ca4                uxListRemove
 .text.pxPortInitialiseStack
                0x00000cf8       0x5c ./FreeRTOS/efm32gg/port.o
                0x00000cf8                pxPortInitialiseStack
 .text.prvTaskExitError
                0x00000d54       0x34 ./FreeRTOS/efm32gg/port.o
 *fill*         0x00000d88        0x8 
 .text.SVC_Handler
                0x00000d90       0x24 ./FreeRTOS/efm32gg/port.o
                0x00000d90                SVC_Handler
 .text.prvPortStartFirstTask
                0x00000db4       0x20 ./FreeRTOS/efm32gg/port.o
 .text.xPortStartScheduler
                0x00000dd4       0xbc ./FreeRTOS/efm32gg/port.o
                0x00000dd4                xPortStartScheduler
 .text.vPortEnterCritical
                0x00000e90       0x50 ./FreeRTOS/efm32gg/port.o
                0x00000e90                vPortEnterCritical
 .text.vPortExitCritical
                0x00000ee0       0x44 ./FreeRTOS/efm32gg/port.o
                0x00000ee0                vPortExitCritical
 *fill*         0x00000f24        0xc 
 .text.PendSV_Handler
                0x00000f30       0x44 ./FreeRTOS/efm32gg/port.o
                0x00000f30                PendSV_Handler
 .text.SysTick_Handler
                0x00000f74       0x40 ./FreeRTOS/efm32gg/port.o
                0x00000f74                SysTick_Handler
 .text.vPortValidateInterruptPriority
                0x00000fb4       0x64 ./FreeRTOS/efm32gg/port.o
                0x00000fb4                vPortValidateInterruptPriority
 .text.xQueueGenericReset
                0x00001018       0xc8 ./FreeRTOS/efm32gg/queue.o
                0x00001018                xQueueGenericReset
 .text.xQueueGenericCreate
                0x000010e0       0x6c ./FreeRTOS/efm32gg/queue.o
                0x000010e0                xQueueGenericCreate
 .text.prvInitialiseNewQueue
                0x0000114c       0x3c ./FreeRTOS/efm32gg/queue.o
 .text.xQueueGenericSend
                0x00001188      0x1bc ./FreeRTOS/efm32gg/queue.o
                0x00001188                xQueueGenericSend
 .text.xQueueGenericSendFromISR
                0x00001344       0xfc ./FreeRTOS/efm32gg/queue.o
                0x00001344                xQueueGenericSendFromISR
 .text.xQueueGenericReceive
                0x00001440      0x1fc ./FreeRTOS/efm32gg/queue.o
                0x00001440                xQueueGenericReceive
 .text.prvCopyDataToQueue
                0x0000163c       0xd8 ./FreeRTOS/efm32gg/queue.o
 .text.prvCopyDataFromQueue
                0x00001714       0x4c ./FreeRTOS/efm32gg/queue.o
 .text.prvUnlockQueue
                0x00001760       0xa4 ./FreeRTOS/efm32gg/queue.o
 .text.prvIsQueueEmpty
                0x00001804       0x2c ./FreeRTOS/efm32gg/queue.o
 .text.prvIsQueueFull
                0x00001830       0x30 ./FreeRTOS/efm32gg/queue.o
 .text.vQueueAddToRegistry
                0x00001860       0x50 ./FreeRTOS/efm32gg/queue.o
                0x00001860                vQueueAddToRegistry
 .text.vQueueWaitForMessageRestricted
                0x000018b0       0x6c ./FreeRTOS/efm32gg/queue.o
                0x000018b0                vQueueWaitForMessageRestricted
 .text.xTaskCreate
                0x0000191c       0x84 ./FreeRTOS/efm32gg/tasks.o
                0x0000191c                xTaskCreate
 .text.prvInitialiseNewTask
                0x000019a0       0xf4 ./FreeRTOS/efm32gg/tasks.o
 .text.prvAddNewTaskToReadyList
                0x00001a94       0xd8 ./FreeRTOS/efm32gg/tasks.o
 .text.vTaskDelay
                0x00001b6c       0x60 ./FreeRTOS/efm32gg/tasks.o
                0x00001b6c                vTaskDelay
 .text.vTaskStartScheduler
                0x00001bcc       0x90 ./FreeRTOS/efm32gg/tasks.o
                0x00001bcc                vTaskStartScheduler
 .text.vTaskSuspendAll
                0x00001c5c       0x1c ./FreeRTOS/efm32gg/tasks.o
                0x00001c5c                vTaskSuspendAll
 .text.prvGetExpectedIdleTime
                0x00001c78       0x74 ./FreeRTOS/efm32gg/tasks.o
 .text.xTaskResumeAll
                0x00001cec      0x134 ./FreeRTOS/efm32gg/tasks.o
                0x00001cec                xTaskResumeAll
 .text.xTaskGetTickCount
                0x00001e20       0x20 ./FreeRTOS/efm32gg/tasks.o
                0x00001e20                xTaskGetTickCount
 .text.vTaskStepTick
                0x00001e40       0x40 ./FreeRTOS/efm32gg/tasks.o
                0x00001e40                vTaskStepTick
 .text.xTaskIncrementTick
                0x00001e80      0x178 ./FreeRTOS/efm32gg/tasks.o
                0x00001e80                xTaskIncrementTick
 .text.vTaskSwitchContext
                0x00001ff8       0xa8 ./FreeRTOS/efm32gg/tasks.o
                0x00001ff8                vTaskSwitchContext
 .text.vTaskPlaceOnEventList
                0x000020a0       0x40 ./FreeRTOS/efm32gg/tasks.o
                0x000020a0                vTaskPlaceOnEventList
 .text.vTaskPlaceOnEventListRestricted
                0x000020e0       0x4c ./FreeRTOS/efm32gg/tasks.o
                0x000020e0                vTaskPlaceOnEventListRestricted
 .text.xTaskRemoveFromEventList
                0x0000212c       0xc4 ./FreeRTOS/efm32gg/tasks.o
                0x0000212c                xTaskRemoveFromEventList
 .text.vTaskSetTimeOutState
                0x000021f0       0x3c ./FreeRTOS/efm32gg/tasks.o
                0x000021f0                vTaskSetTimeOutState
 .text.xTaskCheckForTimeOut
                0x0000222c       0xac ./FreeRTOS/efm32gg/tasks.o
                0x0000222c                xTaskCheckForTimeOut
 .text.vTaskMissedYield
                0x000022d8       0x18 ./FreeRTOS/efm32gg/tasks.o
                0x000022d8                vTaskMissedYield
 .text.prvIdleTask
                0x000022f0       0x58 ./FreeRTOS/efm32gg/tasks.o
 .text.eTaskConfirmSleepModeStatus
                0x00002348       0x5c ./FreeRTOS/efm32gg/tasks.o
                0x00002348                eTaskConfirmSleepModeStatus
 .text.prvInitialiseTaskLists
                0x000023a4       0x7c ./FreeRTOS/efm32gg/tasks.o
 .text.prvCheckTasksWaitingTermination
                0x00002420       0x74 ./FreeRTOS/efm32gg/tasks.o
 .text.prvDeleteTCB
                0x00002494       0x20 ./FreeRTOS/efm32gg/tasks.o
 .text.prvResetNextTaskUnblockTime
                0x000024b4       0x48 ./FreeRTOS/efm32gg/tasks.o
 .text.xTaskGetSchedulerState
                0x000024fc       0x3c ./FreeRTOS/efm32gg/tasks.o
                0x000024fc                xTaskGetSchedulerState
 .text.vTaskPriorityInherit
                0x00002538       0xf0 ./FreeRTOS/efm32gg/tasks.o
                0x00002538                vTaskPriorityInherit
 .text.xTaskPriorityDisinherit
                0x00002628       0xfc ./FreeRTOS/efm32gg/tasks.o
                0x00002628                xTaskPriorityDisinherit
 .text.pvTaskIncrementMutexHeldCount
                0x00002724       0x28 ./FreeRTOS/efm32gg/tasks.o
                0x00002724                pvTaskIncrementMutexHeldCount
 .text.prvAddCurrentTaskToDelayedList
                0x0000274c       0xc8 ./FreeRTOS/efm32gg/tasks.o
 .text.xTimerCreateTimerTask
                0x00002814       0x5c ./FreeRTOS/efm32gg/timers.o
                0x00002814                xTimerCreateTimerTask
 .text.xTimerGenericCommand
                0x00002870       0xa0 ./FreeRTOS/efm32gg/timers.o
                0x00002870                xTimerGenericCommand
 .text.prvProcessExpiredTimer
                0x00002910       0x78 ./FreeRTOS/efm32gg/timers.o
 .text.prvTimerTask
                0x00002988       0x24 ./FreeRTOS/efm32gg/timers.o
 .text.prvProcessTimerOrBlockTask
                0x000029ac       0x9c ./FreeRTOS/efm32gg/timers.o
 .text.prvGetNextExpireTime
                0x00002a48       0x48 ./FreeRTOS/efm32gg/timers.o
 .text.prvSampleTimeNow
                0x00002a90       0x40 ./FreeRTOS/efm32gg/timers.o
 .text.prvInsertTimerInActiveList
                0x00002ad0       0x84 ./FreeRTOS/efm32gg/timers.o
 .text.prvProcessReceivedCommands
                0x00002b54      0x11c ./FreeRTOS/efm32gg/timers.o
 .text.prvSwitchTimerLists
                0x00002c70       0xb8 ./FreeRTOS/efm32gg/timers.o
 .text.prvCheckForValidListAndQueue
                0x00002d28       0x6c ./FreeRTOS/efm32gg/timers.o
 .text.assertEFM
                0x00002d94        0xc ./emlib/em_assert.o
                0x00002d94                assertEFM
 .text.BUS_RegBitWrite
                0x00002da0       0x2c ./emlib/em_cmu.o
 .text.BUS_RegBitRead
                0x00002dcc       0x2c ./emlib/em_cmu.o
 .text.CMU_DivToLog2
                0x00002df8       0x3c ./emlib/em_cmu.o
 .text.SYSTEM_GetProdRev
                0x00002e34       0x1c ./emlib/em_cmu.o
 .text.SYSTEM_GetFamily
                0x00002e50       0x20 ./emlib/em_cmu.o
 .text.maxFreqHfle
                0x00002e70       0x84 ./emlib/em_cmu.o
 .text.setHfLeConfig
                0x00002ef4       0x60 ./emlib/em_cmu.o
 .text.getHfLeConfig
                0x00002f54       0x20 ./emlib/em_cmu.o
 .text.auxClkGet
                0x00002f74       0xc0 ./emlib/em_cmu.o
 .text.dbgClkGet
                0x00003034       0x4c ./emlib/em_cmu.o
 .text.flashWaitStateControl
                0x00003080       0x98 ./emlib/em_cmu.o
 .text.flashWaitStateMax
                0x00003118       0x40 ./emlib/em_cmu.o
 .text.CMU_UpdateWaitStates
                0x00003158       0x40 ./emlib/em_cmu.o
                0x00003158                CMU_UpdateWaitStates
 .text.lfClkGet
                0x00003198      0x10c ./emlib/em_cmu.o
 .text.syncReg  0x000032a4       0x34 ./emlib/em_cmu.o
 .text.usbCClkGet
                0x000032d8       0x4c ./emlib/em_cmu.o
 .text.CMU_ClockDivSet
                0x00003324      0x2c4 ./emlib/em_cmu.o
                0x00003324                CMU_ClockDivSet
 .text.CMU_ClockEnable
                0x000035e8       0xdc ./emlib/em_cmu.o
                0x000035e8                CMU_ClockEnable
 .text.CMU_ClockFreqGet
                0x000036c4      0x1e4 ./emlib/em_cmu.o
                0x000036c4                CMU_ClockFreqGet
 .text.CMU_ClockSelectGet
                0x000038a8      0x168 ./emlib/em_cmu.o
                0x000038a8                CMU_ClockSelectGet
 .text.CMU_ClockSelectSet
                0x00003a10      0x2d8 ./emlib/em_cmu.o
                0x00003a10                CMU_ClockSelectSet
 .text.CMU_HFRCOBandSet
                0x00003ce8       0xec ./emlib/em_cmu.o
                0x00003ce8                CMU_HFRCOBandSet
 .text.CMU_LCDClkFDIVSet
                0x00003dd4       0x4c ./emlib/em_cmu.o
                0x00003dd4                CMU_LCDClkFDIVSet
 .text.CMU_OscillatorEnable
                0x00003e20       0xc8 ./emlib/em_cmu.o
                0x00003e20                CMU_OscillatorEnable
 .text.CORE_EnterCritical
                0x00003ee8       0x20 ./emlib/em_core.o
                0x00003ee8                CORE_EnterCritical
 .text.CORE_ExitCritical
                0x00003f08       0x1c ./emlib/em_core.o
                0x00003f08                CORE_ExitCritical
 .text.SystemCoreClockUpdate
                0x00003f24        0xc ./emlib/em_emu.o
 .text.EMU_Unlock
                0x00003f30       0x18 ./emlib/em_emu.o
 .text.CMU_Lock
                0x00003f48       0x18 ./emlib/em_emu.o
 .text.CMU_Unlock
                0x00003f60       0x1c ./emlib/em_emu.o
 .text.emState  0x00003f7c       0xcc ./emlib/em_emu.o
 .text.getErrataFixEmuE107En
                0x00004048       0x64 ./emlib/em_emu.o
 .text.EMU_EnterEM2
                0x000040ac       0x8c ./emlib/em_emu.o
                0x000040ac                EMU_EnterEM2
 .text.EMU_EnterEM3
                0x00004138       0xb4 ./emlib/em_emu.o
                0x00004138                EMU_EnterEM3
 .text.EMU_Save
                0x000041ec        0xc ./emlib/em_emu.o
                0x000041ec                EMU_Save
 .text.EMU_Restore
                0x000041f8        0xc ./emlib/em_emu.o
                0x000041f8                EMU_Restore
 .text.EMU_EnterEM4
                0x00004204       0x50 ./emlib/em_emu.o
                0x00004204                EMU_EnterEM4
 .text.GPIO_PinOutClear
                0x00004254       0x98 ./emlib/em_gpio.o
 .text.GPIO_PinOutSet
                0x000042ec       0x98 ./emlib/em_gpio.o
 .text.GPIO_PinModeSet
                0x00004384      0x150 ./emlib/em_gpio.o
                0x00004384                GPIO_PinModeSet
 .text.LCD_Enable
                0x000044d4       0x38 ./emlib/em_lcd.o
 .text.BUS_RegBitWrite
                0x0000450c       0x2c ./emlib/em_lcd.o
 .text.LCD_Init
                0x00004538       0x88 ./emlib/em_lcd.o
                0x00004538                LCD_Init
 .text.LCD_VLCDSelect
                0x000045c0       0x44 ./emlib/em_lcd.o
                0x000045c0                LCD_VLCDSelect
 .text.LCD_SegmentRangeEnable
                0x00004604       0x40 ./emlib/em_lcd.o
                0x00004604                LCD_SegmentRangeEnable
 .text.LCD_SegmentSet
                0x00004644      0x214 ./emlib/em_lcd.o
                0x00004644                LCD_SegmentSet
 .text.LCD_SegmentSetLow
                0x00004858      0x198 ./emlib/em_lcd.o
                0x00004858                LCD_SegmentSetLow
 .text.LCD_SegmentSetHigh
                0x000049f0      0x18c ./emlib/em_lcd.o
                0x000049f0                LCD_SegmentSetHigh
 .text.LCD_VBoostSet
                0x00004b7c       0x28 ./emlib/em_lcd.o
                0x00004b7c                LCD_VBoostSet
 .text.BUS_RegBitWrite
                0x00004ba4       0x2c ./emlib/em_rmu.o
 .text.EMU_Lock
                0x00004bd0       0x18 ./emlib/em_rmu.o
 .text.EMU_Unlock
                0x00004be8       0x18 ./emlib/em_rmu.o
 .text.RMU_ResetCauseClear
                0x00004c00       0x50 ./emlib/em_rmu.o
                0x00004c00                RMU_ResetCauseClear
 .text.RMU_ResetCauseGet
                0x00004c50       0x6c ./emlib/em_rmu.o
                0x00004c50                RMU_ResetCauseGet
 .text.BUS_RegBitWrite
                0x00004cbc       0x2c ./emlib/em_rtc.o
 .text.RTC_CompareGet
                0x00004ce8       0x4c ./emlib/em_rtc.o
                0x00004ce8                RTC_CompareGet
 .text.RTC_CompareSet
                0x00004d34       0x5c ./emlib/em_rtc.o
                0x00004d34                RTC_CompareSet
 .text.RTC_Enable
                0x00004d90       0x20 ./emlib/em_rtc.o
                0x00004d90                RTC_Enable
 .text.RTC_Init
                0x00004db0       0x50 ./emlib/em_rtc.o
                0x00004db0                RTC_Init
 .text.SYSTEM_ChipRevisionGet
                0x00004e00       0x84 ./emlib/em_system.o
                0x00004e00                SYSTEM_ChipRevisionGet
 .text.TIMER_Valid
                0x00004e84       0x50 ./emlib/em_timer.o
 .text.TIMER_Init
                0x00004ed4       0xec ./emlib/em_timer.o
                0x00004ed4                TIMER_Init
 .text.NVIC_EnableIRQ
                0x00004fc0       0x30 ./src/low_power_tick_management.o
 .text.NVIC_ClearPendingIRQ
                0x00004ff0       0x34 ./src/low_power_tick_management.o
 .text.NVIC_SetPriority
                0x00005024       0x54 ./src/low_power_tick_management.o
 .text.RTC_CounterGet
                0x00005078       0x18 ./src/low_power_tick_management.o
 .text.RTC_IntClear
                0x00005090       0x1c ./src/low_power_tick_management.o
 .text.RTC_IntDisable
                0x000050ac       0x24 ./src/low_power_tick_management.o
 .text.RTC_IntEnable
                0x000050d0       0x24 ./src/low_power_tick_management.o
 .text.RTC_IntGet
                0x000050f4       0x18 ./src/low_power_tick_management.o
 .text.RTC_IRQHandler
                0x0000510c       0x78 ./src/low_power_tick_management.o
                0x0000510c                RTC_IRQHandler
 .text.vPortSetupTimerInterrupt
                0x00005184       0x94 ./src/low_power_tick_management.o
                0x00005184                vPortSetupTimerInterrupt
 .text.vPortSuppressTicksAndSleep
                0x00005218      0x124 ./src/low_power_tick_management.o
                0x00005218                vPortSuppressTicksAndSleep
 .text.NVIC_EnableIRQ
                0x0000533c       0x30 ./src/main.o
 .text.BUS_RegBitRead
                0x0000536c       0x2c ./src/main.o
 .text.GPIO_PinInGet
                0x00005398       0x98 ./src/main.o
 .text.SYSTEM_GetProdRev
                0x00005430       0x1c ./src/main.o
 .text.CHIP_Init
                0x0000544c       0x3c ./src/main.o
 .text.TIMER_MaxCount
                0x00005488       0x18 ./src/main.o
 .text.TIMER_CounterGet
                0x000054a0       0x18 ./src/main.o
 .text.TIMER_TopSet
                0x000054b8       0x34 ./src/main.o
 .text.LcdPrint
                0x000054ec       0x30 ./src/main.o
 .text.Count    0x0000551c       0xb4 ./src/main.o
 .text.GPIORead
                0x000055d0       0x68 ./src/main.o
 .text.Init_TIMER0
                0x00005638       0x5c ./src/main.o
                0x00005638                Init_TIMER0
 .text.Init_GPIO
                0x00005694       0x24 ./src/main.o
                0x00005694                Init_GPIO
 .text.GPIO_EVEN_IRQHandler
                0x000056b8       0x1c ./src/main.o
                0x000056b8                GPIO_EVEN_IRQHandler
 .text.main     0x000056d4       0xbc ./src/main.o
                0x000056d4                main
 .text.exit     0x00005790       0x28 c:/siliconlabs/simplicitystudio/v4/developer/toolchains/gnu_arm/4.9_2015q3/bin/../lib/gcc/arm-none-eabi/4.9.3/../../../../arm-none-eabi/lib/armv7-m\libc_nano.a(lib_a-exit.o)
                0x00005790                exit
 .text.__libc_init_array
                0x000057b8       0x4c c:/siliconlabs/simplicitystudio/v4/developer/toolchains/gnu_arm/4.9_2015q3/bin/../lib/gcc/arm-none-eabi/4.9.3/../../../../arm-none-eabi/lib/armv7-m\libc_nano.a(lib_a-init.o)
                0x000057b8                __libc_init_array
 .text.memcpy   0x00005804       0x16 c:/siliconlabs/simplicitystudio/v4/developer/toolchains/gnu_arm/4.9_2015q3/bin/../lib/gcc/arm-none-eabi/4.9.3/../../../../arm-none-eabi/lib/armv7-m\libc_nano.a(lib_a-memcpy.o)
                0x00005804                memcpy
 .text.memset   0x0000581a       0x10 c:/siliconlabs/simplicitystudio/v4/developer/toolchains/gnu_arm/4.9_2015q3/bin/../lib/gcc/arm-none-eabi/4.9.3/../../../../arm-none-eabi/lib/armv7-m\libc_nano.a(lib_a-memset.o)
                0x0000581a                memset
 .text.strlen   0x0000582a       0x10 c:/siliconlabs/simplicitystudio/v4/developer/toolchains/gnu_arm/4.9_2015q3/bin/../lib/gcc/arm-none-eabi/4.9.3/../../../../arm-none-eabi/lib/armv7-m\libc_nano.a(lib_a-strlen.o)
                0x0000582a                strlen
 *fill*         0x0000583a        0x2 
 .text._exit    0x0000583c        0x4 c:/siliconlabs/simplicitystudio/v4/developer/toolchains/gnu_arm/4.9_2015q3/bin/../lib/gcc/arm-none-eabi/4.9.3/../../../../arm-none-eabi/lib/armv7-m\libnosys.a(_exit.o)
                0x0000583c                _exit
 *(.init)
 .init          0x00005840        0x4 c:/siliconlabs/simplicitystudio/v4/developer/toolchains/gnu_arm/4.9_2015q3/bin/../lib/gcc/arm-none-eabi/4.9.3/armv7-m/crti.o
                0x00005840                _init
 .init          0x00005844        0x8 c:/siliconlabs/simplicitystudio/v4/developer/toolchains/gnu_arm/4.9_2015q3/bin/../lib/gcc/arm-none-eabi/4.9.3/armv7-m/crtn.o
 *(.fini)
 .fini          0x0000584c        0x4 c:/siliconlabs/simplicitystudio/v4/developer/toolchains/gnu_arm/4.9_2015q3/bin/../lib/gcc/arm-none-eabi/4.9.3/armv7-m/crti.o
                0x0000584c                _fini
 .fini          0x00005850        0x8 c:/siliconlabs/simplicitystudio/v4/developer/toolchains/gnu_arm/4.9_2015q3/bin/../lib/gcc/arm-none-eabi/4.9.3/armv7-m/crtn.o
 *crtbegin.o(.ctors)
 *crtbegin?.o(.ctors)
 *(EXCLUDE_FILE(*crtend.o *crtend?.o) .ctors)
 *(SORT(.ctors.*))
 *(.ctors)
 *crtbegin.o(.dtors)
 *crtbegin?.o(.dtors)
 *(EXCLUDE_FILE(*crtend.o *crtend?.o) .dtors)
 *(SORT(.dtors.*))
 *(.dtors)
 *(.rodata*)
 .rodata.EFM_Display
                0x00005858      0x1fe ./Drivers/segmentlcd.o
 *fill*         0x00005a56        0x2 
 .rodata.Segment_Alphabet
                0x00005a58       0xb8 ./Drivers/segmentlcd.o
 .rodata.lcdInit
                0x00005b10       0x14 ./Drivers/segmentlcd.o
 .rodata        0x00005b24       0x68 ./Drivers/sleep.o
 .rodata        0x00005b8c       0x82 ./FreeRTOS/efm32gg/heap_1.o
 *fill*         0x00005c0e        0x2 
 .rodata        0x00005c10       0x84 ./FreeRTOS/efm32gg/port.o
 .rodata        0x00005c94       0x70 ./FreeRTOS/efm32gg/queue.o
 .rodata        0x00005d04       0x75 ./FreeRTOS/efm32gg/tasks.o
 *fill*         0x00005d79        0x3 
 .rodata        0x00005d7c       0x81 ./FreeRTOS/efm32gg/timers.o
 *fill*         0x00005dfd        0x3 
 .rodata        0x00005e00       0xc7 ./emlib/em_cmu.o
 *fill*         0x00005ec7        0x1 
 .rodata        0x00005ec8       0xc8 ./emlib/em_gpio.o
 .rodata        0x00005f90       0x63 ./emlib/em_lcd.o
 *fill*         0x00005ff3        0x1 
 .rodata.resetCauseMasks
                0x00005ff4       0x80 ./emlib/em_rmu.o
 .rodata        0x00006074       0x63 ./emlib/em_rtc.o
 *fill*         0x000060d7        0x1 
 .rodata        0x000060d8       0x66 ./emlib/em_system.o
 *fill*         0x0000613e        0x2 
 .rodata        0x00006140       0x7c ./emlib/em_timer.o
 .rodata        0x000061bc       0xe9 ./src/main.o
 .rodata.str1.1
                0x000062a5        0x2 c:/siliconlabs/simplicitystudio/v4/developer/toolchains/gnu_arm/4.9_2015q3/bin/../lib/gcc/arm-none-eabi/4.9.3/../../../../arm-none-eabi/lib/armv7-m\libc_nano.a(lib_a-impure.o)
 *fill*         0x000062a7        0x1 
 .rodata._global_impure_ptr
                0x000062a8        0x4 c:/siliconlabs/simplicitystudio/v4/developer/toolchains/gnu_arm/4.9_2015q3/bin/../lib/gcc/arm-none-eabi/4.9.3/../../../../arm-none-eabi/lib/armv7-m\libc_nano.a(lib_a-impure.o)
                0x000062a8                _global_impure_ptr
 *(.eh_frame*)
 .eh_frame      0x000062ac        0x0 c:/siliconlabs/simplicitystudio/v4/developer/toolchains/gnu_arm/4.9_2015q3/bin/../lib/gcc/arm-none-eabi/4.9.3/armv7-m/crtbegin.o
 .eh_frame      0x000062ac        0x4 c:/siliconlabs/simplicitystudio/v4/developer/toolchains/gnu_arm/4.9_2015q3/bin/../lib/gcc/arm-none-eabi/4.9.3/armv7-m/crtend.o

.glue_7         0x000062b0        0x0
 .glue_7        0x00000000        0x0 linker stubs

.glue_7t        0x000062b0        0x0
 .glue_7t       0x00000000        0x0 linker stubs

.vfp11_veneer   0x000062b0        0x0
 .vfp11_veneer  0x00000000        0x0 linker stubs

.v4_bx          0x000062b0        0x0
 .v4_bx         0x00000000        0x0 linker stubs

.iplt           0x000062b0        0x0
 .iplt          0x00000000        0x0 c:/siliconlabs/simplicitystudio/v4/developer/toolchains/gnu_arm/4.9_2015q3/bin/../lib/gcc/arm-none-eabi/4.9.3/armv7-m/crtbegin.o

.ARM.extab
 *(.ARM.extab* .gnu.linkonce.armextab.*)
                0x000062b0                __exidx_start = .

.ARM.exidx      0x000062b0        0x8
 *(.ARM.exidx* .gnu.linkonce.armexidx.*)
 .ARM.exidx     0x000062b0        0x8 c:/siliconlabs/simplicitystudio/v4/developer/toolchains/gnu_arm/4.9_2015q3/bin/../lib/gcc/arm-none-eabi/4.9.3/../../../../arm-none-eabi/lib/armv7-m/crt0.o
                0x000062b8                __exidx_end = .
                0x000062b8                __etext = .

.rel.dyn        0x000062b8        0x0
 .rel.iplt      0x00000000        0x0 c:/siliconlabs/simplicitystudio/v4/developer/toolchains/gnu_arm/4.9_2015q3/bin/../lib/gcc/arm-none-eabi/4.9.3/armv7-m/crtbegin.o

.data           0x20000000       0x84 load address 0x000062b8
                0x20000000                __data_start__ = .
 *(vtable)
 *(.data*)
 .data.SystemHFXOClock
                0x20000000        0x4 ./CMSIS/EFM32GG/system_efm32gg.o
 .data.SystemLFXOClock
                0x20000004        0x4 ./CMSIS/EFM32GG/system_efm32gg.o
 .data.SystemCoreClock
                0x20000008        0x4 ./CMSIS/EFM32GG/system_efm32gg.o
                0x20000008                SystemCoreClock
 .data.uxCriticalNesting
                0x2000000c        0x4 ./FreeRTOS/efm32gg/port.o
 .data.count    0x20000010        0x4 ./src/main.o
                0x20000010                count
 .data.SetTime  0x20000014        0x1 ./src/main.o
                0x20000014                SetTime
 *fill*         0x20000015        0x3 
 .data.impure_data
                0x20000018       0x60 c:/siliconlabs/simplicitystudio/v4/developer/toolchains/gnu_arm/4.9_2015q3/bin/../lib/gcc/arm-none-eabi/4.9.3/../../../../arm-none-eabi/lib/armv7-m\libc_nano.a(lib_a-impure.o)
                0x20000078                . = ALIGN (0x4)
 *(.ram)
                0x20000078                . = ALIGN (0x4)
                0x20000078                PROVIDE (__preinit_array_start, .)
 *(.preinit_array)
                0x20000078                PROVIDE (__preinit_array_end, .)
                0x20000078                . = ALIGN (0x4)
                0x20000078                PROVIDE (__init_array_start, .)
 *(SORT(.init_array.*))
 *(.init_array)
 .init_array    0x20000078        0x4 c:/siliconlabs/simplicitystudio/v4/developer/toolchains/gnu_arm/4.9_2015q3/bin/../lib/gcc/arm-none-eabi/4.9.3/armv7-m/crtbegin.o
                0x2000007c                PROVIDE (__init_array_end, .)
                0x2000007c                . = ALIGN (0x4)
                0x2000007c                PROVIDE (__fini_array_start, .)
 *(SORT(.fini_array.*))
 *(.fini_array)
 .fini_array    0x2000007c        0x4 c:/siliconlabs/simplicitystudio/v4/developer/toolchains/gnu_arm/4.9_2015q3/bin/../lib/gcc/arm-none-eabi/4.9.3/armv7-m/crtbegin.o
                0x20000080                PROVIDE (__fini_array_end, .)
 *(.jcr*)
 .jcr           0x20000080        0x0 c:/siliconlabs/simplicitystudio/v4/developer/toolchains/gnu_arm/4.9_2015q3/bin/../lib/gcc/arm-none-eabi/4.9.3/armv7-m/crtbegin.o
 .jcr           0x20000080        0x4 c:/siliconlabs/simplicitystudio/v4/developer/toolchains/gnu_arm/4.9_2015q3/bin/../lib/gcc/arm-none-eabi/4.9.3/armv7-m/crtend.o
                0x20000084                . = ALIGN (0x4)
                0x20000084                __data_end__ = .

.igot.plt       0x20000084        0x0 load address 0x0000633c
 .igot.plt      0x00000000        0x0 c:/siliconlabs/simplicitystudio/v4/developer/toolchains/gnu_arm/4.9_2015q3/bin/../lib/gcc/arm-none-eabi/4.9.3/armv7-m/crtbegin.o

.bss            0x20000084     0x24f4 load address 0x0000633c
                0x20000084                . = ALIGN (0x4)
                0x20000084                __bss_start__ = .
 *(.bss*)
 .bss           0x20000084       0x1c c:/siliconlabs/simplicitystudio/v4/developer/toolchains/gnu_arm/4.9_2015q3/bin/../lib/gcc/arm-none-eabi/4.9.3/armv7-m/crtbegin.o
 .bss.sleepContext
                0x200000a0        0xc ./Drivers/sleep.o
 .bss.sleepCallback
                0x200000ac        0x4 ./Drivers/sleep.o
 .bss.sleepBlockCnt
                0x200000b0        0x2 ./Drivers/sleep.o
 *fill*         0x200000b2        0x2 
 .bss.ucHeap    0x200000b4     0x2328 ./FreeRTOS/efm32gg/heap_1.o
 .bss.xNextFreeByte
                0x200023dc        0x4 ./FreeRTOS/efm32gg/heap_1.o
 .bss.pucAlignedHeap.4388
                0x200023e0        0x4 ./FreeRTOS/efm32gg/heap_1.o
 .bss.ucMaxSysCallPriority
                0x200023e4        0x1 ./FreeRTOS/efm32gg/port.o
 *fill*         0x200023e5        0x3 
 .bss.ulMaxPRIGROUPValue
                0x200023e8        0x4 ./FreeRTOS/efm32gg/port.o
 .bss.pxCurrentTCB
                0x200023ec        0x4 ./FreeRTOS/efm32gg/tasks.o
                0x200023ec                pxCurrentTCB
 .bss.pxReadyTasksLists
                0x200023f0       0x3c ./FreeRTOS/efm32gg/tasks.o
 .bss.xDelayedTaskList1
                0x2000242c       0x14 ./FreeRTOS/efm32gg/tasks.o
 .bss.xDelayedTaskList2
                0x20002440       0x14 ./FreeRTOS/efm32gg/tasks.o
 .bss.pxDelayedTaskList
                0x20002454        0x4 ./FreeRTOS/efm32gg/tasks.o
 .bss.pxOverflowDelayedTaskList
                0x20002458        0x4 ./FreeRTOS/efm32gg/tasks.o
 .bss.xPendingReadyList
                0x2000245c       0x14 ./FreeRTOS/efm32gg/tasks.o
 .bss.xTasksWaitingTermination
                0x20002470       0x14 ./FreeRTOS/efm32gg/tasks.o
 .bss.uxDeletedTasksWaitingCleanUp
                0x20002484        0x4 ./FreeRTOS/efm32gg/tasks.o
 .bss.xSuspendedTaskList
                0x20002488       0x14 ./FreeRTOS/efm32gg/tasks.o
 .bss.uxCurrentNumberOfTasks
                0x2000249c        0x4 ./FreeRTOS/efm32gg/tasks.o
 .bss.xTickCount
                0x200024a0        0x4 ./FreeRTOS/efm32gg/tasks.o
 .bss.uxTopReadyPriority
                0x200024a4        0x4 ./FreeRTOS/efm32gg/tasks.o
 .bss.xSchedulerRunning
                0x200024a8        0x4 ./FreeRTOS/efm32gg/tasks.o
 .bss.uxPendedTicks
                0x200024ac        0x4 ./FreeRTOS/efm32gg/tasks.o
 .bss.xYieldPending
                0x200024b0        0x4 ./FreeRTOS/efm32gg/tasks.o
 .bss.xNumOfOverflows
                0x200024b4        0x4 ./FreeRTOS/efm32gg/tasks.o
 .bss.uxTaskNumber
                0x200024b8        0x4 ./FreeRTOS/efm32gg/tasks.o
 .bss.xNextTaskUnblockTime
                0x200024bc        0x4 ./FreeRTOS/efm32gg/tasks.o
 .bss.xIdleTaskHandle
                0x200024c0        0x4 ./FreeRTOS/efm32gg/tasks.o
 .bss.uxSchedulerSuspended
                0x200024c4        0x4 ./FreeRTOS/efm32gg/tasks.o
 .bss.xActiveTimerList1
                0x200024c8       0x14 ./FreeRTOS/efm32gg/timers.o
 .bss.xActiveTimerList2
                0x200024dc       0x14 ./FreeRTOS/efm32gg/timers.o
 .bss.pxCurrentTimerList
                0x200024f0        0x4 ./FreeRTOS/efm32gg/timers.o
 .bss.pxOverflowTimerList
                0x200024f4        0x4 ./FreeRTOS/efm32gg/timers.o
 .bss.xTimerQueue
                0x200024f8        0x4 ./FreeRTOS/efm32gg/timers.o
 .bss.xTimerTaskHandle
                0x200024fc        0x4 ./FreeRTOS/efm32gg/timers.o
 .bss.xLastTime.4671
                0x20002500        0x4 ./FreeRTOS/efm32gg/timers.o
 .bss.cmuStatus.5509
                0x20002504        0x4 ./emlib/em_emu.o
 .bss.hfClock.5510
                0x20002508        0x1 ./emlib/em_emu.o
 *fill*         0x20002509        0x3 
 .bss.xMaximumPossibleSuppressedTicks
                0x2000250c        0x4 ./src/low_power_tick_management.o
 .bss.ErrorTime
                0x20002510        0x4 ./src/main.o
                0x20002510                ErrorTime
 *(COMMON)
 COMMON         0x20002514       0x50 ./FreeRTOS/efm32gg/queue.o
                0x20002514                xQueueRegistry
 COMMON         0x20002564       0x14 ./src/main.o
                0x20002564                sem
                0x20002568                timer
                0x2000256c                Timer0Value
                0x20002570                text
                0x20002578                . = ALIGN (0x4)
                0x20002578                __bss_end__ = .

.heap           0x20002578      0xc00
                0x20002578                __HeapBase = .
                0x20002578                __end__ = .
                0x20002578                end = __end__
                0x20002578                _end = __end__
 *(.heap*)
 .heap          0x20002578      0xc00 ./CMSIS/EFM32GG/startup_efm32gg.o
                0x20003178                __HeapLimit = .

.stack_dummy    0x20002578      0x400
 *(.stack*)
 .stack         0x20002578      0x400 ./CMSIS/EFM32GG/startup_efm32gg.o
                0x20020000                __StackTop = (ORIGIN (RAM) + 0x20000)
                0x2001fc00                __StackLimit = (__StackTop - SIZEOF (.stack_dummy))
                0x20020000                PROVIDE (__stack, __StackTop)
                0x00000001                ASSERT ((__StackLimit >= __HeapLimit), region RAM overflowed with stack)
                0x00000001                ASSERT ((0x100000 >= (__etext + SIZEOF (.data))), FLASH memory overflowed !)
OUTPUT(HumanDelay.axf elf32-littlearm)

.ARM.attributes
                0x00000000       0x29
 .ARM.attributes
                0x00000000       0x1d c:/siliconlabs/simplicitystudio/v4/developer/toolchains/gnu_arm/4.9_2015q3/bin/../lib/gcc/arm-none-eabi/4.9.3/armv7-m/crti.o
 .ARM.attributes
                0x0000001d       0x2d c:/siliconlabs/simplicitystudio/v4/developer/toolchains/gnu_arm/4.9_2015q3/bin/../lib/gcc/arm-none-eabi/4.9.3/armv7-m/crtbegin.o
 .ARM.attributes
                0x0000004a       0x1b c:/siliconlabs/simplicitystudio/v4/developer/toolchains/gnu_arm/4.9_2015q3/bin/../lib/gcc/arm-none-eabi/4.9.3/../../../../arm-none-eabi/lib/armv7-m/crt0.o
 .ARM.attributes
                0x00000065       0x33 ./BSP/bsp_trace.o
 .ARM.attributes
                0x00000098       0x1b ./CMSIS/EFM32GG/startup_efm32gg.o
 .ARM.attributes
                0x000000b3       0x33 ./CMSIS/EFM32GG/system_efm32gg.o
 .ARM.attributes
                0x000000e6       0x33 ./Drivers/segmentlcd.o
 .ARM.attributes
                0x00000119       0x33 ./Drivers/sleep.o
 .ARM.attributes
                0x0000014c       0x33 ./FreeRTOS/efm32gg/heap_1.o
 .ARM.attributes
                0x0000017f       0x33 ./FreeRTOS/efm32gg/list.o
 .ARM.attributes
                0x000001b2       0x33 ./FreeRTOS/efm32gg/port.o
 .ARM.attributes
                0x000001e5       0x33 ./FreeRTOS/efm32gg/queue.o
 .ARM.attributes
                0x00000218       0x33 ./FreeRTOS/efm32gg/tasks.o
 .ARM.attributes
                0x0000024b       0x33 ./FreeRTOS/efm32gg/timers.o
 .ARM.attributes
                0x0000027e       0x33 ./emlib/em_assert.o
 .ARM.attributes
                0x000002b1       0x33 ./emlib/em_cmu.o
 .ARM.attributes
                0x000002e4       0x33 ./emlib/em_core.o
 .ARM.attributes
                0x00000317       0x33 ./emlib/em_emu.o
 .ARM.attributes
                0x0000034a       0x33 ./emlib/em_gpio.o
 .ARM.attributes
                0x0000037d       0x33 ./emlib/em_lcd.o
 .ARM.attributes
                0x000003b0       0x33 ./emlib/em_rmu.o
 .ARM.attributes
                0x000003e3       0x33 ./emlib/em_rtc.o
 .ARM.attributes
                0x00000416       0x33 ./emlib/em_system.o
 .ARM.attributes
                0x00000449       0x33 ./emlib/em_timer.o
 .ARM.attributes
                0x0000047c       0x33 ./src/low_power_tick_management.o
 .ARM.attributes
                0x000004af       0x33 ./src/main.o
 .ARM.attributes
                0x000004e2       0x2d c:/siliconlabs/simplicitystudio/v4/developer/toolchains/gnu_arm/4.9_2015q3/bin/../lib/gcc/arm-none-eabi/4.9.3/../../../../arm-none-eabi/lib/armv7-m\libc_nano.a(lib_a-exit.o)
 .ARM.attributes
                0x0000050f       0x2d c:/siliconlabs/simplicitystudio/v4/developer/toolchains/gnu_arm/4.9_2015q3/bin/../lib/gcc/arm-none-eabi/4.9.3/../../../../arm-none-eabi/lib/armv7-m\libc_nano.a(lib_a-impure.o)
 .ARM.attributes
                0x0000053c       0x2d c:/siliconlabs/simplicitystudio/v4/developer/toolchains/gnu_arm/4.9_2015q3/bin/../lib/gcc/arm-none-eabi/4.9.3/../../../../arm-none-eabi/lib/armv7-m\libc_nano.a(lib_a-init.o)
 .ARM.attributes
                0x00000569       0x2d c:/siliconlabs/simplicitystudio/v4/developer/toolchains/gnu_arm/4.9_2015q3/bin/../lib/gcc/arm-none-eabi/4.9.3/../../../../arm-none-eabi/lib/armv7-m\libc_nano.a(lib_a-memcpy.o)
 .ARM.attributes
                0x00000596       0x2d c:/siliconlabs/simplicitystudio/v4/developer/toolchains/gnu_arm/4.9_2015q3/bin/../lib/gcc/arm-none-eabi/4.9.3/../../../../arm-none-eabi/lib/armv7-m\libc_nano.a(lib_a-memset.o)
 .ARM.attributes
                0x000005c3       0x2d c:/siliconlabs/simplicitystudio/v4/developer/toolchains/gnu_arm/4.9_2015q3/bin/../lib/gcc/arm-none-eabi/4.9.3/../../../../arm-none-eabi/lib/armv7-m\libc_nano.a(lib_a-strlen.o)
 .ARM.attributes
                0x000005f0       0x2d c:/siliconlabs/simplicitystudio/v4/developer/toolchains/gnu_arm/4.9_2015q3/bin/../lib/gcc/arm-none-eabi/4.9.3/../../../../arm-none-eabi/lib/armv7-m\libnosys.a(_exit.o)
 .ARM.attributes
                0x0000061d       0x2d c:/siliconlabs/simplicitystudio/v4/developer/toolchains/gnu_arm/4.9_2015q3/bin/../lib/gcc/arm-none-eabi/4.9.3/armv7-m/crtend.o
 .ARM.attributes
                0x0000064a       0x1d c:/siliconlabs/simplicitystudio/v4/developer/toolchains/gnu_arm/4.9_2015q3/bin/../lib/gcc/arm-none-eabi/4.9.3/armv7-m/crtn.o

.comment        0x00000000       0x70
 .comment       0x00000000       0x70 ./BSP/bsp_trace.o
                                 0x71 (size before relaxing)
 .comment       0x00000000       0x71 ./CMSIS/EFM32GG/system_efm32gg.o
 .comment       0x00000000       0x71 ./Drivers/segmentlcd.o
 .comment       0x00000000       0x71 ./Drivers/sleep.o
 .comment       0x00000000       0x71 ./FreeRTOS/efm32gg/heap_1.o
 .comment       0x00000000       0x71 ./FreeRTOS/efm32gg/list.o
 .comment       0x00000000       0x71 ./FreeRTOS/efm32gg/port.o
 .comment       0x00000000       0x71 ./FreeRTOS/efm32gg/queue.o
 .comment       0x00000000       0x71 ./FreeRTOS/efm32gg/tasks.o
 .comment       0x00000000       0x71 ./FreeRTOS/efm32gg/timers.o
 .comment       0x00000000       0x71 ./emlib/em_assert.o
 .comment       0x00000000       0x71 ./emlib/em_cmu.o
 .comment       0x00000000       0x71 ./emlib/em_core.o
 .comment       0x00000000       0x71 ./emlib/em_emu.o
 .comment       0x00000000       0x71 ./emlib/em_gpio.o
 .comment       0x00000000       0x71 ./emlib/em_lcd.o
 .comment       0x00000000       0x71 ./emlib/em_rmu.o
 .comment       0x00000000       0x71 ./emlib/em_rtc.o
 .comment       0x00000000       0x71 ./emlib/em_system.o
 .comment       0x00000000       0x71 ./emlib/em_timer.o
 .comment       0x00000000       0x71 ./src/low_power_tick_management.o
 .comment       0x00000000       0x71 ./src/main.o

.debug_info     0x00000000     0xd7be
 .debug_info    0x00000000      0xc78 ./BSP/bsp_trace.o
 .debug_info    0x00000c78      0x110 ./CMSIS/EFM32GG/startup_efm32gg.o
 .debug_info    0x00000d88      0x57e ./CMSIS/EFM32GG/system_efm32gg.o
 .debug_info    0x00001306     0x1273 ./Drivers/segmentlcd.o
 .debug_info    0x00002579      0x759 ./Drivers/sleep.o
 .debug_info    0x00002cd2      0x190 ./FreeRTOS/efm32gg/heap_1.o
 .debug_info    0x00002e62      0x2cc ./FreeRTOS/efm32gg/list.o
 .debug_info    0x0000312e      0x4c5 ./FreeRTOS/efm32gg/port.o
 .debug_info    0x000035f3      0xeaf ./FreeRTOS/efm32gg/queue.o
 .debug_info    0x000044a2     0x1736 ./FreeRTOS/efm32gg/tasks.o
 .debug_info    0x00005bd8      0x9cd ./FreeRTOS/efm32gg/timers.o
 .debug_info    0x000065a5       0x76 ./emlib/em_assert.o
 .debug_info    0x0000661b     0x1561 ./emlib/em_cmu.o
 .debug_info    0x00007b7c      0xcfa ./emlib/em_core.o
 .debug_info    0x00008876     0x1047 ./emlib/em_emu.o
 .debug_info    0x000098bd      0x65b ./emlib/em_gpio.o
 .debug_info    0x00009f18      0xa74 ./emlib/em_lcd.o
 .debug_info    0x0000a98c      0x4ad ./emlib/em_rmu.o
 .debug_info    0x0000ae39      0x33f ./emlib/em_rtc.o
 .debug_info    0x0000b178      0x272 ./emlib/em_system.o
 .debug_info    0x0000b3ea      0x913 ./emlib/em_timer.o
 .debug_info    0x0000bcfd      0xafd ./src/low_power_tick_management.o
 .debug_info    0x0000c7fa      0xfc4 ./src/main.o

.debug_abbrev   0x00000000     0x2711
 .debug_abbrev  0x00000000      0x170 ./BSP/bsp_trace.o
 .debug_abbrev  0x00000170       0x14 ./CMSIS/EFM32GG/startup_efm32gg.o
 .debug_abbrev  0x00000184      0x16b ./CMSIS/EFM32GG/system_efm32gg.o
 .debug_abbrev  0x000002ef      0x1cf ./Drivers/segmentlcd.o
 .debug_abbrev  0x000004be      0x26c ./Drivers/sleep.o
 .debug_abbrev  0x0000072a       0xee ./FreeRTOS/efm32gg/heap_1.o
 .debug_abbrev  0x00000818       0xbe ./FreeRTOS/efm32gg/list.o
 .debug_abbrev  0x000008d6      0x21d ./FreeRTOS/efm32gg/port.o
 .debug_abbrev  0x00000af3      0x213 ./FreeRTOS/efm32gg/queue.o
 .debug_abbrev  0x00000d06      0x293 ./FreeRTOS/efm32gg/tasks.o
 .debug_abbrev  0x00000f99      0x184 ./FreeRTOS/efm32gg/timers.o
 .debug_abbrev  0x0000111d       0x63 ./emlib/em_assert.o
 .debug_abbrev  0x00001180      0x285 ./emlib/em_cmu.o
 .debug_abbrev  0x00001405      0x237 ./emlib/em_core.o
 .debug_abbrev  0x0000163c      0x25f ./emlib/em_emu.o
 .debug_abbrev  0x0000189b      0x1be ./emlib/em_gpio.o
 .debug_abbrev  0x00001a59      0x1dc ./emlib/em_lcd.o
 .debug_abbrev  0x00001c35      0x1ec ./emlib/em_rmu.o
 .debug_abbrev  0x00001e21      0x17c ./emlib/em_rtc.o
 .debug_abbrev  0x00001f9d      0x107 ./emlib/em_system.o
 .debug_abbrev  0x000020a4      0x18e ./emlib/em_timer.o
 .debug_abbrev  0x00002232      0x246 ./src/low_power_tick_management.o
 .debug_abbrev  0x00002478      0x299 ./src/main.o

.debug_loc      0x00000000     0x6776
 .debug_loc     0x00000000       0x7c ./BSP/bsp_trace.o
 .debug_loc     0x0000007c      0x31c ./CMSIS/EFM32GG/system_efm32gg.o
 .debug_loc     0x00000398      0x66a ./Drivers/segmentlcd.o
 .debug_loc     0x00000a02      0x3b0 ./Drivers/sleep.o
 .debug_loc     0x00000db2      0x128 ./FreeRTOS/efm32gg/heap_1.o
 .debug_loc     0x00000eda      0x1cc ./FreeRTOS/efm32gg/list.o
 .debug_loc     0x000010a6      0x2e4 ./FreeRTOS/efm32gg/port.o
 .debug_loc     0x0000138a      0x844 ./FreeRTOS/efm32gg/queue.o
 .debug_loc     0x00001bce     0x104c ./FreeRTOS/efm32gg/tasks.o
 .debug_loc     0x00002c1a      0x5ec ./FreeRTOS/efm32gg/timers.o
 .debug_loc     0x00003206       0x38 ./emlib/em_assert.o
 .debug_loc     0x0000323e      0xd58 ./emlib/em_cmu.o
 .debug_loc     0x00003f96      0x844 ./emlib/em_core.o
 .debug_loc     0x000047da      0x624 ./emlib/em_emu.o
 .debug_loc     0x00004dfe      0x394 ./emlib/em_gpio.o
 .debug_loc     0x00005192      0x60c ./emlib/em_lcd.o
 .debug_loc     0x0000579e      0x23c ./emlib/em_rmu.o
 .debug_loc     0x000059da      0x274 ./emlib/em_rtc.o
 .debug_loc     0x00005c4e       0xac ./emlib/em_system.o
 .debug_loc     0x00005cfa      0x28c ./emlib/em_timer.o
 .debug_loc     0x00005f86      0x3a0 ./src/low_power_tick_management.o
 .debug_loc     0x00006326      0x450 ./src/main.o

.debug_aranges  0x00000000      0xcc8
 .debug_aranges
                0x00000000       0x28 ./BSP/bsp_trace.o
 .debug_aranges
                0x00000028       0x20 ./CMSIS/EFM32GG/startup_efm32gg.o
 .debug_aranges
                0x00000048       0x70 ./CMSIS/EFM32GG/system_efm32gg.o
 .debug_aranges
                0x000000b8       0xc8 ./Drivers/segmentlcd.o
 .debug_aranges
                0x00000180       0x80 ./Drivers/sleep.o
 .debug_aranges
                0x00000200       0x38 ./FreeRTOS/efm32gg/heap_1.o
 .debug_aranges
                0x00000238       0x40 ./FreeRTOS/efm32gg/list.o
 .debug_aranges
                0x00000278       0x80 ./FreeRTOS/efm32gg/port.o
 .debug_aranges
                0x000002f8       0xe8 ./FreeRTOS/efm32gg/queue.o
 .debug_aranges
                0x000003e0      0x1b8 ./FreeRTOS/efm32gg/tasks.o
 .debug_aranges
                0x00000598       0xb8 ./FreeRTOS/efm32gg/timers.o
 .debug_aranges
                0x00000650       0x20 ./emlib/em_assert.o
 .debug_aranges
                0x00000670      0x170 ./emlib/em_cmu.o
 .debug_aranges
                0x000007e0       0xe8 ./emlib/em_core.o
 .debug_aranges
                0x000008c8       0xc0 ./emlib/em_emu.o
 .debug_aranges
                0x00000988       0x70 ./emlib/em_gpio.o
 .debug_aranges
                0x000009f8       0xa8 ./emlib/em_lcd.o
 .debug_aranges
                0x00000aa0       0x50 ./emlib/em_rmu.o
 .debug_aranges
                0x00000af0       0x58 ./emlib/em_rtc.o
 .debug_aranges
                0x00000b48       0x28 ./emlib/em_system.o
 .debug_aranges
                0x00000b70       0x58 ./emlib/em_timer.o
 .debug_aranges
                0x00000bc8       0x70 ./src/low_power_tick_management.o
 .debug_aranges
                0x00000c38       0x90 ./src/main.o

.debug_ranges   0x00000000      0xb48
 .debug_ranges  0x00000000       0x18 ./BSP/bsp_trace.o
 .debug_ranges  0x00000018       0x60 ./CMSIS/EFM32GG/system_efm32gg.o
 .debug_ranges  0x00000078       0xb8 ./Drivers/segmentlcd.o
 .debug_ranges  0x00000130       0x70 ./Drivers/sleep.o
 .debug_ranges  0x000001a0       0x28 ./FreeRTOS/efm32gg/heap_1.o
 .debug_ranges  0x000001c8       0x30 ./FreeRTOS/efm32gg/list.o
 .debug_ranges  0x000001f8       0x70 ./FreeRTOS/efm32gg/port.o
 .debug_ranges  0x00000268       0xd8 ./FreeRTOS/efm32gg/queue.o
 .debug_ranges  0x00000340      0x1a8 ./FreeRTOS/efm32gg/tasks.o
 .debug_ranges  0x000004e8       0xa8 ./FreeRTOS/efm32gg/timers.o
 .debug_ranges  0x00000590       0x10 ./emlib/em_assert.o
 .debug_ranges  0x000005a0      0x160 ./emlib/em_cmu.o
 .debug_ranges  0x00000700       0xd8 ./emlib/em_core.o
 .debug_ranges  0x000007d8       0xb0 ./emlib/em_emu.o
 .debug_ranges  0x00000888       0x60 ./emlib/em_gpio.o
 .debug_ranges  0x000008e8       0x98 ./emlib/em_lcd.o
 .debug_ranges  0x00000980       0x40 ./emlib/em_rmu.o
 .debug_ranges  0x000009c0       0x48 ./emlib/em_rtc.o
 .debug_ranges  0x00000a08       0x18 ./emlib/em_system.o
 .debug_ranges  0x00000a20       0x48 ./emlib/em_timer.o
 .debug_ranges  0x00000a68       0x60 ./src/low_power_tick_management.o
 .debug_ranges  0x00000ac8       0x80 ./src/main.o

.debug_line     0x00000000     0x75d9
 .debug_line    0x00000000      0x332 ./BSP/bsp_trace.o
 .debug_line    0x00000332       0xd3 ./CMSIS/EFM32GG/startup_efm32gg.o
 .debug_line    0x00000405      0x38b ./CMSIS/EFM32GG/system_efm32gg.o
 .debug_line    0x00000790      0x71e ./Drivers/segmentlcd.o
 .debug_line    0x00000eae      0x4fd ./Drivers/sleep.o
 .debug_line    0x000013ab      0x271 ./FreeRTOS/efm32gg/heap_1.o
 .debug_line    0x0000161c      0x30a ./FreeRTOS/efm32gg/list.o
 .debug_line    0x00001926      0x3d0 ./FreeRTOS/efm32gg/port.o
 .debug_line    0x00001cf6      0x836 ./FreeRTOS/efm32gg/queue.o
 .debug_line    0x0000252c      0xc62 ./FreeRTOS/efm32gg/tasks.o
 .debug_line    0x0000318e      0x547 ./FreeRTOS/efm32gg/timers.o
 .debug_line    0x000036d5       0x9b ./emlib/em_assert.o
 .debug_line    0x00003770      0xb27 ./emlib/em_cmu.o
 .debug_line    0x00004297      0x669 ./emlib/em_core.o
 .debug_line    0x00004900      0x600 ./emlib/em_emu.o
 .debug_line    0x00004f00      0x59e ./emlib/em_gpio.o
 .debug_line    0x0000549e      0x56a ./emlib/em_lcd.o
 .debug_line    0x00005a08      0x3cc ./emlib/em_rmu.o
 .debug_line    0x00005dd4      0x3b0 ./emlib/em_rtc.o
 .debug_line    0x00006184      0x318 ./emlib/em_system.o
 .debug_line    0x0000649c      0x5ab ./emlib/em_timer.o
 .debug_line    0x00006a47      0x505 ./src/low_power_tick_management.o
 .debug_line    0x00006f4c      0x68d ./src/main.o

.debug_str      0x00000000     0x5911
 .debug_str     0x00000000      0x786 ./BSP/bsp_trace.o
                                0x7f0 (size before relaxing)
 .debug_str     0x00000786      0x1f0 ./CMSIS/EFM32GG/system_efm32gg.o
                                0x4c9 (size before relaxing)
 .debug_str     0x00000976      0x942 ./Drivers/segmentlcd.o
                                0xe8d (size before relaxing)
 .debug_str     0x000012b8      0x314 ./Drivers/sleep.o
                                0x4f3 (size before relaxing)
 .debug_str     0x000015cc      0x104 ./FreeRTOS/efm32gg/heap_1.o
                                0x28d (size before relaxing)
 .debug_str     0x000016d0      0x1a3 ./FreeRTOS/efm32gg/list.o
                                0x325 (size before relaxing)
 .debug_str     0x00001873      0x3d3 ./FreeRTOS/efm32gg/port.o
                                0x57e (size before relaxing)
 .debug_str     0x00001c46      0x538 ./FreeRTOS/efm32gg/queue.o
                                0x7e0 (size before relaxing)
 .debug_str     0x0000217e      0xaa5 ./FreeRTOS/efm32gg/tasks.o
                                0xea0 (size before relaxing)
 .debug_str     0x00002c23      0x471 ./FreeRTOS/efm32gg/timers.o
                                0x744 (size before relaxing)
 .debug_str     0x00003094       0x75 ./emlib/em_assert.o
                                0x150 (size before relaxing)
 .debug_str     0x00003109      0x960 ./emlib/em_cmu.o
                               0x109b (size before relaxing)
 .debug_str     0x00003a69      0x5e2 ./emlib/em_core.o
                                0x850 (size before relaxing)
 .debug_str     0x0000404b      0x47a ./emlib/em_emu.o
                                0xbf2 (size before relaxing)
 .debug_str     0x000044c5      0x374 ./emlib/em_gpio.o
                                0x600 (size before relaxing)
 .debug_str     0x00004839      0x3b0 ./emlib/em_lcd.o
                                0x905 (size before relaxing)
 .debug_str     0x00004be9      0x191 ./emlib/em_rmu.o
                                0x408 (size before relaxing)
 .debug_str     0x00004d7a       0xfd ./emlib/em_rtc.o
                                0x2e6 (size before relaxing)
 .debug_str     0x00004e77       0xfd ./emlib/em_system.o
                                0x2e4 (size before relaxing)
 .debug_str     0x00004f74      0x7a7 ./emlib/em_timer.o
                                0x992 (size before relaxing)
 .debug_str     0x0000571b      0x105 ./src/low_power_tick_management.o
                                0xb22 (size before relaxing)
 .debug_str     0x00005820       0xf1 ./src/main.o
                                0xf32 (size before relaxing)

.debug_frame    0x00000000     0x31c4
 .debug_frame   0x00000000       0x50 ./BSP/bsp_trace.o
 .debug_frame   0x00000050      0x180 ./CMSIS/EFM32GG/system_efm32gg.o
 .debug_frame   0x000001d0      0x318 ./Drivers/segmentlcd.o
 .debug_frame   0x000004e8      0x1d0 ./Drivers/sleep.o
 .debug_frame   0x000006b8       0x98 ./FreeRTOS/efm32gg/heap_1.o
 .debug_frame   0x00000750       0xd8 ./FreeRTOS/efm32gg/list.o
 .debug_frame   0x00000828      0x19c ./FreeRTOS/efm32gg/port.o
 .debug_frame   0x000009c4      0x3c8 ./FreeRTOS/efm32gg/queue.o
 .debug_frame   0x00000d8c      0x768 ./FreeRTOS/efm32gg/tasks.o
 .debug_frame   0x000014f4      0x2d8 ./FreeRTOS/efm32gg/timers.o
 .debug_frame   0x000017cc       0x2c ./emlib/em_assert.o
 .debug_frame   0x000017f8      0x630 ./emlib/em_cmu.o
 .debug_frame   0x00001e28      0x3c4 ./emlib/em_core.o
 .debug_frame   0x000021ec      0x2f0 ./emlib/em_emu.o
 .debug_frame   0x000024dc      0x1b0 ./emlib/em_gpio.o
 .debug_frame   0x0000268c      0x2bc ./emlib/em_lcd.o
 .debug_frame   0x00002948      0x110 ./emlib/em_rmu.o
 .debug_frame   0x00002a58      0x130 ./emlib/em_rtc.o
 .debug_frame   0x00002b88       0x5c ./emlib/em_system.o
 .debug_frame   0x00002be4      0x134 ./emlib/em_timer.o
 .debug_frame   0x00002d18      0x1b0 ./src/low_power_tick_management.o
 .debug_frame   0x00002ec8      0x220 ./src/main.o
 .debug_frame   0x000030e8       0x28 c:/siliconlabs/simplicitystudio/v4/developer/toolchains/gnu_arm/4.9_2015q3/bin/../lib/gcc/arm-none-eabi/4.9.3/../../../../arm-none-eabi/lib/armv7-m\libc_nano.a(lib_a-exit.o)
 .debug_frame   0x00003110       0x2c c:/siliconlabs/simplicitystudio/v4/developer/toolchains/gnu_arm/4.9_2015q3/bin/../lib/gcc/arm-none-eabi/4.9.3/../../../../arm-none-eabi/lib/armv7-m\libc_nano.a(lib_a-init.o)
 .debug_frame   0x0000313c       0x28 c:/siliconlabs/simplicitystudio/v4/developer/toolchains/gnu_arm/4.9_2015q3/bin/../lib/gcc/arm-none-eabi/4.9.3/../../../../arm-none-eabi/lib/armv7-m\libc_nano.a(lib_a-memcpy.o)
 .debug_frame   0x00003164       0x20 c:/siliconlabs/simplicitystudio/v4/developer/toolchains/gnu_arm/4.9_2015q3/bin/../lib/gcc/arm-none-eabi/4.9.3/../../../../arm-none-eabi/lib/armv7-m\libc_nano.a(lib_a-memset.o)
 .debug_frame   0x00003184       0x20 c:/siliconlabs/simplicitystudio/v4/developer/toolchains/gnu_arm/4.9_2015q3/bin/../lib/gcc/arm-none-eabi/4.9.3/../../../../arm-none-eabi/lib/armv7-m\libc_nano.a(lib_a-strlen.o)
 .debug_frame   0x000031a4       0x20 c:/siliconlabs/simplicitystudio/v4/developer/toolchains/gnu_arm/4.9_2015q3/bin/../lib/gcc/arm-none-eabi/4.9.3/../../../../arm-none-eabi/lib/armv7-m\libnosys.a(_exit.o)
