Archive member included because of file (symbol)

c:/siliconlabs/simplicitystudio/v4/developer/toolchains/gnu_arm/4.9_2015q3/bin/../lib/gcc/arm-none-eabi/4.9.3/armv7-m\libgcc.a(_arm_addsubdf3.o)
                              ./src/main.o (__aeabi_dadd)
c:/siliconlabs/simplicitystudio/v4/developer/toolchains/gnu_arm/4.9_2015q3/bin/../lib/gcc/arm-none-eabi/4.9.3/armv7-m\libgcc.a(_arm_muldivdf3.o)
                              ./src/main.o (__aeabi_ddiv)
c:/siliconlabs/simplicitystudio/v4/developer/toolchains/gnu_arm/4.9_2015q3/bin/../lib/gcc/arm-none-eabi/4.9.3/armv7-m\libgcc.a(_arm_fixdfsi.o)
                              ./src/main.o (__aeabi_d2iz)
c:/siliconlabs/simplicitystudio/v4/developer/toolchains/gnu_arm/4.9_2015q3/bin/../lib/gcc/arm-none-eabi/4.9.3/armv7-m\libgcc.a(_aeabi_uldivmod.o)
                              ./emlib/em_usart.o (__aeabi_uldivmod)
c:/siliconlabs/simplicitystudio/v4/developer/toolchains/gnu_arm/4.9_2015q3/bin/../lib/gcc/arm-none-eabi/4.9.3/armv7-m\libgcc.a(bpabi.o)
                              c:/siliconlabs/simplicitystudio/v4/developer/toolchains/gnu_arm/4.9_2015q3/bin/../lib/gcc/arm-none-eabi/4.9.3/armv7-m\libgcc.a(_aeabi_uldivmod.o) (__gnu_uldivmod_helper)
c:/siliconlabs/simplicitystudio/v4/developer/toolchains/gnu_arm/4.9_2015q3/bin/../lib/gcc/arm-none-eabi/4.9.3/armv7-m\libgcc.a(_dvmd_tls.o)
                              c:/siliconlabs/simplicitystudio/v4/developer/toolchains/gnu_arm/4.9_2015q3/bin/../lib/gcc/arm-none-eabi/4.9.3/armv7-m\libgcc.a(_aeabi_uldivmod.o) (__aeabi_ldiv0)
c:/siliconlabs/simplicitystudio/v4/developer/toolchains/gnu_arm/4.9_2015q3/bin/../lib/gcc/arm-none-eabi/4.9.3/armv7-m\libgcc.a(_divdi3.o)
                              c:/siliconlabs/simplicitystudio/v4/developer/toolchains/gnu_arm/4.9_2015q3/bin/../lib/gcc/arm-none-eabi/4.9.3/armv7-m\libgcc.a(bpabi.o) (__divdi3)
c:/siliconlabs/simplicitystudio/v4/developer/toolchains/gnu_arm/4.9_2015q3/bin/../lib/gcc/arm-none-eabi/4.9.3/armv7-m\libgcc.a(_udivdi3.o)
                              c:/siliconlabs/simplicitystudio/v4/developer/toolchains/gnu_arm/4.9_2015q3/bin/../lib/gcc/arm-none-eabi/4.9.3/armv7-m\libgcc.a(bpabi.o) (__udivdi3)
c:/siliconlabs/simplicitystudio/v4/developer/toolchains/gnu_arm/4.9_2015q3/bin/../lib/gcc/arm-none-eabi/4.9.3/../../../../arm-none-eabi/lib/armv7-m\libc_nano.a(lib_a-abs.o)
                              ./Drivers/segmentlcd.o (abs)
c:/siliconlabs/simplicitystudio/v4/developer/toolchains/gnu_arm/4.9_2015q3/bin/../lib/gcc/arm-none-eabi/4.9.3/../../../../arm-none-eabi/lib/armv7-m\libc_nano.a(lib_a-exit.o)
                              c:/siliconlabs/simplicitystudio/v4/developer/toolchains/gnu_arm/4.9_2015q3/bin/../lib/gcc/arm-none-eabi/4.9.3/../../../../arm-none-eabi/lib/armv7-m/crt0.o (exit)
c:/siliconlabs/simplicitystudio/v4/developer/toolchains/gnu_arm/4.9_2015q3/bin/../lib/gcc/arm-none-eabi/4.9.3/../../../../arm-none-eabi/lib/armv7-m\libc_nano.a(lib_a-fileno.o)
                              ./Drivers/retargetio.o (fileno)
c:/siliconlabs/simplicitystudio/v4/developer/toolchains/gnu_arm/4.9_2015q3/bin/../lib/gcc/arm-none-eabi/4.9.3/../../../../arm-none-eabi/lib/armv7-m\libc_nano.a(lib_a-findfp.o)
                              c:/siliconlabs/simplicitystudio/v4/developer/toolchains/gnu_arm/4.9_2015q3/bin/../lib/gcc/arm-none-eabi/4.9.3/../../../../arm-none-eabi/lib/armv7-m\libc_nano.a(lib_a-fileno.o) (__sinit)
c:/siliconlabs/simplicitystudio/v4/developer/toolchains/gnu_arm/4.9_2015q3/bin/../lib/gcc/arm-none-eabi/4.9.3/../../../../arm-none-eabi/lib/armv7-m\libc_nano.a(lib_a-fwalk.o)
                              c:/siliconlabs/simplicitystudio/v4/developer/toolchains/gnu_arm/4.9_2015q3/bin/../lib/gcc/arm-none-eabi/4.9.3/../../../../arm-none-eabi/lib/armv7-m\libc_nano.a(lib_a-findfp.o) (_fwalk)
c:/siliconlabs/simplicitystudio/v4/developer/toolchains/gnu_arm/4.9_2015q3/bin/../lib/gcc/arm-none-eabi/4.9.3/../../../../arm-none-eabi/lib/armv7-m\libc_nano.a(lib_a-impure.o)
                              c:/siliconlabs/simplicitystudio/v4/developer/toolchains/gnu_arm/4.9_2015q3/bin/../lib/gcc/arm-none-eabi/4.9.3/../../../../arm-none-eabi/lib/armv7-m\libc_nano.a(lib_a-exit.o) (_global_impure_ptr)
c:/siliconlabs/simplicitystudio/v4/developer/toolchains/gnu_arm/4.9_2015q3/bin/../lib/gcc/arm-none-eabi/4.9.3/../../../../arm-none-eabi/lib/armv7-m\libc_nano.a(lib_a-init.o)
                              c:/siliconlabs/simplicitystudio/v4/developer/toolchains/gnu_arm/4.9_2015q3/bin/../lib/gcc/arm-none-eabi/4.9.3/../../../../arm-none-eabi/lib/armv7-m/crt0.o (__libc_init_array)
c:/siliconlabs/simplicitystudio/v4/developer/toolchains/gnu_arm/4.9_2015q3/bin/../lib/gcc/arm-none-eabi/4.9.3/../../../../arm-none-eabi/lib/armv7-m\libc_nano.a(lib_a-memcpy.o)
                              ./FreeRTOS/efm32gg/queue.o (memcpy)
c:/siliconlabs/simplicitystudio/v4/developer/toolchains/gnu_arm/4.9_2015q3/bin/../lib/gcc/arm-none-eabi/4.9.3/../../../../arm-none-eabi/lib/armv7-m\libc_nano.a(lib_a-memset.o)
[...]
Memory Configuration

Name             Origin             Length             Attributes
FLASH            0x00000000         0x00100000         xr
RAM              0x20000000         0x00020000         xrw
*default*        0x00000000         0xffffffff

Linker script and memory map

LOAD c:/siliconlabs/simplicitystudio/v4/developer/toolchains/gnu_arm/4.9_2015q3/bin/../lib/gcc/arm-none-eabi/4.9.3/armv7-m/crti.o
LOAD c:/siliconlabs/simplicitystudio/v4/developer/toolchains/gnu_arm/4.9_2015q3/bin/../lib/gcc/arm-none-eabi/4.9.3/armv7-m/crtbegin.o
LOAD c:/siliconlabs/simplicitystudio/v4/developer/toolchains/gnu_arm/4.9_2015q3/bin/../lib/gcc/arm-none-eabi/4.9.3/../../../../arm-none-eabi/lib/armv7-m/crt0.o
LOAD ./BSP/bsp_trace.o
LOAD ./CMSIS/EFM32GG/startup_efm32gg.o
LOAD ./CMSIS/EFM32GG/system_efm32gg.o
LOAD ./Drivers/retargetio.o
LOAD ./Drivers/retargetserial.o
LOAD ./Drivers/segmentlcd.o
LOAD ./Drivers/sleep.o
LOAD ./Drivers/udelay.o
LOAD ./FreeRTOS/efm32gg/croutine.o
LOAD ./FreeRTOS/efm32gg/event_groups.o
LOAD ./FreeRTOS/efm32gg/heap_1.o
LOAD ./FreeRTOS/efm32gg/list.o
LOAD ./FreeRTOS/efm32gg/port.o
LOAD ./FreeRTOS/efm32gg/queue.o
LOAD ./FreeRTOS/efm32gg/tasks.o
LOAD ./FreeRTOS/efm32gg/timers.o
LOAD ./emlib/em_assert.o
LOAD ./emlib/em_burtc.o
LOAD ./emlib/em_cmu.o
LOAD ./emlib/em_core.o
LOAD ./emlib/em_emu.o
LOAD ./emlib/em_gpio.o
LOAD ./emlib/em_lcd.o
LOAD ./emlib/em_rmu.o
LOAD ./emlib/em_rtc.o
LOAD ./emlib/em_system.o
LOAD ./emlib/em_timer.o
LOAD ./emlib/em_usart.o
LOAD ./src/low_power_tick_management.o
LOAD ./src/main.o
START GROUP
LOAD c:/siliconlabs/simplicitystudio/v4/developer/toolchains/gnu_arm/4.9_2015q3/bin/../lib/gcc/arm-none-eabi/4.9.3/armv7-m\libgcc.a
LOAD c:/siliconlabs/simplicitystudio/v4/developer/toolchains/gnu_arm/4.9_2015q3/bin/../lib/gcc/arm-none-eabi/4.9.3/../../../../arm-none-eabi/lib/armv7-m\libc_nano.a
LOAD c:/siliconlabs/simplicitystudio/v4/developer/toolchains/gnu_arm/4.9_2015q3/bin/../lib/gcc/arm-none-eabi/4.9.3/../../../../arm-none-eabi/lib/armv7-m\libnosys.a
END GROUP
START GROUP
LOAD c:/siliconlabs/simplicitystudio/v4/developer/toolchains/gnu_arm/4.9_2015q3/bin/../lib/gcc/arm-none-eabi/4.9.3/armv7-m\libgcc.a
LOAD c:/siliconlabs/simplicitystudio/v4/developer/toolchains/gnu_arm/4.9_2015q3/bin/../lib/gcc/arm-none-eabi/4.9.3/../../../../arm-none-eabi/lib/armv7-m\libg_nano.a
LOAD c:/siliconlabs/simplicitystudio/v4/developer/toolchains/gnu_arm/4.9_2015q3/bin/../lib/gcc/arm-none-eabi/4.9.3/../../../../arm-none-eabi/lib/armv7-m\libc_nano.a
END GROUP
START GROUP
LOAD c:/siliconlabs/simplicitystudio/v4/developer/toolchains/gnu_arm/4.9_2015q3/bin/../lib/gcc/arm-none-eabi/4.9.3/armv7-m\libgcc.a
LOAD c:/siliconlabs/simplicitystudio/v4/developer/toolchains/gnu_arm/4.9_2015q3/bin/../lib/gcc/arm-none-eabi/4.9.3/../../../../arm-none-eabi/lib/armv7-m\libc_nano.a
END GROUP
LOAD c:/siliconlabs/simplicitystudio/v4/developer/toolchains/gnu_arm/4.9_2015q3/bin/../lib/gcc/arm-none-eabi/4.9.3/armv7-m/crtend.o
LOAD c:/siliconlabs/simplicitystudio/v4/developer/toolchains/gnu_arm/4.9_2015q3/bin/../lib/gcc/arm-none-eabi/4.9.3/armv7-m/crtn.o

.text           0x00000000     0x82cc
 *(.vectors)
 .vectors       0x00000000       0xdc ./CMSIS/EFM32GG/startup_efm32gg.o
                0x00000000                __Vectors
                0x000000dc                __Vectors_End = .
                0x000000dc                __Vectors_Size = (__Vectors_End - __Vectors)
                0x000000dc                __end__ = .
 *(.text*)
 .text          0x000000dc       0x5c c:/siliconlabs/simplicitystudio/v4/developer/toolchains/gnu_arm/4.9_2015q3/bin/../lib/gcc/arm-none-eabi/4.9.3/armv7-m/crtbegin.o
 .text          0x00000138       0x74 c:/siliconlabs/simplicitystudio/v4/developer/toolchains/gnu_arm/4.9_2015q3/bin/../lib/gcc/arm-none-eabi/4.9.3/../../../../arm-none-eabi/lib/armv7-m/crt0.o
                0x00000138                _start
                0x00000138                _mainCRTStartup
 .text.BSP_TraceProfilerSetup
                0x000001ac      0x118 ./BSP/bsp_trace.o
                0x000001ac                BSP_TraceProfilerSetup
 .text          0x000002c4       0x30 ./CMSIS/EFM32GG/startup_efm32gg.o
                0x000002c4                Reset_Handler
                0x000002f0                DebugMon_Handler
                0x000002f0                USART0_TX_IRQHandler
                0x000002f0                I2C0_IRQHandler
                0x000002f0                HardFault_Handler
                0x000002f0                LEUART1_IRQHandler
                0x000002f0                NMI_Handler
                0x000002f0                I2C1_IRQHandler
                0x000002f0                TIMER3_IRQHandler
                0x000002f0                USART1_TX_IRQHandler
                0x000002f0                MSC_IRQHandler
                0x000002f0                ADC0_IRQHandler
                0x000002f0                UsageFault_Handler
                0x000002f0                LEUART0_IRQHandler
                0x000002f0                GPIO_EVEN_IRQHandler
                0x000002f0                UART0_TX_IRQHandler
                0x000002f0                UART1_TX_IRQHandler
                0x000002f0                TIMER2_IRQHandler
                0x000002f0                LCD_IRQHandler
                0x000002f0                PCNT2_IRQHandler
                0x000002f0                UART0_RX_IRQHandler
                0x000002f0                LETIMER0_IRQHandler
                0x000002f0                TIMER1_IRQHandler
                0x000002f0                USART2_RX_IRQHandler
                0x000002f0                Default_Handler
                0x000002f0                EMU_IRQHandler
                0x000002f0                PCNT0_IRQHandler
                0x000002f0                USB_IRQHandler
                0x000002f0                BURTC_IRQHandler
                0x000002f0                PCNT1_IRQHandler
                0x000002f0                ACMP0_IRQHandler
                0x000002f0                USART0_RX_IRQHandler
                0x000002f0                MemManage_Handler
                0x000002f0                DAC0_IRQHandler
                0x000002f0                UART1_RX_IRQHandler
                0x000002f0                CMU_IRQHandler
                0x000002f0                EBI_IRQHandler
                0x000002f0                LESENSE_IRQHandler
                0x000002f0                AES_IRQHandler
                0x000002f0                VCMP_IRQHandler
                0x000002f0                DMA_IRQHandler
                0x000002f0                BusFault_Handler
                0x000002f0                USART2_TX_IRQHandler
 .text.GetProdRev
                0x000002f4       0x1c ./CMSIS/EFM32GG/system_efm32gg.o
 .text.SystemCoreClockGet
                0x00000310       0x34 ./CMSIS/EFM32GG/system_efm32gg.o
                0x00000310                SystemCoreClockGet
 .text.SystemMaxCoreClockGet
                0x00000344       0x14 ./CMSIS/EFM32GG/system_efm32gg.o
                0x00000344                SystemMaxCoreClockGet
 .text.SystemHFClockGet
                0x00000358      0x100 ./CMSIS/EFM32GG/system_efm32gg.o
                0x00000358                SystemHFClockGet
 .text.SystemHFXOClockGet
                0x00000458       0x18 ./CMSIS/EFM32GG/system_efm32gg.o
                0x00000458                SystemHFXOClockGet
 .text.SystemInit
                0x00000470        0xc ./CMSIS/EFM32GG/system_efm32gg.o
                0x00000470                SystemInit
 .text.SystemLFRCOClockGet
                0x0000047c       0x14 ./CMSIS/EFM32GG/system_efm32gg.o
                0x0000047c                SystemLFRCOClockGet
 .text.SystemULFRCOClockGet
                0x00000490       0x14 ./CMSIS/EFM32GG/system_efm32gg.o
                0x00000490                SystemULFRCOClockGet
 .text.SystemLFXOClockGet
                0x000004a4       0x18 ./CMSIS/EFM32GG/system_efm32gg.o
                0x000004a4                SystemLFXOClockGet
 .text._close   0x000004bc       0x18 ./Drivers/retargetio.o
                0x000004bc                _close
 .text._exit    0x000004d4        0xc ./Drivers/retargetio.o
                0x000004d4                _exit
 .text._fstat   0x000004e0       0x20 ./Drivers/retargetio.o
                0x000004e0                _fstat
 .text._isatty  0x00000500       0x18 ./Drivers/retargetio.o
                0x00000500                _isatty
 .text._lseek   0x00000518       0x1c ./Drivers/retargetio.o
                0x00000518                _lseek
 .text._read    0x00000534       0x58 ./Drivers/retargetio.o
                0x00000534                _read
 .text._sbrk    0x0000058c       0x7c ./Drivers/retargetio.o
                0x0000058c                _sbrk
 .text._write   0x00000608       0x38 ./Drivers/retargetio.o
                0x00000608                _write
 .text.NVIC_EnableIRQ
                0x00000640       0x30 ./Drivers/retargetserial.o
 .text.NVIC_ClearPendingIRQ
                0x00000670       0x34 ./Drivers/retargetserial.o
 .text.USART_IntClear
                0x000006a4       0x1c ./Drivers/retargetserial.o
 .text.USART_IntEnable
                0x000006c0       0x20 ./Drivers/retargetserial.o
 .text.USART1_RX_IRQHandler
                0x000006e0       0x74 ./Drivers/retargetserial.o
                0x000006e0                USART1_RX_IRQHandler
 .text.RETARGET_SerialInit
                0x00000754       0xc0 ./Drivers/retargetserial.o
                0x00000754                RETARGET_SerialInit
 .text.RETARGET_ReadChar
                0x00000814       0x7c ./Drivers/retargetserial.o
                0x00000814                RETARGET_ReadChar
 .text.RETARGET_WriteChar
                0x00000890       0x68 ./Drivers/retargetserial.o
                0x00000890                RETARGET_WriteChar
 .text.LCD_FreezeEnable
                0x000008f8       0x2c ./Drivers/segmentlcd.o
 .text.LCD_SyncBusyDelay
                0x00000924       0x24 ./Drivers/segmentlcd.o
 .text.LCD_IntDisable
                0x00000948       0x24 ./Drivers/segmentlcd.o
 .text.SegmentLCD_AllOff
                0x0000096c       0xac ./Drivers/segmentlcd.o
                0x0000096c                SegmentLCD_AllOff
 .text.SegmentLCD_AlphaNumberOff
                0x00000a18       0xa8 ./Drivers/segmentlcd.o
                0x00000a18                SegmentLCD_AlphaNumberOff
 .text.SegmentLCD_Init
                0x00000ac0       0xb8 ./Drivers/segmentlcd.o
                0x00000ac0                SegmentLCD_Init
 .text.SegmentLCD_Write
                0x00000b78       0xd8 ./Drivers/segmentlcd.o
                0x00000b78                SegmentLCD_Write
 .text.BUS_RegBitWrite
                0x00000c50       0x2c ./Drivers/sleep.o
 .text.EMU_EnterEM1
                0x00000c7c       0x20 ./Drivers/sleep.o
 .text.EMU_EM2Block
                0x00000c9c       0x14 ./Drivers/sleep.o
 .text.sleepCallbackWrapper
                0x00000cb0       0x2c ./Drivers/sleep.o
 .text.SLEEP_Init
                0x00000cdc       0x60 ./Drivers/sleep.o
                0x00000cdc                SLEEP_Init
 .text.SLEEP_Sleep
                0x00000d3c       0x90 ./Drivers/sleep.o
                0x00000d3c                SLEEP_Sleep
 .text.SLEEP_SleepBlockBegin
                0x00000dcc       0x6c ./Drivers/sleep.o
                0x00000dcc                SLEEP_SleepBlockBegin
 .text.SLEEP_LowestEnergyModeGet
                0x00000e38       0x40 ./Drivers/sleep.o
                0x00000e38                SLEEP_LowestEnergyModeGet
 .text.enterEMx
                0x00000e78       0xac ./Drivers/sleep.o
 .text.pvPortMalloc
                0x00000f24       0x8c ./FreeRTOS/efm32gg/heap_1.o
                0x00000f24                pvPortMalloc
 .text.vPortFree
                0x00000fb0       0x20 ./FreeRTOS/efm32gg/heap_1.o
                0x00000fb0                vPortFree
 .text.vListInitialise
                0x00000fd0       0x40 ./FreeRTOS/efm32gg/list.o
                0x00000fd0                vListInitialise
 .text.vListInitialiseItem
                0x00001010       0x18 ./FreeRTOS/efm32gg/list.o
                0x00001010                vListInitialiseItem
 .text.vListInsertEnd
                0x00001028       0x48 ./FreeRTOS/efm32gg/list.o
                0x00001028                vListInsertEnd
 .text.vListInsert
                0x00001070       0x70 ./FreeRTOS/efm32gg/list.o
                0x00001070                vListInsert
 .text.uxListRemove
                0x000010e0       0x54 ./FreeRTOS/efm32gg/list.o
                0x000010e0                uxListRemove
 .text.pxPortInitialiseStack
                0x00001134       0x5c ./FreeRTOS/efm32gg/port.o
                0x00001134                pxPortInitialiseStack
 .text.prvTaskExitError
                0x00001190       0x34 ./FreeRTOS/efm32gg/port.o
 *fill*         0x000011c4        0xc 
 .text.SVC_Handler
                0x000011d0       0x24 ./FreeRTOS/efm32gg/port.o
                0x000011d0                SVC_Handler
 .text.prvPortStartFirstTask
                0x000011f4       0x20 ./FreeRTOS/efm32gg/port.o
 .text.xPortStartScheduler
                0x00001214       0xbc ./FreeRTOS/efm32gg/port.o
                0x00001214                xPortStartScheduler
 .text.vPortEnterCritical
                0x000012d0       0x50 ./FreeRTOS/efm32gg/port.o
                0x000012d0                vPortEnterCritical
 .text.vPortExitCritical
                0x00001320       0x44 ./FreeRTOS/efm32gg/port.o
                0x00001320                vPortExitCritical
 *fill*         0x00001364        0xc 
 .text.PendSV_Handler
                0x00001370       0x44 ./FreeRTOS/efm32gg/port.o
                0x00001370                PendSV_Handler
 .text.SysTick_Handler
                0x000013b4       0x40 ./FreeRTOS/efm32gg/port.o
                0x000013b4                SysTick_Handler
 .text.vPortValidateInterruptPriority
                0x000013f4       0x64 ./FreeRTOS/efm32gg/port.o
                0x000013f4                vPortValidateInterruptPriority
 .text.xQueueGenericReset
                0x00001458       0xc8 ./FreeRTOS/efm32gg/queue.o
                0x00001458                xQueueGenericReset
 .text.xQueueGenericCreate
                0x00001520       0x6c ./FreeRTOS/efm32gg/queue.o
                0x00001520                xQueueGenericCreate
 .text.prvInitialiseNewQueue
                0x0000158c       0x3c ./FreeRTOS/efm32gg/queue.o
 .text.xQueueGenericSend
                0x000015c8      0x1bc ./FreeRTOS/efm32gg/queue.o
                0x000015c8                xQueueGenericSend
 .text.xQueueGenericSendFromISR
                0x00001784       0xfc ./FreeRTOS/efm32gg/queue.o
                0x00001784                xQueueGenericSendFromISR
 .text.xQueueGenericReceive
                0x00001880      0x1fc ./FreeRTOS/efm32gg/queue.o
                0x00001880                xQueueGenericReceive
 .text.prvCopyDataToQueue
                0x00001a7c       0xd8 ./FreeRTOS/efm32gg/queue.o
 .text.prvCopyDataFromQueue
                0x00001b54       0x4c ./FreeRTOS/efm32gg/queue.o
 .text.prvUnlockQueue
                0x00001ba0       0xa4 ./FreeRTOS/efm32gg/queue.o
 .text.prvIsQueueEmpty
                0x00001c44       0x2c ./FreeRTOS/efm32gg/queue.o
 .text.prvIsQueueFull
                0x00001c70       0x30 ./FreeRTOS/efm32gg/queue.o
 .text.vQueueAddToRegistry
                0x00001ca0       0x50 ./FreeRTOS/efm32gg/queue.o
                0x00001ca0                vQueueAddToRegistry
 .text.vQueueWaitForMessageRestricted
                0x00001cf0       0x6c ./FreeRTOS/efm32gg/queue.o
                0x00001cf0                vQueueWaitForMessageRestricted
 .text.xTaskCreate
                0x00001d5c       0x84 ./FreeRTOS/efm32gg/tasks.o
                0x00001d5c                xTaskCreate
 .text.prvInitialiseNewTask
                0x00001de0       0xf4 ./FreeRTOS/efm32gg/tasks.o
 .text.prvAddNewTaskToReadyList
                0x00001ed4       0xd8 ./FreeRTOS/efm32gg/tasks.o
 .text.vTaskDelay
                0x00001fac       0x60 ./FreeRTOS/efm32gg/tasks.o
                0x00001fac                vTaskDelay
 .text.vTaskStartScheduler
                0x0000200c       0x90 ./FreeRTOS/efm32gg/tasks.o
                0x0000200c                vTaskStartScheduler
 .text.vTaskSuspendAll
                0x0000209c       0x1c ./FreeRTOS/efm32gg/tasks.o
                0x0000209c                vTaskSuspendAll
 .text.prvGetExpectedIdleTime
                0x000020b8       0x74 ./FreeRTOS/efm32gg/tasks.o
 .text.xTaskResumeAll
                0x0000212c      0x134 ./FreeRTOS/efm32gg/tasks.o
                0x0000212c                xTaskResumeAll
 .text.xTaskGetTickCount
                0x00002260       0x20 ./FreeRTOS/efm32gg/tasks.o
                0x00002260                xTaskGetTickCount
 .text.vTaskStepTick
                0x00002280       0x40 ./FreeRTOS/efm32gg/tasks.o
                0x00002280                vTaskStepTick
 .text.xTaskIncrementTick
                0x000022c0      0x178 ./FreeRTOS/efm32gg/tasks.o
                0x000022c0                xTaskIncrementTick
 .text.vTaskSwitchContext
                0x00002438       0xa8 ./FreeRTOS/efm32gg/tasks.o
                0x00002438                vTaskSwitchContext
 .text.vTaskPlaceOnEventList
                0x000024e0       0x40 ./FreeRTOS/efm32gg/tasks.o
                0x000024e0                vTaskPlaceOnEventList
 .text.vTaskPlaceOnEventListRestricted
                0x00002520       0x4c ./FreeRTOS/efm32gg/tasks.o
                0x00002520                vTaskPlaceOnEventListRestricted
 .text.xTaskRemoveFromEventList
                0x0000256c       0xc4 ./FreeRTOS/efm32gg/tasks.o
                0x0000256c                xTaskRemoveFromEventList
 .text.vTaskSetTimeOutState
                0x00002630       0x3c ./FreeRTOS/efm32gg/tasks.o
                0x00002630                vTaskSetTimeOutState
 .text.xTaskCheckForTimeOut
                0x0000266c       0xac ./FreeRTOS/efm32gg/tasks.o
                0x0000266c                xTaskCheckForTimeOut
 .text.vTaskMissedYield
                0x00002718       0x18 ./FreeRTOS/efm32gg/tasks.o
                0x00002718                vTaskMissedYield
 .text.prvIdleTask
                0x00002730       0x58 ./FreeRTOS/efm32gg/tasks.o
 .text.eTaskConfirmSleepModeStatus
                0x00002788       0x5c ./FreeRTOS/efm32gg/tasks.o
                0x00002788                eTaskConfirmSleepModeStatus
 .text.prvInitialiseTaskLists
                0x000027e4       0x7c ./FreeRTOS/efm32gg/tasks.o
 .text.prvCheckTasksWaitingTermination
                0x00002860       0x74 ./FreeRTOS/efm32gg/tasks.o
 .text.prvDeleteTCB
                0x000028d4       0x20 ./FreeRTOS/efm32gg/tasks.o
 .text.prvResetNextTaskUnblockTime
                0x000028f4       0x48 ./FreeRTOS/efm32gg/tasks.o
 .text.xTaskGetSchedulerState
                0x0000293c       0x3c ./FreeRTOS/efm32gg/tasks.o
                0x0000293c                xTaskGetSchedulerState
 .text.vTaskPriorityInherit
                0x00002978       0xf0 ./FreeRTOS/efm32gg/tasks.o
                0x00002978                vTaskPriorityInherit
 .text.xTaskPriorityDisinherit
                0x00002a68       0xfc ./FreeRTOS/efm32gg/tasks.o
                0x00002a68                xTaskPriorityDisinherit
 .text.pvTaskIncrementMutexHeldCount
                0x00002b64       0x28 ./FreeRTOS/efm32gg/tasks.o
                0x00002b64                pvTaskIncrementMutexHeldCount
 .text.prvAddCurrentTaskToDelayedList
                0x00002b8c       0xc8 ./FreeRTOS/efm32gg/tasks.o
 .text.xTimerCreateTimerTask
                0x00002c54       0x5c ./FreeRTOS/efm32gg/timers.o
                0x00002c54                xTimerCreateTimerTask
 .text.xTimerGenericCommand
                0x00002cb0       0xa0 ./FreeRTOS/efm32gg/timers.o
                0x00002cb0                xTimerGenericCommand
 .text.prvProcessExpiredTimer
                0x00002d50       0x78 ./FreeRTOS/efm32gg/timers.o
 .text.prvTimerTask
                0x00002dc8       0x24 ./FreeRTOS/efm32gg/timers.o
 .text.prvProcessTimerOrBlockTask
                0x00002dec       0x9c ./FreeRTOS/efm32gg/timers.o
 .text.prvGetNextExpireTime
                0x00002e88       0x48 ./FreeRTOS/efm32gg/timers.o
 .text.prvSampleTimeNow
                0x00002ed0       0x40 ./FreeRTOS/efm32gg/timers.o
 .text.prvInsertTimerInActiveList
                0x00002f10       0x84 ./FreeRTOS/efm32gg/timers.o
 .text.prvProcessReceivedCommands
                0x00002f94      0x11c ./FreeRTOS/efm32gg/timers.o
 .text.prvSwitchTimerLists
                0x000030b0       0xb8 ./FreeRTOS/efm32gg/timers.o
 .text.prvCheckForValidListAndQueue
                0x00003168       0x6c ./FreeRTOS/efm32gg/timers.o
 .text.assertEFM
                0x000031d4        0xc ./emlib/em_assert.o
                0x000031d4                assertEFM
 .text.BUS_RegBitWrite
                0x000031e0       0x2c ./emlib/em_cmu.o
 .text.BUS_RegBitRead
                0x0000320c       0x2c ./emlib/em_cmu.o
 .text.CMU_DivToLog2
                0x00003238       0x3c ./emlib/em_cmu.o
 .text.SYSTEM_GetProdRev
                0x00003274       0x1c ./emlib/em_cmu.o
 .text.SYSTEM_GetFamily
                0x00003290       0x20 ./emlib/em_cmu.o
 .text.maxFreqHfle
                0x000032b0       0x84 ./emlib/em_cmu.o
 .text.setHfLeConfig
                0x00003334       0x60 ./emlib/em_cmu.o
 .text.getHfLeConfig
                0x00003394       0x20 ./emlib/em_cmu.o
 .text.auxClkGet
                0x000033b4       0xc0 ./emlib/em_cmu.o
 .text.dbgClkGet
                0x00003474       0x4c ./emlib/em_cmu.o
 .text.flashWaitStateControl
                0x000034c0       0x98 ./emlib/em_cmu.o
 .text.flashWaitStateMax
                0x00003558       0x40 ./emlib/em_cmu.o
 .text.CMU_UpdateWaitStates
                0x00003598       0x40 ./emlib/em_cmu.o
                0x00003598                CMU_UpdateWaitStates
 .text.lfClkGet
                0x000035d8      0x10c ./emlib/em_cmu.o
 .text.syncReg  0x000036e4       0x34 ./emlib/em_cmu.o
 .text.usbCClkGet
                0x00003718       0x4c ./emlib/em_cmu.o
 .text.CMU_ClockDivSet
                0x00003764      0x2c4 ./emlib/em_cmu.o
                0x00003764                CMU_ClockDivSet
 .text.CMU_ClockEnable
                0x00003a28       0xdc ./emlib/em_cmu.o
                0x00003a28                CMU_ClockEnable
 .text.CMU_ClockFreqGet
                0x00003b04      0x1e4 ./emlib/em_cmu.o
                0x00003b04                CMU_ClockFreqGet
 .text.CMU_ClockSelectGet
                0x00003ce8      0x168 ./emlib/em_cmu.o
                0x00003ce8                CMU_ClockSelectGet
 .text.CMU_ClockSelectSet
                0x00003e50      0x2d8 ./emlib/em_cmu.o
                0x00003e50                CMU_ClockSelectSet
 .text.CMU_LCDClkFDIVSet
                0x00004128       0x4c ./emlib/em_cmu.o
                0x00004128                CMU_LCDClkFDIVSet
 .text.CMU_OscillatorEnable
                0x00004174       0xc8 ./emlib/em_cmu.o
                0x00004174                CMU_OscillatorEnable
 .text.CORE_EnterCritical
                0x0000423c       0x20 ./emlib/em_core.o
                0x0000423c                CORE_EnterCritical
 .text.CORE_ExitCritical
                0x0000425c       0x1c ./emlib/em_core.o
                0x0000425c                CORE_ExitCritical
 .text.CORE_EnterAtomic
                0x00004278       0x20 ./emlib/em_core.o
                0x00004278                CORE_EnterAtomic
 .text.CORE_ExitAtomic
                0x00004298       0x1c ./emlib/em_core.o
                0x00004298                CORE_ExitAtomic
 .text.SystemCoreClockUpdate
                0x000042b4        0xc ./emlib/em_emu.o
 .text.EMU_Unlock
                0x000042c0       0x18 ./emlib/em_emu.o
 .text.CMU_Lock
                0x000042d8       0x18 ./emlib/em_emu.o
 .text.CMU_Unlock
                0x000042f0       0x1c ./emlib/em_emu.o
 .text.emState  0x0000430c       0xcc ./emlib/em_emu.o
 .text.getErrataFixEmuE107En
                0x000043d8       0x64 ./emlib/em_emu.o
 .text.EMU_EnterEM2
                0x0000443c       0x8c ./emlib/em_emu.o
                0x0000443c                EMU_EnterEM2
 .text.EMU_EnterEM3
                0x000044c8       0xb4 ./emlib/em_emu.o
                0x000044c8                EMU_EnterEM3
 .text.EMU_Save
                0x0000457c        0xc ./emlib/em_emu.o
                0x0000457c                EMU_Save
 .text.EMU_Restore
                0x00004588        0xc ./emlib/em_emu.o
                0x00004588                EMU_Restore
 .text.EMU_EnterEM4
                0x00004594       0x50 ./emlib/em_emu.o
                0x00004594                EMU_EnterEM4
 .text.BUS_RegBitWrite
                0x000045e4       0x2c ./emlib/em_gpio.o
 .text.BUS_RegMaskedWrite
                0x00004610       0x28 ./emlib/em_gpio.o
 .text.GPIO_PinOutClear
                0x00004638       0x98 ./emlib/em_gpio.o
 .text.GPIO_PinOutSet
                0x000046d0       0x98 ./emlib/em_gpio.o
 .text.GPIO_ExtIntConfig
                0x00004768      0x114 ./emlib/em_gpio.o
                0x00004768                GPIO_ExtIntConfig
 .text.GPIO_PinModeSet
                0x0000487c      0x150 ./emlib/em_gpio.o
                0x0000487c                GPIO_PinModeSet
 .text.LCD_Enable
                0x000049cc       0x38 ./emlib/em_lcd.o
 .text.BUS_RegBitWrite
                0x00004a04       0x2c ./emlib/em_lcd.o
 .text.LCD_Init
                0x00004a30       0x88 ./emlib/em_lcd.o
                0x00004a30                LCD_Init
 .text.LCD_VLCDSelect
                0x00004ab8       0x44 ./emlib/em_lcd.o
                0x00004ab8                LCD_VLCDSelect
 .text.LCD_SegmentRangeEnable
                0x00004afc       0x40 ./emlib/em_lcd.o
                0x00004afc                LCD_SegmentRangeEnable
 .text.LCD_SegmentSet
                0x00004b3c      0x214 ./emlib/em_lcd.o
                0x00004b3c                LCD_SegmentSet
 .text.LCD_SegmentSetLow
                0x00004d50      0x198 ./emlib/em_lcd.o
                0x00004d50                LCD_SegmentSetLow
 .text.LCD_SegmentSetHigh
                0x00004ee8      0x18c ./emlib/em_lcd.o
                0x00004ee8                LCD_SegmentSetHigh
 .text.LCD_VBoostSet
                0x00005074       0x28 ./emlib/em_lcd.o
                0x00005074                LCD_VBoostSet
 .text.BUS_RegBitWrite
                0x0000509c       0x2c ./emlib/em_rmu.o
 .text.EMU_Lock
                0x000050c8       0x18 ./emlib/em_rmu.o
 .text.EMU_Unlock
                0x000050e0       0x18 ./emlib/em_rmu.o
 .text.RMU_ResetCauseClear
                0x000050f8       0x50 ./emlib/em_rmu.o
                0x000050f8                RMU_ResetCauseClear
 .text.RMU_ResetCauseGet
                0x00005148       0x6c ./emlib/em_rmu.o
                0x00005148                RMU_ResetCauseGet
 .text.BUS_RegBitWrite
                0x000051b4       0x2c ./emlib/em_rtc.o
 .text.RTC_CompareGet
                0x000051e0       0x4c ./emlib/em_rtc.o
                0x000051e0                RTC_CompareGet
 .text.RTC_CompareSet
                0x0000522c       0x5c ./emlib/em_rtc.o
                0x0000522c                RTC_CompareSet
 .text.RTC_Enable
                0x00005288       0x20 ./emlib/em_rtc.o
                0x00005288                RTC_Enable
 .text.RTC_Init
                0x000052a8       0x50 ./emlib/em_rtc.o
                0x000052a8                RTC_Init
 .text.SYSTEM_ChipRevisionGet
                0x000052f8       0x84 ./emlib/em_system.o
                0x000052f8                SYSTEM_ChipRevisionGet
 .text.TIMER_Valid
                0x0000537c       0x50 ./emlib/em_timer.o
 .text.TIMER_Init
                0x000053cc       0xec ./emlib/em_timer.o
                0x000053cc                TIMER_Init
 .text.USART_BaudrateAsyncSet
                0x000054b8      0x130 ./emlib/em_usart.o
                0x000054b8                USART_BaudrateAsyncSet
 .text.USART_Enable
                0x000055e8       0x78 ./emlib/em_usart.o
                0x000055e8                USART_Enable
 .text.USART_InitAsync
                0x00005660       0xc0 ./emlib/em_usart.o
                0x00005660                USART_InitAsync
 .text.USART_Reset
                0x00005720       0xb8 ./emlib/em_usart.o
                0x00005720                USART_Reset
 .text.USART_Rx
                0x000057d8       0x28 ./emlib/em_usart.o
                0x000057d8                USART_Rx
 .text.USART_Tx
                0x00005800       0x2c ./emlib/em_usart.o
                0x00005800                USART_Tx
 .text.NVIC_EnableIRQ
                0x0000582c       0x30 ./src/low_power_tick_management.o
 .text.NVIC_ClearPendingIRQ
                0x0000585c       0x34 ./src/low_power_tick_management.o
 .text.NVIC_SetPriority
                0x00005890       0x54 ./src/low_power_tick_management.o
 .text.RTC_CounterGet
                0x000058e4       0x18 ./src/low_power_tick_management.o
 .text.RTC_IntClear
                0x000058fc       0x1c ./src/low_power_tick_management.o
 .text.RTC_IntDisable
                0x00005918       0x24 ./src/low_power_tick_management.o
 .text.RTC_IntEnable
                0x0000593c       0x24 ./src/low_power_tick_management.o
 .text.RTC_IntGet
                0x00005960       0x18 ./src/low_power_tick_management.o
 .text.RTC_IRQHandler
                0x00005978       0x78 ./src/low_power_tick_management.o
                0x00005978                RTC_IRQHandler
 .text.vPortSetupTimerInterrupt
                0x000059f0       0x94 ./src/low_power_tick_management.o
                0x000059f0                vPortSetupTimerInterrupt
 .text.vPortSuppressTicksAndSleep
                0x00005a84      0x124 ./src/low_power_tick_management.o
                0x00005a84                vPortSuppressTicksAndSleep
 .text.NVIC_EnableIRQ
                0x00005ba8       0x30 ./src/main.o
 .text.NVIC_ClearPendingIRQ
                0x00005bd8       0x34 ./src/main.o
 .text.NVIC_SetPriority
                0x00005c0c       0x54 ./src/main.o
 .text.GPIO_IntClear
                0x00005c60       0x20 ./src/main.o
 .text.GPIO_IntConfig
                0x00005c80       0x38 ./src/main.o
 .text.SYSTEM_GetProdRev
                0x00005cb8       0x1c ./src/main.o
 .text.CHIP_Init
                0x00005cd4       0x3c ./src/main.o
 .text.TIMER_MaxCount
                0x00005d10       0x18 ./src/main.o
 .text.TIMER_CounterGet
                0x00005d28       0x18 ./src/main.o
 .text.TIMER_IntClear
                0x00005d40       0x1c ./src/main.o
 .text.TIMER_IntEnable
                0x00005d5c       0x20 ./src/main.o
 .text.TIMER_TopSet
                0x00005d7c       0x34 ./src/main.o
 .text.LcdPrint
                0x00005db0       0x30 ./src/main.o
 .text.Count    0x00005de0       0xb0 ./src/main.o
 .text.Init_TIMER0
                0x00005e90       0x6c ./src/main.o
                0x00005e90                Init_TIMER0
 .text.Init_GPIO
                0x00005efc       0x54 ./src/main.o
                0x00005efc                Init_GPIO
 .text.TIMER0_IRQHandler
                0x00005f50       0x24 ./src/main.o
                0x00005f50                TIMER0_IRQHandler
 *fill*         0x00005f74        0x4 
 .text.GPIO_ODD_IRQHandler
                0x00005f78       0x94 ./src/main.o
                0x00005f78                GPIO_ODD_IRQHandler
 .text.main     0x0000600c       0x9c ./src/main.o
                0x0000600c                main
 .text          0x000060a8      0x370 c:/siliconlabs/simplicitystudio/v4/developer/toolchains/gnu_arm/4.9_2015q3/bin/../lib/gcc/arm-none-eabi/4.9.3/armv7-m\libgcc.a(_arm_addsubdf3.o)
                0x000060a8                __aeabi_drsub
                0x000060b0                __aeabi_dsub
                0x000060b0                __subdf3
                0x000060b4                __aeabi_dadd
                0x000060b4                __adddf3
                0x0000632c                __floatunsidf
                0x0000632c                __aeabi_ui2d
                0x0000634c                __floatsidf
                0x0000634c                __aeabi_i2d
                0x00006370                __aeabi_f2d
                0x00006370                __extendsfdf2
                0x000063ac                __floatundidf
                0x000063ac                __aeabi_ul2d
                0x000063bc                __floatdidf
                0x000063bc                __aeabi_l2d
 .text          0x00006418      0x424 c:/siliconlabs/simplicitystudio/v4/developer/toolchains/gnu_arm/4.9_2015q3/bin/../lib/gcc/arm-none-eabi/4.9.3/armv7-m\libgcc.a(_arm_muldivdf3.o)
                0x00006418                __aeabi_dmul
                0x00006418                __muldf3
                0x0000666c                __divdf3
                0x0000666c                __aeabi_ddiv
 .text          0x0000683c       0x50 c:/siliconlabs/simplicitystudio/v4/developer/toolchains/gnu_arm/4.9_2015q3/bin/../lib/gcc/arm-none-eabi/4.9.3/armv7-m\libgcc.a(_arm_fixdfsi.o)
                0x0000683c                __aeabi_d2iz
                0x0000683c                __fixdfsi
 .text.exit     0x0000688c       0x28 c:/siliconlabs/simplicitystudio/v4/developer/toolchains/gnu_arm/4.9_2015q3/bin/../lib/gcc/arm-none-eabi/4.9.3/../../../../arm-none-eabi/lib/armv7-m\libc_nano.a(lib_a-exit.o)
                0x0000688c                exit
 .text.fileno   0x000068b4       0x5c c:/siliconlabs/simplicitystudio/v4/developer/toolchains/gnu_arm/4.9_2015q3/bin/../lib/gcc/arm-none-eabi/4.9.3/../../../../arm-none-eabi/lib/armv7-m\libc_nano.a(lib_a-fileno.o)
                0x000068b4                fileno
 .text._cleanup_r
                0x00006910        0xc c:/siliconlabs/simplicitystudio/v4/developer/toolchains/gnu_arm/4.9_2015q3/bin/../lib/gcc/arm-none-eabi/4.9.3/../../../../arm-none-eabi/lib/armv7-m\libc_nano.a(lib_a-findfp.o)
                0x00006910                _cleanup_r
 .text.std.isra.0
                0x0000691c       0x48 c:/siliconlabs/simplicitystudio/v4/developer/toolchains/gnu_arm/4.9_2015q3/bin/../lib/gcc/arm-none-eabi/4.9.3/../../../../arm-none-eabi/lib/armv7-m\libc_nano.a(lib_a-findfp.o)
 .text.__sfmoreglue
                0x00006964       0x2c c:/siliconlabs/simplicitystudio/v4/developer/toolchains/gnu_arm/4.9_2015q3/bin/../lib/gcc/arm-none-eabi/4.9.3/../../../../arm-none-eabi/lib/armv7-m\libc_nano.a(lib_a-findfp.o)
                0x00006964                __sfmoreglue
 .text.__sinit  0x00006990       0x60 c:/siliconlabs/simplicitystudio/v4/developer/toolchains/gnu_arm/4.9_2015q3/bin/../lib/gcc/arm-none-eabi/4.9.3/../../../../arm-none-eabi/lib/armv7-m\libc_nano.a(lib_a-findfp.o)
                0x00006990                __sinit
 .text.__sfp    0x000069f0       0x74 c:/siliconlabs/simplicitystudio/v4/developer/toolchains/gnu_arm/4.9_2015q3/bin/../lib/gcc/arm-none-eabi/4.9.3/../../../../arm-none-eabi/lib/armv7-m\libc_nano.a(lib_a-findfp.o)
                0x000069f0                __sfp
 .text._fwalk_reent
                0x00006a64       0x3c c:/siliconlabs/simplicitystudio/v4/developer/toolchains/gnu_arm/4.9_2015q3/bin/../lib/gcc/arm-none-eabi/4.9.3/../../../../arm-none-eabi/lib/armv7-m\libc_nano.a(lib_a-fwalk.o)
                0x00006a64                _fwalk_reent
 .text.__libc_init_array
                0x00006aa0       0x4c c:/siliconlabs/simplicitystudio/v4/developer/toolchains/gnu_arm/4.9_2015q3/bin/../lib/gcc/arm-none-eabi/4.9.3/../../../../arm-none-eabi/lib/armv7-m\libc_nano.a(lib_a-init.o)
                0x00006aa0                __libc_init_array
 .text.memcpy   0x00006aec       0x16 c:/siliconlabs/simplicitystudio/v4/developer/toolchains/gnu_arm/4.9_2015q3/bin/../lib/gcc/arm-none-eabi/4.9.3/../../../../arm-none-eabi/lib/armv7-m\libc_nano.a(lib_a-memcpy.o)
                0x00006aec                memcpy
 .text.memset   0x00006b02       0x10 c:/siliconlabs/simplicitystudio/v4/developer/toolchains/gnu_arm/4.9_2015q3/bin/../lib/gcc/arm-none-eabi/4.9.3/../../../../arm-none-eabi/lib/armv7-m\libc_nano.a(lib_a-memset.o)
                0x00006b02                memset
 *fill*         0x00006b12        0x2 
 .text._malloc_r
                0x00006b14       0xac c:/siliconlabs/simplicitystudio/v4/developer/toolchains/gnu_arm/4.9_2015q3/bin/../lib/gcc/arm-none-eabi/4.9.3/../../../../arm-none-eabi/lib/armv7-m\libc_nano.a(lib_a-nano-mallocr.o)
                0x00006b14                _malloc_r
 .text.printf   0x00006bc0       0x30 c:/siliconlabs/simplicitystudio/v4/developer/toolchains/gnu_arm/4.9_2015q3/bin/../lib/gcc/arm-none-eabi/4.9.3/../../../../arm-none-eabi/lib/armv7-m\libc_nano.a(lib_a-printf.o)
                0x00006bc0                iprintf
                0x00006bc0                printf
 .text._sbrk_r  0x00006bf0       0x20 c:/siliconlabs/simplicitystudio/v4/developer/toolchains/gnu_arm/4.9_2015q3/bin/../lib/gcc/arm-none-eabi/4.9.3/../../../../arm-none-eabi/lib/armv7-m\libc_nano.a(lib_a-sbrkr.o)
                0x00006bf0                _sbrk_r
 .text.setvbuf  0x00006c10      0x110 c:/siliconlabs/simplicitystudio/v4/developer/toolchains/gnu_arm/4.9_2015q3/bin/../lib/gcc/arm-none-eabi/4.9.3/../../../../arm-none-eabi/lib/armv7-m\libc_nano.a(lib_a-setvbuf.o)
                0x00006c10                setvbuf
 .text.__sread  0x00006d20       0x22 c:/siliconlabs/simplicitystudio/v4/developer/toolchains/gnu_arm/4.9_2015q3/bin/../lib/gcc/arm-none-eabi/4.9.3/../../../../arm-none-eabi/lib/armv7-m\libc_nano.a(lib_a-stdio.o)
                0x00006d20                __sread
 .text.__swrite
                0x00006d42       0x38 c:/siliconlabs/simplicitystudio/v4/developer/toolchains/gnu_arm/4.9_2015q3/bin/../lib/gcc/arm-none-eabi/4.9.3/../../../../arm-none-eabi/lib/armv7-m\libc_nano.a(lib_a-stdio.o)
                0x00006d42                __swrite
 .text.__sseek  0x00006d7a       0x24 c:/siliconlabs/simplicitystudio/v4/developer/toolchains/gnu_arm/4.9_2015q3/bin/../lib/gcc/arm-none-eabi/4.9.3/../../../../arm-none-eabi/lib/armv7-m\libc_nano.a(lib_a-stdio.o)
                0x00006d7a                __sseek
 .text.__sclose
                0x00006d9e        0x8 c:/siliconlabs/simplicitystudio/v4/developer/toolchains/gnu_arm/4.9_2015q3/bin/../lib/gcc/arm-none-eabi/4.9.3/../../../../arm-none-eabi/lib/armv7-m\libc_nano.a(lib_a-stdio.o)
                0x00006d9e                __sclose
 .text.strlen   0x00006da6       0x10 c:/siliconlabs/simplicitystudio/v4/developer/toolchains/gnu_arm/4.9_2015q3/bin/../lib/gcc/arm-none-eabi/4.9.3/../../../../arm-none-eabi/lib/armv7-m\libc_nano.a(lib_a-strlen.o)
                0x00006da6                strlen
 *fill*         0x00006db6        0x2 
 .text._write_r
                0x00006db8       0x24 c:/siliconlabs/simplicitystudio/v4/developer/toolchains/gnu_arm/4.9_2015q3/bin/../lib/gcc/arm-none-eabi/4.9.3/../../../../arm-none-eabi/lib/armv7-m\libc_nano.a(lib_a-writer.o)
                0x00006db8                _write_r
 .text._close_r
                0x00006ddc       0x20 c:/siliconlabs/simplicitystudio/v4/developer/toolchains/gnu_arm/4.9_2015q3/bin/../lib/gcc/arm-none-eabi/4.9.3/../../../../arm-none-eabi/lib/armv7-m\libc_nano.a(lib_a-closer.o)
                0x00006ddc                _close_r
 .text.__sflush_r
                0x00006dfc      0x106 c:/siliconlabs/simplicitystudio/v4/developer/toolchains/gnu_arm/4.9_2015q3/bin/../lib/gcc/arm-none-eabi/4.9.3/../../../../arm-none-eabi/lib/armv7-m\libc_nano.a(lib_a-fflush.o)
                0x00006dfc                __sflush_r
 *fill*         0x00006f02        0x2 
 .text._fflush_r
                0x00006f04       0x54 c:/siliconlabs/simplicitystudio/v4/developer/toolchains/gnu_arm/4.9_2015q3/bin/../lib/gcc/arm-none-eabi/4.9.3/../../../../arm-none-eabi/lib/armv7-m\libc_nano.a(lib_a-fflush.o)
                0x00006f04                _fflush_r
 .text._lseek_r
                0x00006f58       0x24 c:/siliconlabs/simplicitystudio/v4/developer/toolchains/gnu_arm/4.9_2015q3/bin/../lib/gcc/arm-none-eabi/4.9.3/../../../../arm-none-eabi/lib/armv7-m\libc_nano.a(lib_a-lseekr.o)
                0x00006f58                _lseek_r
 .text.malloc   0x00006f7c       0x10 c:/siliconlabs/simplicitystudio/v4/developer/toolchains/gnu_arm/4.9_2015q3/bin/../lib/gcc/arm-none-eabi/4.9.3/../../../../arm-none-eabi/lib/armv7-m\libc_nano.a(lib_a-malloc.o)
                0x00006f7c                malloc
 .text._free_r  0x00006f8c       0x88 c:/siliconlabs/simplicitystudio/v4/developer/toolchains/gnu_arm/4.9_2015q3/bin/../lib/gcc/arm-none-eabi/4.9.3/../../../../arm-none-eabi/lib/armv7-m\libc_nano.a(lib_a-nano-freer.o)
                0x00006f8c                _free_r
 .text.__sfputc_r
                0x00007014       0x2c c:/siliconlabs/simplicitystudio/v4/developer/toolchains/gnu_arm/4.9_2015q3/bin/../lib/gcc/arm-none-eabi/4.9.3/../../../../arm-none-eabi/lib/armv7-m\libc_nano.a(lib_a-nano-vfprintf.o)
 .text.__sfputs_r
                0x00007040       0x24 c:/siliconlabs/simplicitystudio/v4/developer/toolchains/gnu_arm/4.9_2015q3/bin/../lib/gcc/arm-none-eabi/4.9.3/../../../../arm-none-eabi/lib/armv7-m\libc_nano.a(lib_a-nano-vfprintf.o)
                0x00007040                __sfputs_r
 .text._vfprintf_r
                0x00007064      0x210 c:/siliconlabs/simplicitystudio/v4/developer/toolchains/gnu_arm/4.9_2015q3/bin/../lib/gcc/arm-none-eabi/4.9.3/../../../../arm-none-eabi/lib/armv7-m\libc_nano.a(lib_a-nano-vfprintf.o)
                0x00007064                _vfprintf_r
                0x00007064                _vfiprintf_r
 .text._printf_common
                0x00007274       0xea c:/siliconlabs/simplicitystudio/v4/developer/toolchains/gnu_arm/4.9_2015q3/bin/../lib/gcc/arm-none-eabi/4.9.3/../../../../arm-none-eabi/lib/armv7-m\libc_nano.a(lib_a-nano-vfprintf_i.o)
                0x00007274                _printf_common
 *fill*         0x0000735e        0x2 
 .text._printf_i
                0x00007360      0x240 c:/siliconlabs/simplicitystudio/v4/developer/toolchains/gnu_arm/4.9_2015q3/bin/../lib/gcc/arm-none-eabi/4.9.3/../../../../arm-none-eabi/lib/armv7-m\libc_nano.a(lib_a-nano-vfprintf_i.o)
                0x00007360                _printf_i
 .text._read_r  0x000075a0       0x24 c:/siliconlabs/simplicitystudio/v4/developer/toolchains/gnu_arm/4.9_2015q3/bin/../lib/gcc/arm-none-eabi/4.9.3/../../../../arm-none-eabi/lib/armv7-m\libc_nano.a(lib_a-readr.o)
                0x000075a0                _read_r
 .text.__swbuf_r
                0x000075c4       0xa8 c:/siliconlabs/simplicitystudio/v4/developer/toolchains/gnu_arm/4.9_2015q3/bin/../lib/gcc/arm-none-eabi/4.9.3/../../../../arm-none-eabi/lib/armv7-m\libc_nano.a(lib_a-wbuf.o)
                0x000075c4                __swbuf_r
 .text.__swsetup_r
                0x0000766c       0xd8 c:/siliconlabs/simplicitystudio/v4/developer/toolchains/gnu_arm/4.9_2015q3/bin/../lib/gcc/arm-none-eabi/4.9.3/../../../../arm-none-eabi/lib/armv7-m\libc_nano.a(lib_a-wsetup.o)
                0x0000766c                __swsetup_r
 .text.__smakebuf_r
                0x00007744       0x98 c:/siliconlabs/simplicitystudio/v4/developer/toolchains/gnu_arm/4.9_2015q3/bin/../lib/gcc/arm-none-eabi/4.9.3/../../../../arm-none-eabi/lib/armv7-m\libc_nano.a(lib_a-makebuf.o)
                0x00007744                __smakebuf_r
 .text.memchr   0x000077dc       0x1c c:/siliconlabs/simplicitystudio/v4/developer/toolchains/gnu_arm/4.9_2015q3/bin/../lib/gcc/arm-none-eabi/4.9.3/../../../../arm-none-eabi/lib/armv7-m\libc_nano.a(lib_a-memchr.o)
                0x000077dc                memchr
 .text._fstat_r
                0x000077f8       0x24 c:/siliconlabs/simplicitystudio/v4/developer/toolchains/gnu_arm/4.9_2015q3/bin/../lib/gcc/arm-none-eabi/4.9.3/../../../../arm-none-eabi/lib/armv7-m\libc_nano.a(lib_a-fstatr.o)
                0x000077f8                _fstat_r
 .text._isatty_r
                0x0000781c       0x20 c:/siliconlabs/simplicitystudio/v4/developer/toolchains/gnu_arm/4.9_2015q3/bin/../lib/gcc/arm-none-eabi/4.9.3/../../../../arm-none-eabi/lib/armv7-m\libc_nano.a(lib_a-isattyr.o)
                0x0000781c                _isatty_r
 *(.init)
 .init          0x0000783c        0x4 c:/siliconlabs/simplicitystudio/v4/developer/toolchains/gnu_arm/4.9_2015q3/bin/../lib/gcc/arm-none-eabi/4.9.3/armv7-m/crti.o
                0x0000783c                _init
 .init          0x00007840        0x8 c:/siliconlabs/simplicitystudio/v4/developer/toolchains/gnu_arm/4.9_2015q3/bin/../lib/gcc/arm-none-eabi/4.9.3/armv7-m/crtn.o
 *(.fini)
 .fini          0x00007848        0x4 c:/siliconlabs/simplicitystudio/v4/developer/toolchains/gnu_arm/4.9_2015q3/bin/../lib/gcc/arm-none-eabi/4.9.3/armv7-m/crti.o
                0x00007848                _fini
 .fini          0x0000784c        0x8 c:/siliconlabs/simplicitystudio/v4/developer/toolchains/gnu_arm/4.9_2015q3/bin/../lib/gcc/arm-none-eabi/4.9.3/armv7-m/crtn.o
 *crtbegin.o(.ctors)
 *crtbegin?.o(.ctors)
 *(EXCLUDE_FILE(*crtend.o *crtend?.o) .ctors)
 *(SORT(.ctors.*))
 *(.ctors)
 *crtbegin.o(.dtors)
 *crtbegin?.o(.dtors)
 *(EXCLUDE_FILE(*crtend.o *crtend?.o) .dtors)
 *(SORT(.dtors.*))
 *(.dtors)
 *(.rodata*)
 .rodata.heaperr.6418
                0x00007854       0x1a ./Drivers/retargetio.o
 *fill*         0x0000786e        0x2 
 .rodata        0x00007870       0x18 ./Drivers/retargetserial.o
 .rodata.EFM_Display
                0x00007888      0x1fe ./Drivers/segmentlcd.o
 *fill*         0x00007a86        0x2 
 .rodata.Segment_Alphabet
                0x00007a88       0xb8 ./Drivers/segmentlcd.o
 .rodata.lcdInit
                0x00007b40       0x14 ./Drivers/segmentlcd.o
 .rodata        0x00007b54       0x13 ./Drivers/sleep.o
 *fill*         0x00007b67        0x1 
 .rodata        0x00007b68       0x82 ./FreeRTOS/efm32gg/heap_1.o
 *fill*         0x00007bea        0x2 
 .rodata        0x00007bec       0x84 ./FreeRTOS/efm32gg/port.o
 .rodata        0x00007c70       0x70 ./FreeRTOS/efm32gg/queue.o
 .rodata        0x00007ce0       0x75 ./FreeRTOS/efm32gg/tasks.o
 *fill*         0x00007d55        0x3 
 .rodata        0x00007d58       0x81 ./FreeRTOS/efm32gg/timers.o
 *fill*         0x00007dd9        0x3 
 .rodata        0x00007ddc       0xc7 ./emlib/em_cmu.o
 *fill*         0x00007ea3        0x1 
 .rodata        0x00007ea4       0xc8 ./emlib/em_gpio.o
 .rodata        0x00007f6c       0x63 ./emlib/em_lcd.o
 *fill*         0x00007fcf        0x1 
 .rodata.resetCauseMasks
                0x00007fd0       0x80 ./emlib/em_rmu.o
 .rodata        0x00008050       0x63 ./emlib/em_rtc.o
 *fill*         0x000080b3        0x1 
 .rodata        0x000080b4       0x66 ./emlib/em_system.o
 *fill*         0x0000811a        0x2 
 .rodata        0x0000811c       0x7c ./emlib/em_timer.o
 .rodata        0x00008198       0x14 ./emlib/em_usart.o
 .rodata        0x000081ac       0x7d ./src/main.o
 *fill*         0x00008229        0x3 
 .rodata.__sf_fake_stdin
                0x0000822c       0x20 c:/siliconlabs/simplicitystudio/v4/developer/toolchains/gnu_arm/4.9_2015q3/bin/../lib/gcc/arm-none-eabi/4.9.3/../../../../arm-none-eabi/lib/armv7-m\libc_nano.a(lib_a-findfp.o)
                0x0000822c                __sf_fake_stdin
 .rodata.__sf_fake_stdout
                0x0000824c       0x20 c:/siliconlabs/simplicitystudio/v4/developer/toolchains/gnu_arm/4.9_2015q3/bin/../lib/gcc/arm-none-eabi/4.9.3/../../../../arm-none-eabi/lib/armv7-m\libc_nano.a(lib_a-findfp.o)
                0x0000824c                __sf_fake_stdout
 .rodata.__sf_fake_stderr
                0x0000826c       0x20 c:/siliconlabs/simplicitystudio/v4/developer/toolchains/gnu_arm/4.9_2015q3/bin/../lib/gcc/arm-none-eabi/4.9.3/../../../../arm-none-eabi/lib/armv7-m\libc_nano.a(lib_a-findfp.o)
                0x0000826c                __sf_fake_stderr
 .rodata.str1.1
                0x0000828c        0x2 c:/siliconlabs/simplicitystudio/v4/developer/toolchains/gnu_arm/4.9_2015q3/bin/../lib/gcc/arm-none-eabi/4.9.3/../../../../arm-none-eabi/lib/armv7-m\libc_nano.a(lib_a-impure.o)
 *fill*         0x0000828e        0x2 
 .rodata._global_impure_ptr
                0x00008290        0x4 c:/siliconlabs/simplicitystudio/v4/developer/toolchains/gnu_arm/4.9_2015q3/bin/../lib/gcc/arm-none-eabi/4.9.3/../../../../arm-none-eabi/lib/armv7-m\libc_nano.a(lib_a-impure.o)
                0x00008290                _global_impure_ptr
 .rodata.str1.1
                0x00008294       0x11 c:/siliconlabs/simplicitystudio/v4/developer/toolchains/gnu_arm/4.9_2015q3/bin/../lib/gcc/arm-none-eabi/4.9.3/../../../../arm-none-eabi/lib/armv7-m\libc_nano.a(lib_a-nano-vfprintf.o)
 .rodata.str1.1
                0x000082a5       0x22 c:/siliconlabs/simplicitystudio/v4/developer/toolchains/gnu_arm/4.9_2015q3/bin/../lib/gcc/arm-none-eabi/4.9.3/../../../../arm-none-eabi/lib/armv7-m\libc_nano.a(lib_a-nano-vfprintf_i.o)
 *(.eh_frame*)
 *fill*         0x000082c7        0x1 
 .eh_frame      0x000082c8        0x0 c:/siliconlabs/simplicitystudio/v4/developer/toolchains/gnu_arm/4.9_2015q3/bin/../lib/gcc/arm-none-eabi/4.9.3/armv7-m/crtbegin.o
 .eh_frame      0x000082c8        0x4 c:/siliconlabs/simplicitystudio/v4/developer/toolchains/gnu_arm/4.9_2015q3/bin/../lib/gcc/arm-none-eabi/4.9.3/armv7-m/crtend.o

.glue_7         0x000082cc        0x0
 .glue_7        0x00000000        0x0 linker stubs

.glue_7t        0x000082cc        0x0
 .glue_7t       0x00000000        0x0 linker stubs

.vfp11_veneer   0x000082cc        0x0
 .vfp11_veneer  0x00000000        0x0 linker stubs

.v4_bx          0x000082cc        0x0
 .v4_bx         0x00000000        0x0 linker stubs

.iplt           0x000082cc        0x0
 .iplt          0x00000000        0x0 c:/siliconlabs/simplicitystudio/v4/developer/toolchains/gnu_arm/4.9_2015q3/bin/../lib/gcc/arm-none-eabi/4.9.3/armv7-m/crtbegin.o

.ARM.extab
 *(.ARM.extab* .gnu.linkonce.armextab.*)
                0x000082cc                __exidx_start = .

.ARM.exidx      0x000082cc        0x8
 *(.ARM.exidx* .gnu.linkonce.armexidx.*)
 .ARM.exidx     0x000082cc        0x8 c:/siliconlabs/simplicitystudio/v4/developer/toolchains/gnu_arm/4.9_2015q3/bin/../lib/gcc/arm-none-eabi/4.9.3/../../../../arm-none-eabi/lib/armv7-m/crt0.o
                0x000082d4                __exidx_end = .
                0x000082d4                __etext = .

.rel.dyn        0x000082d4        0x0
 .rel.iplt      0x00000000        0x0 c:/siliconlabs/simplicitystudio/v4/developer/toolchains/gnu_arm/4.9_2015q3/bin/../lib/gcc/arm-none-eabi/4.9.3/armv7-m/crtbegin.o

.data           0x20000000       0x84 load address 0x000082d4
                0x20000000                __data_start__ = .
 *(vtable)
 *(.data*)
 .data.SystemHFXOClock
                0x20000000        0x4 ./CMSIS/EFM32GG/system_efm32gg.o
 .data.SystemLFXOClock
                0x20000004        0x4 ./CMSIS/EFM32GG/system_efm32gg.o
 .data.SystemCoreClock
                0x20000008        0x4 ./CMSIS/EFM32GG/system_efm32gg.o
                0x20000008                SystemCoreClock
 .data.uxCriticalNesting
                0x2000000c        0x4 ./FreeRTOS/efm32gg/port.o
 .data.count    0x20000010        0x4 ./src/main.o
                0x20000010                count
 .data.impure_data
                0x20000014       0x60 c:/siliconlabs/simplicitystudio/v4/developer/toolchains/gnu_arm/4.9_2015q3/bin/../lib/gcc/arm-none-eabi/4.9.3/../../../../arm-none-eabi/lib/armv7-m\libc_nano.a(lib_a-impure.o)
 .data._impure_ptr
                0x20000074        0x4 c:/siliconlabs/simplicitystudio/v4/developer/toolchains/gnu_arm/4.9_2015q3/bin/../lib/gcc/arm-none-eabi/4.9.3/../../../../arm-none-eabi/lib/armv7-m\libc_nano.a(lib_a-impure.o)
                0x20000074                _impure_ptr
                0x20000078                . = ALIGN (0x4)
 *(.ram)
                0x20000078                . = ALIGN (0x4)
                0x20000078                PROVIDE (__preinit_array_start, .)
 *(.preinit_array)
                0x20000078                PROVIDE (__preinit_array_end, .)
                0x20000078                . = ALIGN (0x4)
                0x20000078                PROVIDE (__init_array_start, .)
 *(SORT(.init_array.*))
 *(.init_array)
 .init_array    0x20000078        0x4 c:/siliconlabs/simplicitystudio/v4/developer/toolchains/gnu_arm/4.9_2015q3/bin/../lib/gcc/arm-none-eabi/4.9.3/armv7-m/crtbegin.o
                0x2000007c                PROVIDE (__init_array_end, .)
                0x2000007c                . = ALIGN (0x4)
                0x2000007c                PROVIDE (__fini_array_start, .)
 *(SORT(.fini_array.*))
 *(.fini_array)
 .fini_array    0x2000007c        0x4 c:/siliconlabs/simplicitystudio/v4/developer/toolchains/gnu_arm/4.9_2015q3/bin/../lib/gcc/arm-none-eabi/4.9.3/armv7-m/crtbegin.o
                0x20000080                PROVIDE (__fini_array_end, .)
 *(.jcr*)
 .jcr           0x20000080        0x0 c:/siliconlabs/simplicitystudio/v4/developer/toolchains/gnu_arm/4.9_2015q3/bin/../lib/gcc/arm-none-eabi/4.9.3/armv7-m/crtbegin.o
 .jcr           0x20000080        0x4 c:/siliconlabs/simplicitystudio/v4/developer/toolchains/gnu_arm/4.9_2015q3/bin/../lib/gcc/arm-none-eabi/4.9.3/armv7-m/crtend.o
                0x20000084                . = ALIGN (0x4)
                0x20000084                __data_end__ = .

.igot.plt       0x20000084        0x0 load address 0x00008358
 .igot.plt      0x00000000        0x0 c:/siliconlabs/simplicitystudio/v4/developer/toolchains/gnu_arm/4.9_2015q3/bin/../lib/gcc/arm-none-eabi/4.9.3/armv7-m/crtbegin.o

.bss            0x20000084     0x2524 load address 0x00008358
                0x20000084                . = ALIGN (0x4)
                0x20000084                __bss_start__ = .
 *(.bss*)
 .bss           0x20000084       0x1c c:/siliconlabs/simplicitystudio/v4/developer/toolchains/gnu_arm/4.9_2015q3/bin/../lib/gcc/arm-none-eabi/4.9.3/armv7-m/crtbegin.o
 .bss.heap_end.6416
                0x200000a0        0x4 ./Drivers/retargetio.o
 .bss.rxReadIndex
                0x200000a4        0x4 ./Drivers/retargetserial.o
 .bss.rxWriteIndex
                0x200000a8        0x4 ./Drivers/retargetserial.o
 .bss.rxCount   0x200000ac        0x4 ./Drivers/retargetserial.o
 .bss.rxBuffer  0x200000b0        0x8 ./Drivers/retargetserial.o
 .bss.LFtoCRLF  0x200000b8        0x1 ./Drivers/retargetserial.o
 .bss.initialized
                0x200000b9        0x1 ./Drivers/retargetserial.o
 *fill*         0x200000ba        0x2 
 .bss.sleepContext
                0x200000bc        0xc ./Drivers/sleep.o
 .bss.sleepCallback
                0x200000c8        0x4 ./Drivers/sleep.o
 .bss.sleepBlockCnt
                0x200000cc        0x2 ./Drivers/sleep.o
 *fill*         0x200000ce        0x2 
 .bss.ucHeap    0x200000d0     0x2328 ./FreeRTOS/efm32gg/heap_1.o
 .bss.xNextFreeByte
                0x200023f8        0x4 ./FreeRTOS/efm32gg/heap_1.o
 .bss.pucAlignedHeap.4388
                0x200023fc        0x4 ./FreeRTOS/efm32gg/heap_1.o
 .bss.ucMaxSysCallPriority
                0x20002400        0x1 ./FreeRTOS/efm32gg/port.o
 *fill*         0x20002401        0x3 
 .bss.ulMaxPRIGROUPValue
                0x20002404        0x4 ./FreeRTOS/efm32gg/port.o
 .bss.pxCurrentTCB
                0x20002408        0x4 ./FreeRTOS/efm32gg/tasks.o
                0x20002408                pxCurrentTCB
 .bss.pxReadyTasksLists
                0x2000240c       0x3c ./FreeRTOS/efm32gg/tasks.o
 .bss.xDelayedTaskList1
                0x20002448       0x14 ./FreeRTOS/efm32gg/tasks.o
 .bss.xDelayedTaskList2
                0x2000245c       0x14 ./FreeRTOS/efm32gg/tasks.o
 .bss.pxDelayedTaskList
                0x20002470        0x4 ./FreeRTOS/efm32gg/tasks.o
 .bss.pxOverflowDelayedTaskList
                0x20002474        0x4 ./FreeRTOS/efm32gg/tasks.o
 .bss.xPendingReadyList
                0x20002478       0x14 ./FreeRTOS/efm32gg/tasks.o
 .bss.xTasksWaitingTermination
                0x2000248c       0x14 ./FreeRTOS/efm32gg/tasks.o
 .bss.uxDeletedTasksWaitingCleanUp
                0x200024a0        0x4 ./FreeRTOS/efm32gg/tasks.o
 .bss.xSuspendedTaskList
                0x200024a4       0x14 ./FreeRTOS/efm32gg/tasks.o
 .bss.uxCurrentNumberOfTasks
                0x200024b8        0x4 ./FreeRTOS/efm32gg/tasks.o
 .bss.xTickCount
                0x200024bc        0x4 ./FreeRTOS/efm32gg/tasks.o
 .bss.uxTopReadyPriority
                0x200024c0        0x4 ./FreeRTOS/efm32gg/tasks.o
 .bss.xSchedulerRunning
                0x200024c4        0x4 ./FreeRTOS/efm32gg/tasks.o
 .bss.uxPendedTicks
                0x200024c8        0x4 ./FreeRTOS/efm32gg/tasks.o
 .bss.xYieldPending
                0x200024cc        0x4 ./FreeRTOS/efm32gg/tasks.o
 .bss.xNumOfOverflows
                0x200024d0        0x4 ./FreeRTOS/efm32gg/tasks.o
 .bss.uxTaskNumber
                0x200024d4        0x4 ./FreeRTOS/efm32gg/tasks.o
 .bss.xNextTaskUnblockTime
                0x200024d8        0x4 ./FreeRTOS/efm32gg/tasks.o
 .bss.xIdleTaskHandle
                0x200024dc        0x4 ./FreeRTOS/efm32gg/tasks.o
 .bss.uxSchedulerSuspended
                0x200024e0        0x4 ./FreeRTOS/efm32gg/tasks.o
 .bss.xActiveTimerList1
                0x200024e4       0x14 ./FreeRTOS/efm32gg/timers.o
 .bss.xActiveTimerList2
                0x200024f8       0x14 ./FreeRTOS/efm32gg/timers.o
 .bss.pxCurrentTimerList
                0x2000250c        0x4 ./FreeRTOS/efm32gg/timers.o
 .bss.pxOverflowTimerList
                0x20002510        0x4 ./FreeRTOS/efm32gg/timers.o
 .bss.xTimerQueue
                0x20002514        0x4 ./FreeRTOS/efm32gg/timers.o
 .bss.xTimerTaskHandle
                0x20002518        0x4 ./FreeRTOS/efm32gg/timers.o
 .bss.xLastTime.4671
                0x2000251c        0x4 ./FreeRTOS/efm32gg/timers.o
 .bss.cmuStatus.5509
                0x20002520        0x4 ./emlib/em_emu.o
 .bss.hfClock.5510
                0x20002524        0x1 ./emlib/em_emu.o
 *fill*         0x20002525        0x3 
 .bss.xMaximumPossibleSuppressedTicks
                0x20002528        0x4 ./src/low_power_tick_management.o
 .bss.ErrorTime
                0x2000252c        0x4 ./src/main.o
                0x2000252c                ErrorTime
 .bss.sec       0x20002530        0x1 ./src/main.o
                0x20002530                sec
 *fill*         0x20002531        0x3 
 .bss.__malloc_sbrk_start
                0x20002534        0x4 c:/siliconlabs/simplicitystudio/v4/developer/toolchains/gnu_arm/4.9_2015q3/bin/../lib/gcc/arm-none-eabi/4.9.3/../../../../arm-none-eabi/lib/armv7-m\libc_nano.a(lib_a-nano-mallocr.o)
                0x20002534                __malloc_sbrk_start
 .bss.__malloc_free_list
                0x20002538        0x4 c:/siliconlabs/simplicitystudio/v4/developer/toolchains/gnu_arm/4.9_2015q3/bin/../lib/gcc/arm-none-eabi/4.9.3/../../../../arm-none-eabi/lib/armv7-m\libc_nano.a(lib_a-nano-mallocr.o)
                0x20002538                __malloc_free_list
 *(COMMON)
 COMMON         0x2000253c       0x50 ./FreeRTOS/efm32gg/queue.o
                0x2000253c                xQueueRegistry
 COMMON         0x2000258c       0x18 ./src/main.o
                0x2000258c                sem
                0x20002590                handleLCDPrint
                0x20002594                Timer0Value
                0x20002598                text
                0x200025a0                handleCount
 COMMON         0x200025a4        0x4 c:/siliconlabs/simplicitystudio/v4/developer/toolchains/gnu_arm/4.9_2015q3/bin/../lib/gcc/arm-none-eabi/4.9.3/../../../../arm-none-eabi/lib/armv7-m\libc_nano.a(lib_a-reent.o)
                0x200025a4                errno
                0x200025a8                . = ALIGN (0x4)
                0x200025a8                __bss_end__ = .

.heap           0x200025a8      0xc00
                0x200025a8                __HeapBase = .
                0x200025a8                __end__ = .
                0x200025a8                end = __end__
                0x200025a8                _end = __end__
 *(.heap*)
 .heap          0x200025a8      0xc00 ./CMSIS/EFM32GG/startup_efm32gg.o
                0x200031a8                __HeapLimit = .

.stack_dummy    0x200025a8      0x400
 *(.stack*)
 .stack         0x200025a8      0x400 ./CMSIS/EFM32GG/startup_efm32gg.o
                0x20020000                __StackTop = (ORIGIN (RAM) + 0x20000)
                0x2001fc00                __StackLimit = (__StackTop - SIZEOF (.stack_dummy))
                0x20020000                PROVIDE (__stack, __StackTop)
                0x00000001                ASSERT ((__StackLimit >= __HeapLimit), region RAM overflowed with stack)
                0x00000001                ASSERT ((0x100000 >= (__etext + SIZEOF (.data))), FLASH memory overflowed !)
OUTPUT(HumanDelay.axf elf32-littlearm)

.ARM.attributes
                0x00000000       0x29
 .ARM.attributes
                0x00000000       0x1d c:/siliconlabs/simplicitystudio/v4/developer/toolchains/gnu_arm/4.9_2015q3/bin/../lib/gcc/arm-none-eabi/4.9.3/armv7-m/crti.o
 .ARM.attributes
                0x0000001d       0x2d c:/siliconlabs/simplicitystudio/v4/developer/toolchains/gnu_arm/4.9_2015q3/bin/../lib/gcc/arm-none-eabi/4.9.3/armv7-m/crtbegin.o
 .ARM.attributes
                0x0000004a       0x1b c:/siliconlabs/simplicitystudio/v4/developer/toolchains/gnu_arm/4.9_2015q3/bin/../lib/gcc/arm-none-eabi/4.9.3/../../../../arm-none-eabi/lib/armv7-m/crt0.o
 .ARM.attributes
                0x00000065       0x33 ./BSP/bsp_trace.o
 .ARM.attributes
                0x00000098       0x1b ./CMSIS/EFM32GG/startup_efm32gg.o
 .ARM.attributes
                0x000000b3       0x33 ./CMSIS/EFM32GG/system_efm32gg.o
 .ARM.attributes
                0x000000e6       0x33 ./Drivers/retargetio.o
 .ARM.attributes
                0x00000119       0x33 ./Drivers/retargetserial.o
 .ARM.attributes
                0x0000014c       0x33 ./Drivers/segmentlcd.o
 .ARM.attributes
                0x0000017f       0x33 ./Drivers/sleep.o
 .ARM.attributes
                0x000001b2       0x33 ./FreeRTOS/efm32gg/heap_1.o
 .ARM.attributes
                0x000001e5       0x33 ./FreeRTOS/efm32gg/list.o
 .ARM.attributes
                0x00000218       0x33 ./FreeRTOS/efm32gg/port.o
 .ARM.attributes
                0x0000024b       0x33 ./FreeRTOS/efm32gg/queue.o
 .ARM.attributes
                0x0000027e       0x33 ./FreeRTOS/efm32gg/tasks.o
 .ARM.attributes
                0x000002b1       0x33 ./FreeRTOS/efm32gg/timers.o
 .ARM.attributes
                0x000002e4       0x33 ./emlib/em_assert.o
 .ARM.attributes
                0x00000317       0x33 ./emlib/em_cmu.o
 .ARM.attributes
                0x0000034a       0x33 ./emlib/em_core.o
 .ARM.attributes
                0x0000037d       0x33 ./emlib/em_emu.o
 .ARM.attributes
                0x000003b0       0x33 ./emlib/em_gpio.o
 .ARM.attributes
                0x000003e3       0x33 ./emlib/em_lcd.o
 .ARM.attributes
                0x00000416       0x33 ./emlib/em_rmu.o
 .ARM.attributes
                0x00000449       0x33 ./emlib/em_rtc.o
 .ARM.attributes
                0x0000047c       0x33 ./emlib/em_system.o
 .ARM.attributes
                0x000004af       0x33 ./emlib/em_timer.o
 .ARM.attributes
                0x000004e2       0x33 ./emlib/em_usart.o
 .ARM.attributes
                0x00000515       0x33 ./src/low_power_tick_management.o
 .ARM.attributes
                0x00000548       0x33 ./src/main.o
 .ARM.attributes
                0x0000057b       0x1d c:/siliconlabs/simplicitystudio/v4/developer/toolchains/gnu_arm/4.9_2015q3/bin/../lib/gcc/arm-none-eabi/4.9.3/armv7-m\libgcc.a(_arm_addsubdf3.o)
 .ARM.attributes
                0x00000598       0x1d c:/siliconlabs/simplicitystudio/v4/developer/toolchains/gnu_arm/4.9_2015q3/bin/../lib/gcc/arm-none-eabi/4.9.3/armv7-m\libgcc.a(_arm_muldivdf3.o)
 .ARM.attributes
                0x000005b5       0x1d c:/siliconlabs/simplicitystudio/v4/developer/toolchains/gnu_arm/4.9_2015q3/bin/../lib/gcc/arm-none-eabi/4.9.3/armv7-m\libgcc.a(_arm_fixdfsi.o)
 .ARM.attributes
                0x000005d2       0x2d c:/siliconlabs/simplicitystudio/v4/developer/toolchains/gnu_arm/4.9_2015q3/bin/../lib/gcc/arm-none-eabi/4.9.3/../../../../arm-none-eabi/lib/armv7-m\libc_nano.a(lib_a-exit.o)
 .ARM.attributes
                0x000005ff       0x2d c:/siliconlabs/simplicitystudio/v4/developer/toolchains/gnu_arm/4.9_2015q3/bin/../lib/gcc/arm-none-eabi/4.9.3/../../../../arm-none-eabi/lib/armv7-m\libc_nano.a(lib_a-fileno.o)
 .ARM.attributes
                0x0000062c       0x2d c:/siliconlabs/simplicitystudio/v4/developer/toolchains/gnu_arm/4.9_2015q3/bin/../lib/gcc/arm-none-eabi/4.9.3/../../../../arm-none-eabi/lib/armv7-m\libc_nano.a(lib_a-findfp.o)
 .ARM.attributes
                0x00000659       0x2d c:/siliconlabs/simplicitystudio/v4/developer/toolchains/gnu_arm/4.9_2015q3/bin/../lib/gcc/arm-none-eabi/4.9.3/../../../../arm-none-eabi/lib/armv7-m\libc_nano.a(lib_a-fwalk.o)
 .ARM.attributes
                0x00000686       0x2d c:/siliconlabs/simplicitystudio/v4/developer/toolchains/gnu_arm/4.9_2015q3/bin/../lib/gcc/arm-none-eabi/4.9.3/../../../../arm-none-eabi/lib/armv7-m\libc_nano.a(lib_a-impure.o)
 .ARM.attributes
                0x000006b3       0x2d c:/siliconlabs/simplicitystudio/v4/developer/toolchains/gnu_arm/4.9_2015q3/bin/../lib/gcc/arm-none-eabi/4.9.3/../../../../arm-none-eabi/lib/armv7-m\libc_nano.a(lib_a-init.o)
 .ARM.attributes
                0x000006e0       0x2d c:/siliconlabs/simplicitystudio/v4/developer/toolchains/gnu_arm/4.9_2015q3/bin/../lib/gcc/arm-none-eabi/4.9.3/../../../../arm-none-eabi/lib/armv7-m\libc_nano.a(lib_a-memcpy.o)
 .ARM.attributes
                0x0000070d       0x2d c:/siliconlabs/simplicitystudio/v4/developer/toolchains/gnu_arm/4.9_2015q3/bin/../lib/gcc/arm-none-eabi/4.9.3/../../../../arm-none-eabi/lib/armv7-m\libc_nano.a(lib_a-memset.o)
 .ARM.attributes
                0x0000073a       0x2d c:/siliconlabs/simplicitystudio/v4/developer/toolchains/gnu_arm/4.9_2015q3/bin/../lib/gcc/arm-none-eabi/4.9.3/../../../../arm-none-eabi/lib/armv7-m\libc_nano.a(lib_a-nano-mallocr.o)
 .ARM.attributes
                0x00000767       0x2d c:/siliconlabs/simplicitystudio/v4/developer/toolchains/gnu_arm/4.9_2015q3/bin/../lib/gcc/arm-none-eabi/4.9.3/../../../../arm-none-eabi/lib/armv7-m\libc_nano.a(lib_a-printf.o)
 .ARM.attributes
                0x00000794       0x2d c:/siliconlabs/simplicitystudio/v4/developer/toolchains/gnu_arm/4.9_2015q3/bin/../lib/gcc/arm-none-eabi/4.9.3/../../../../arm-none-eabi/lib/armv7-m\libc_nano.a(lib_a-sbrkr.o)
 .ARM.attributes
                0x000007c1       0x2d c:/siliconlabs/simplicitystudio/v4/developer/toolchains/gnu_arm/4.9_2015q3/bin/../lib/gcc/arm-none-eabi/4.9.3/../../../../arm-none-eabi/lib/armv7-m\libc_nano.a(lib_a-setvbuf.o)
 .ARM.attributes
                0x000007ee       0x2d c:/siliconlabs/simplicitystudio/v4/developer/toolchains/gnu_arm/4.9_2015q3/bin/../lib/gcc/arm-none-eabi/4.9.3/../../../../arm-none-eabi/lib/armv7-m\libc_nano.a(lib_a-stdio.o)
 .ARM.attributes
                0x0000081b       0x2d c:/siliconlabs/simplicitystudio/v4/developer/toolchains/gnu_arm/4.9_2015q3/bin/../lib/gcc/arm-none-eabi/4.9.3/../../../../arm-none-eabi/lib/armv7-m\libc_nano.a(lib_a-strlen.o)
 .ARM.attributes
                0x00000848       0x2d c:/siliconlabs/simplicitystudio/v4/developer/toolchains/gnu_arm/4.9_2015q3/bin/../lib/gcc/arm-none-eabi/4.9.3/../../../../arm-none-eabi/lib/armv7-m\libc_nano.a(lib_a-writer.o)
 .ARM.attributes
                0x00000875       0x2d c:/siliconlabs/simplicitystudio/v4/developer/toolchains/gnu_arm/4.9_2015q3/bin/../lib/gcc/arm-none-eabi/4.9.3/../../../../arm-none-eabi/lib/armv7-m\libc_nano.a(lib_a-closer.o)
 .ARM.attributes
                0x000008a2       0x2d c:/siliconlabs/simplicitystudio/v4/developer/toolchains/gnu_arm/4.9_2015q3/bin/../lib/gcc/arm-none-eabi/4.9.3/../../../../arm-none-eabi/lib/armv7-m\libc_nano.a(lib_a-fflush.o)
 .ARM.attributes
                0x000008cf       0x2d c:/siliconlabs/simplicitystudio/v4/developer/toolchains/gnu_arm/4.9_2015q3/bin/../lib/gcc/arm-none-eabi/4.9.3/../../../../arm-none-eabi/lib/armv7-m\libc_nano.a(lib_a-lseekr.o)
 .ARM.attributes
                0x000008fc       0x2d c:/siliconlabs/simplicitystudio/v4/developer/toolchains/gnu_arm/4.9_2015q3/bin/../lib/gcc/arm-none-eabi/4.9.3/../../../../arm-none-eabi/lib/armv7-m\libc_nano.a(lib_a-malloc.o)
 .ARM.attributes
                0x00000929       0x2d c:/siliconlabs/simplicitystudio/v4/developer/toolchains/gnu_arm/4.9_2015q3/bin/../lib/gcc/arm-none-eabi/4.9.3/../../../../arm-none-eabi/lib/armv7-m\libc_nano.a(lib_a-nano-freer.o)
 .ARM.attributes
                0x00000956       0x2d c:/siliconlabs/simplicitystudio/v4/developer/toolchains/gnu_arm/4.9_2015q3/bin/../lib/gcc/arm-none-eabi/4.9.3/../../../../arm-none-eabi/lib/armv7-m\libc_nano.a(lib_a-nano-vfprintf.o)
 .ARM.attributes
                0x00000983       0x2d c:/siliconlabs/simplicitystudio/v4/developer/toolchains/gnu_arm/4.9_2015q3/bin/../lib/gcc/arm-none-eabi/4.9.3/../../../../arm-none-eabi/lib/armv7-m\libc_nano.a(lib_a-nano-vfprintf_i.o)
 .ARM.attributes
                0x000009b0       0x2d c:/siliconlabs/simplicitystudio/v4/developer/toolchains/gnu_arm/4.9_2015q3/bin/../lib/gcc/arm-none-eabi/4.9.3/../../../../arm-none-eabi/lib/armv7-m\libc_nano.a(lib_a-readr.o)
 .ARM.attributes
                0x000009dd       0x2d c:/siliconlabs/simplicitystudio/v4/developer/toolchains/gnu_arm/4.9_2015q3/bin/../lib/gcc/arm-none-eabi/4.9.3/../../../../arm-none-eabi/lib/armv7-m\libc_nano.a(lib_a-reent.o)
 .ARM.attributes
                0x00000a0a       0x2d c:/siliconlabs/simplicitystudio/v4/developer/toolchains/gnu_arm/4.9_2015q3/bin/../lib/gcc/arm-none-eabi/4.9.3/../../../../arm-none-eabi/lib/armv7-m\libc_nano.a(lib_a-wbuf.o)
 .ARM.attributes
                0x00000a37       0x2d c:/siliconlabs/simplicitystudio/v4/developer/toolchains/gnu_arm/4.9_2015q3/bin/../lib/gcc/arm-none-eabi/4.9.3/../../../../arm-none-eabi/lib/armv7-m\libc_nano.a(lib_a-wsetup.o)
 .ARM.attributes
                0x00000a64       0x2d c:/siliconlabs/simplicitystudio/v4/developer/toolchains/gnu_arm/4.9_2015q3/bin/../lib/gcc/arm-none-eabi/4.9.3/../../../../arm-none-eabi/lib/armv7-m\libc_nano.a(lib_a-makebuf.o)
 .ARM.attributes
                0x00000a91       0x2d c:/siliconlabs/simplicitystudio/v4/developer/toolchains/gnu_arm/4.9_2015q3/bin/../lib/gcc/arm-none-eabi/4.9.3/../../../../arm-none-eabi/lib/armv7-m\libc_nano.a(lib_a-memchr.o)
 .ARM.attributes
                0x00000abe       0x2d c:/siliconlabs/simplicitystudio/v4/developer/toolchains/gnu_arm/4.9_2015q3/bin/../lib/gcc/arm-none-eabi/4.9.3/../../../../arm-none-eabi/lib/armv7-m\libc_nano.a(lib_a-fstatr.o)
 .ARM.attributes
                0x00000aeb       0x2d c:/siliconlabs/simplicitystudio/v4/developer/toolchains/gnu_arm/4.9_2015q3/bin/../lib/gcc/arm-none-eabi/4.9.3/../../../../arm-none-eabi/lib/armv7-m\libc_nano.a(lib_a-isattyr.o)
 .ARM.attributes
                0x00000b18       0x2d c:/siliconlabs/simplicitystudio/v4/developer/toolchains/gnu_arm/4.9_2015q3/bin/../lib/gcc/arm-none-eabi/4.9.3/armv7-m/crtend.o
 .ARM.attributes
                0x00000b45       0x1d c:/siliconlabs/simplicitystudio/v4/developer/toolchains/gnu_arm/4.9_2015q3/bin/../lib/gcc/arm-none-eabi/4.9.3/armv7-m/crtn.o

.comment        0x00000000       0x70
 .comment       0x00000000       0x70 ./BSP/bsp_trace.o
                                 0x71 (size before relaxing)
 .comment       0x00000000       0x71 ./CMSIS/EFM32GG/system_efm32gg.o
 .comment       0x00000000       0x71 ./Drivers/retargetio.o
 .comment       0x00000000       0x71 ./Drivers/retargetserial.o
 .comment       0x00000000       0x71 ./Drivers/segmentlcd.o
 .comment       0x00000000       0x71 ./Drivers/sleep.o
 .comment       0x00000000       0x71 ./FreeRTOS/efm32gg/heap_1.o
 .comment       0x00000000       0x71 ./FreeRTOS/efm32gg/list.o
 .comment       0x00000000       0x71 ./FreeRTOS/efm32gg/port.o
 .comment       0x00000000       0x71 ./FreeRTOS/efm32gg/queue.o
 .comment       0x00000000       0x71 ./FreeRTOS/efm32gg/tasks.o
 .comment       0x00000000       0x71 ./FreeRTOS/efm32gg/timers.o
 .comment       0x00000000       0x71 ./emlib/em_assert.o
 .comment       0x00000000       0x71 ./emlib/em_cmu.o
 .comment       0x00000000       0x71 ./emlib/em_core.o
 .comment       0x00000000       0x71 ./emlib/em_emu.o
 .comment       0x00000000       0x71 ./emlib/em_gpio.o
 .comment       0x00000000       0x71 ./emlib/em_lcd.o
 .comment       0x00000000       0x71 ./emlib/em_rmu.o
 .comment       0x00000000       0x71 ./emlib/em_rtc.o
 .comment       0x00000000       0x71 ./emlib/em_system.o
 .comment       0x00000000       0x71 ./emlib/em_timer.o
 .comment       0x00000000       0x71 ./emlib/em_usart.o
 .comment       0x00000000       0x71 ./src/low_power_tick_management.o
 .comment       0x00000000       0x71 ./src/main.o

.debug_info     0x00000000    0x10aaa
 .debug_info    0x00000000      0xc78 ./BSP/bsp_trace.o
 .debug_info    0x00000c78      0x110 ./CMSIS/EFM32GG/startup_efm32gg.o
 .debug_info    0x00000d88      0x57e ./CMSIS/EFM32GG/system_efm32gg.o
 .debug_info    0x00001306      0xde4 ./Drivers/retargetio.o
 .debug_info    0x000020ea     0x13e5 ./Drivers/retargetserial.o
 .debug_info    0x000034cf     0x1273 ./Drivers/segmentlcd.o
 .debug_info    0x00004742      0x75d ./Drivers/sleep.o
 .debug_info    0x00004e9f      0x190 ./FreeRTOS/efm32gg/heap_1.o
 .debug_info    0x0000502f      0x2cc ./FreeRTOS/efm32gg/list.o
 .debug_info    0x000052fb      0x4c5 ./FreeRTOS/efm32gg/port.o
 .debug_info    0x000057c0      0xeaf ./FreeRTOS/efm32gg/queue.o
 .debug_info    0x0000666f     0x1736 ./FreeRTOS/efm32gg/tasks.o
 .debug_info    0x00007da5      0x9cd ./FreeRTOS/efm32gg/timers.o
 .debug_info    0x00008772       0x76 ./emlib/em_assert.o
 .debug_info    0x000087e8     0x1561 ./emlib/em_cmu.o
 .debug_info    0x00009d49      0xcfa ./emlib/em_core.o
 .debug_info    0x0000aa43     0x1047 ./emlib/em_emu.o
 .debug_info    0x0000ba8a      0x65b ./emlib/em_gpio.o
 .debug_info    0x0000c0e5      0xa74 ./emlib/em_lcd.o
 .debug_info    0x0000cb59      0x4ad ./emlib/em_rmu.o
 .debug_info    0x0000d006      0x33f ./emlib/em_rtc.o
 .debug_info    0x0000d345      0x272 ./emlib/em_system.o
 .debug_info    0x0000d5b7      0x913 ./emlib/em_timer.o
 .debug_info    0x0000deca      0xec1 ./emlib/em_usart.o
 .debug_info    0x0000ed8b      0xafd ./src/low_power_tick_management.o
 .debug_info    0x0000f888     0x1222 ./src/main.o

.debug_abbrev   0x00000000     0x2d64
 .debug_abbrev  0x00000000      0x170 ./BSP/bsp_trace.o
 .debug_abbrev  0x00000170       0x14 ./CMSIS/EFM32GG/startup_efm32gg.o
 .debug_abbrev  0x00000184      0x16b ./CMSIS/EFM32GG/system_efm32gg.o
 .debug_abbrev  0x000002ef      0x25a ./Drivers/retargetio.o
 .debug_abbrev  0x00000549      0x273 ./Drivers/retargetserial.o
 .debug_abbrev  0x000007bc      0x1cf ./Drivers/segmentlcd.o
 .debug_abbrev  0x0000098b      0x26e ./Drivers/sleep.o
 .debug_abbrev  0x00000bf9       0xee ./FreeRTOS/efm32gg/heap_1.o
 .debug_abbrev  0x00000ce7       0xbe ./FreeRTOS/efm32gg/list.o
 .debug_abbrev  0x00000da5      0x21d ./FreeRTOS/efm32gg/port.o
 .debug_abbrev  0x00000fc2      0x213 ./FreeRTOS/efm32gg/queue.o
 .debug_abbrev  0x000011d5      0x293 ./FreeRTOS/efm32gg/tasks.o
 .debug_abbrev  0x00001468      0x184 ./FreeRTOS/efm32gg/timers.o
 .debug_abbrev  0x000015ec       0x63 ./emlib/em_assert.o
 .debug_abbrev  0x0000164f      0x285 ./emlib/em_cmu.o
 .debug_abbrev  0x000018d4      0x237 ./emlib/em_core.o
 .debug_abbrev  0x00001b0b      0x25f ./emlib/em_emu.o
 .debug_abbrev  0x00001d6a      0x1be ./emlib/em_gpio.o
 .debug_abbrev  0x00001f28      0x1dc ./emlib/em_lcd.o
 .debug_abbrev  0x00002104      0x1ec ./emlib/em_rmu.o
 .debug_abbrev  0x000022f0      0x17c ./emlib/em_rtc.o
 .debug_abbrev  0x0000246c      0x107 ./emlib/em_system.o
 .debug_abbrev  0x00002573      0x18e ./emlib/em_timer.o
 .debug_abbrev  0x00002701      0x1c7 ./emlib/em_usart.o
 .debug_abbrev  0x000028c8      0x246 ./src/low_power_tick_management.o
 .debug_abbrev  0x00002b0e      0x256 ./src/main.o

.debug_loc      0x00000000     0x75b4
 .debug_loc     0x00000000       0x7c ./BSP/bsp_trace.o
 .debug_loc     0x0000007c      0x31c ./CMSIS/EFM32GG/system_efm32gg.o
 .debug_loc     0x00000398      0x338 ./Drivers/retargetio.o
 .debug_loc     0x000006d0      0x2e8 ./Drivers/retargetserial.o
 .debug_loc     0x000009b8      0x66a ./Drivers/segmentlcd.o
 .debug_loc     0x00001022      0x3b0 ./Drivers/sleep.o
 .debug_loc     0x000013d2      0x128 ./FreeRTOS/efm32gg/heap_1.o
 .debug_loc     0x000014fa      0x1cc ./FreeRTOS/efm32gg/list.o
 .debug_loc     0x000016c6      0x2e4 ./FreeRTOS/efm32gg/port.o
 .debug_loc     0x000019aa      0x844 ./FreeRTOS/efm32gg/queue.o
 .debug_loc     0x000021ee     0x104c ./FreeRTOS/efm32gg/tasks.o
 .debug_loc     0x0000323a      0x5ec ./FreeRTOS/efm32gg/timers.o
 .debug_loc     0x00003826       0x38 ./emlib/em_assert.o
 .debug_loc     0x0000385e      0xd58 ./emlib/em_cmu.o
 .debug_loc     0x000045b6      0x844 ./emlib/em_core.o
 .debug_loc     0x00004dfa      0x624 ./emlib/em_emu.o
 .debug_loc     0x0000541e      0x394 ./emlib/em_gpio.o
 .debug_loc     0x000057b2      0x60c ./emlib/em_lcd.o
 .debug_loc     0x00005dbe      0x23c ./emlib/em_rmu.o
 .debug_loc     0x00005ffa      0x274 ./emlib/em_rtc.o
 .debug_loc     0x0000626e       0xac ./emlib/em_system.o
 .debug_loc     0x0000631a      0x28c ./emlib/em_timer.o
 .debug_loc     0x000065a6      0x6ba ./emlib/em_usart.o
 .debug_loc     0x00006c60      0x3a0 ./src/low_power_tick_management.o
 .debug_loc     0x00007000      0x5b4 ./src/main.o

.debug_aranges  0x00000000      0xe68
 .debug_aranges
                0x00000000       0x28 ./BSP/bsp_trace.o
 .debug_aranges
                0x00000028       0x20 ./CMSIS/EFM32GG/startup_efm32gg.o
 .debug_aranges
                0x00000048       0x70 ./CMSIS/EFM32GG/system_efm32gg.o
 .debug_aranges
                0x000000b8       0x68 ./Drivers/retargetio.o
 .debug_aranges
                0x00000120       0x60 ./Drivers/retargetserial.o
 .debug_aranges
                0x00000180       0xc8 ./Drivers/segmentlcd.o
 .debug_aranges
                0x00000248       0x80 ./Drivers/sleep.o
 .debug_aranges
                0x000002c8       0x38 ./FreeRTOS/efm32gg/heap_1.o
 .debug_aranges
                0x00000300       0x40 ./FreeRTOS/efm32gg/list.o
 .debug_aranges
                0x00000340       0x80 ./FreeRTOS/efm32gg/port.o
 .debug_aranges
                0x000003c0       0xe8 ./FreeRTOS/efm32gg/queue.o
 .debug_aranges
                0x000004a8      0x1b8 ./FreeRTOS/efm32gg/tasks.o
 .debug_aranges
                0x00000660       0xb8 ./FreeRTOS/efm32gg/timers.o
 .debug_aranges
                0x00000718       0x20 ./emlib/em_assert.o
 .debug_aranges
                0x00000738      0x170 ./emlib/em_cmu.o
 .debug_aranges
                0x000008a8       0xe8 ./emlib/em_core.o
 .debug_aranges
                0x00000990       0xc0 ./emlib/em_emu.o
 .debug_aranges
                0x00000a50       0x70 ./emlib/em_gpio.o
 .debug_aranges
                0x00000ac0       0xa8 ./emlib/em_lcd.o
 .debug_aranges
                0x00000b68       0x50 ./emlib/em_rmu.o
 .debug_aranges
                0x00000bb8       0x58 ./emlib/em_rtc.o
 .debug_aranges
                0x00000c10       0x28 ./emlib/em_system.o
 .debug_aranges
                0x00000c38       0x58 ./emlib/em_timer.o
 .debug_aranges
                0x00000c90       0xb8 ./emlib/em_usart.o
 .debug_aranges
                0x00000d48       0x70 ./src/low_power_tick_management.o
 .debug_aranges
                0x00000db8       0xb0 ./src/main.o

.debug_ranges   0x00000000      0xcb8
 .debug_ranges  0x00000000       0x18 ./BSP/bsp_trace.o
 .debug_ranges  0x00000018       0x60 ./CMSIS/EFM32GG/system_efm32gg.o
 .debug_ranges  0x00000078       0x58 ./Drivers/retargetio.o
 .debug_ranges  0x000000d0       0x50 ./Drivers/retargetserial.o
 .debug_ranges  0x00000120       0xb8 ./Drivers/segmentlcd.o
 .debug_ranges  0x000001d8       0x70 ./Drivers/sleep.o
 .debug_ranges  0x00000248       0x28 ./FreeRTOS/efm32gg/heap_1.o
 .debug_ranges  0x00000270       0x30 ./FreeRTOS/efm32gg/list.o
 .debug_ranges  0x000002a0       0x70 ./FreeRTOS/efm32gg/port.o
 .debug_ranges  0x00000310       0xd8 ./FreeRTOS/efm32gg/queue.o
 .debug_ranges  0x000003e8      0x1a8 ./FreeRTOS/efm32gg/tasks.o
 .debug_ranges  0x00000590       0xa8 ./FreeRTOS/efm32gg/timers.o
 .debug_ranges  0x00000638       0x10 ./emlib/em_assert.o
 .debug_ranges  0x00000648      0x160 ./emlib/em_cmu.o
 .debug_ranges  0x000007a8       0xd8 ./emlib/em_core.o
 .debug_ranges  0x00000880       0xb0 ./emlib/em_emu.o
 .debug_ranges  0x00000930       0x60 ./emlib/em_gpio.o
 .debug_ranges  0x00000990       0x98 ./emlib/em_lcd.o
 .debug_ranges  0x00000a28       0x40 ./emlib/em_rmu.o
 .debug_ranges  0x00000a68       0x48 ./emlib/em_rtc.o
 .debug_ranges  0x00000ab0       0x18 ./emlib/em_system.o
 .debug_ranges  0x00000ac8       0x48 ./emlib/em_timer.o
 .debug_ranges  0x00000b10       0xa8 ./emlib/em_usart.o
 .debug_ranges  0x00000bb8       0x60 ./src/low_power_tick_management.o
 .debug_ranges  0x00000c18       0xa0 ./src/main.o

.debug_line     0x00000000     0x8306
 .debug_line    0x00000000      0x332 ./BSP/bsp_trace.o
 .debug_line    0x00000332       0xd3 ./CMSIS/EFM32GG/startup_efm32gg.o
 .debug_line    0x00000405      0x38b ./CMSIS/EFM32GG/system_efm32gg.o
 .debug_line    0x00000790      0x339 ./Drivers/retargetio.o
 .debug_line    0x00000ac9      0x449 ./Drivers/retargetserial.o
 .debug_line    0x00000f12      0x71e ./Drivers/segmentlcd.o
 .debug_line    0x00001630      0x4a8 ./Drivers/sleep.o
 .debug_line    0x00001ad8      0x271 ./FreeRTOS/efm32gg/heap_1.o
 .debug_line    0x00001d49      0x30a ./FreeRTOS/efm32gg/list.o
 .debug_line    0x00002053      0x3d0 ./FreeRTOS/efm32gg/port.o
 .debug_line    0x00002423      0x836 ./FreeRTOS/efm32gg/queue.o
 .debug_line    0x00002c59      0xc62 ./FreeRTOS/efm32gg/tasks.o
 .debug_line    0x000038bb      0x547 ./FreeRTOS/efm32gg/timers.o
 .debug_line    0x00003e02       0x9b ./emlib/em_assert.o
 .debug_line    0x00003e9d      0xb27 ./emlib/em_cmu.o
 .debug_line    0x000049c4      0x669 ./emlib/em_core.o
 .debug_line    0x0000502d      0x600 ./emlib/em_emu.o
 .debug_line    0x0000562d      0x59e ./emlib/em_gpio.o
 .debug_line    0x00005bcb      0x56a ./emlib/em_lcd.o
 .debug_line    0x00006135      0x3cc ./emlib/em_rmu.o
 .debug_line    0x00006501      0x3b0 ./emlib/em_rtc.o
 .debug_line    0x000068b1      0x318 ./emlib/em_system.o
 .debug_line    0x00006bc9      0x5ab ./emlib/em_timer.o
 .debug_line    0x00007174      0x60a ./emlib/em_usart.o
 .debug_line    0x0000777e      0x505 ./src/low_power_tick_management.o
 .debug_line    0x00007c83      0x683 ./src/main.o

.debug_str      0x00000000     0x67fe
 .debug_str     0x00000000      0x786 ./BSP/bsp_trace.o
                                0x7f0 (size before relaxing)
 .debug_str     0x00000786      0x1f0 ./CMSIS/EFM32GG/system_efm32gg.o
                                0x4c9 (size before relaxing)
 .debug_str     0x00000976      0x54a ./Drivers/retargetio.o
                                0x733 (size before relaxing)
 .debug_str     0x00000ec0      0x8f2 ./Drivers/retargetserial.o
                               0x117f (size before relaxing)
 .debug_str     0x000017b2      0x92a ./Drivers/segmentlcd.o
                                0xe8d (size before relaxing)
 .debug_str     0x000020dc      0x2a1 ./Drivers/sleep.o
                                0x4ed (size before relaxing)
 .debug_str     0x0000237d      0x104 ./FreeRTOS/efm32gg/heap_1.o
                                0x28d (size before relaxing)
 .debug_str     0x00002481      0x1a3 ./FreeRTOS/efm32gg/list.o
                                0x325 (size before relaxing)
 .debug_str     0x00002624      0x3d3 ./FreeRTOS/efm32gg/port.o
                                0x57e (size before relaxing)
 .debug_str     0x000029f7      0x538 ./FreeRTOS/efm32gg/queue.o
                                0x7e0 (size before relaxing)
 .debug_str     0x00002f2f      0xaa5 ./FreeRTOS/efm32gg/tasks.o
                                0xea0 (size before relaxing)
 .debug_str     0x000039d4      0x471 ./FreeRTOS/efm32gg/timers.o
                                0x744 (size before relaxing)
 .debug_str     0x00003e45       0x70 ./emlib/em_assert.o
                                0x150 (size before relaxing)
 .debug_str     0x00003eb5      0x95b ./emlib/em_cmu.o
                               0x109b (size before relaxing)
 .debug_str     0x00004810      0x359 ./emlib/em_core.o
                                0x850 (size before relaxing)
 .debug_str     0x00004b69      0x473 ./emlib/em_emu.o
                                0xbf2 (size before relaxing)
 .debug_str     0x00004fdc      0x1d4 ./emlib/em_gpio.o
                                0x600 (size before relaxing)
 .debug_str     0x000051b0      0x3ab ./emlib/em_lcd.o
                                0x905 (size before relaxing)
 .debug_str     0x0000555b      0x191 ./emlib/em_rmu.o
                                0x408 (size before relaxing)
 .debug_str     0x000056ec       0xfd ./emlib/em_rtc.o
                                0x2e6 (size before relaxing)
 .debug_str     0x000057e9       0xfd ./emlib/em_system.o
                                0x2e4 (size before relaxing)
 .debug_str     0x000058e6      0x758 ./emlib/em_timer.o
                                0x992 (size before relaxing)
 .debug_str     0x0000603e      0x5a3 ./emlib/em_usart.o
                                0xe00 (size before relaxing)
 .debug_str     0x000065e1       0xe1 ./src/low_power_tick_management.o
                                0xb11 (size before relaxing)
 .debug_str     0x000066c2      0x13c ./src/main.o
                                0xf94 (size before relaxing)

.debug_frame    0x00000000     0x3f5c
 .debug_frame   0x00000000       0x50 ./BSP/bsp_trace.o
 .debug_frame   0x00000050      0x180 ./CMSIS/EFM32GG/system_efm32gg.o
 .debug_frame   0x000001d0      0x184 ./Drivers/retargetio.o
 .debug_frame   0x00000354      0x168 ./Drivers/retargetserial.o
 .debug_frame   0x000004bc      0x318 ./Drivers/segmentlcd.o
 .debug_frame   0x000007d4      0x1d0 ./Drivers/sleep.o
 .debug_frame   0x000009a4       0x98 ./FreeRTOS/efm32gg/heap_1.o
 .debug_frame   0x00000a3c       0xd8 ./FreeRTOS/efm32gg/list.o
 .debug_frame   0x00000b14      0x19c ./FreeRTOS/efm32gg/port.o
 .debug_frame   0x00000cb0      0x3c8 ./FreeRTOS/efm32gg/queue.o
 .debug_frame   0x00001078      0x768 ./FreeRTOS/efm32gg/tasks.o
 .debug_frame   0x000017e0      0x2d8 ./FreeRTOS/efm32gg/timers.o
 .debug_frame   0x00001ab8       0x2c ./emlib/em_assert.o
 .debug_frame   0x00001ae4      0x630 ./emlib/em_cmu.o
 .debug_frame   0x00002114      0x3c4 ./emlib/em_core.o
 .debug_frame   0x000024d8      0x2f0 ./emlib/em_emu.o
 .debug_frame   0x000027c8      0x1b0 ./emlib/em_gpio.o
 .debug_frame   0x00002978      0x2bc ./emlib/em_lcd.o
 .debug_frame   0x00002c34      0x110 ./emlib/em_rmu.o
 .debug_frame   0x00002d44      0x130 ./emlib/em_rtc.o
 .debug_frame   0x00002e74       0x5c ./emlib/em_system.o
 .debug_frame   0x00002ed0      0x134 ./emlib/em_timer.o
 .debug_frame   0x00003004      0x308 ./emlib/em_usart.o
 .debug_frame   0x0000330c      0x1b0 ./src/low_power_tick_management.o
 .debug_frame   0x000034bc      0x2c8 ./src/main.o
 .debug_frame   0x00003784       0x28 c:/siliconlabs/simplicitystudio/v4/developer/toolchains/gnu_arm/4.9_2015q3/bin/../lib/gcc/arm-none-eabi/4.9.3/../../../../arm-none-eabi/lib/armv7-m\libc_nano.a(lib_a-exit.o)
 .debug_frame   0x000037ac       0x2c c:/siliconlabs/simplicitystudio/v4/developer/toolchains/gnu_arm/4.9_2015q3/bin/../lib/gcc/arm-none-eabi/4.9.3/../../../../arm-none-eabi/lib/armv7-m\libc_nano.a(lib_a-fileno.o)
 .debug_frame   0x000037d8      0x11c c:/siliconlabs/simplicitystudio/v4/developer/toolchains/gnu_arm/4.9_2015q3/bin/../lib/gcc/arm-none-eabi/4.9.3/../../../../arm-none-eabi/lib/armv7-m\libc_nano.a(lib_a-findfp.o)
 .debug_frame   0x000038f4       0x54 c:/siliconlabs/simplicitystudio/v4/developer/toolchains/gnu_arm/4.9_2015q3/bin/../lib/gcc/arm-none-eabi/4.9.3/../../../../arm-none-eabi/lib/armv7-m\libc_nano.a(lib_a-fwalk.o)
 .debug_frame   0x00003948       0x2c c:/siliconlabs/simplicitystudio/v4/developer/toolchains/gnu_arm/4.9_2015q3/bin/../lib/gcc/arm-none-eabi/4.9.3/../../../../arm-none-eabi/lib/armv7-m\libc_nano.a(lib_a-init.o)
 .debug_frame   0x00003974       0x28 c:/siliconlabs/simplicitystudio/v4/developer/toolchains/gnu_arm/4.9_2015q3/bin/../lib/gcc/arm-none-eabi/4.9.3/../../../../arm-none-eabi/lib/armv7-m\libc_nano.a(lib_a-memcpy.o)
 .debug_frame   0x0000399c       0x20 c:/siliconlabs/simplicitystudio/v4/developer/toolchains/gnu_arm/4.9_2015q3/bin/../lib/gcc/arm-none-eabi/4.9.3/../../../../arm-none-eabi/lib/armv7-m\libc_nano.a(lib_a-memset.o)
 .debug_frame   0x000039bc       0x2c c:/siliconlabs/simplicitystudio/v4/developer/toolchains/gnu_arm/4.9_2015q3/bin/../lib/gcc/arm-none-eabi/4.9.3/../../../../arm-none-eabi/lib/armv7-m\libc_nano.a(lib_a-nano-mallocr.o)
 .debug_frame   0x000039e8       0x74 c:/siliconlabs/simplicitystudio/v4/developer/toolchains/gnu_arm/4.9_2015q3/bin/../lib/gcc/arm-none-eabi/4.9.3/../../../../arm-none-eabi/lib/armv7-m\libc_nano.a(lib_a-printf.o)
 .debug_frame   0x00003a5c       0x2c c:/siliconlabs/simplicitystudio/v4/developer/toolchains/gnu_arm/4.9_2015q3/bin/../lib/gcc/arm-none-eabi/4.9.3/../../../../arm-none-eabi/lib/armv7-m\libc_nano.a(lib_a-sbrkr.o)
 .debug_frame   0x00003a88       0x30 c:/siliconlabs/simplicitystudio/v4/developer/toolchains/gnu_arm/4.9_2015q3/bin/../lib/gcc/arm-none-eabi/4.9.3/../../../../arm-none-eabi/lib/armv7-m\libc_nano.a(lib_a-setvbuf.o)
 .debug_frame   0x00003ab8       0x88 c:/siliconlabs/simplicitystudio/v4/developer/toolchains/gnu_arm/4.9_2015q3/bin/../lib/gcc/arm-none-eabi/4.9.3/../../../../arm-none-eabi/lib/armv7-m\libc_nano.a(lib_a-stdio.o)
 .debug_frame   0x00003b40       0x20 c:/siliconlabs/simplicitystudio/v4/developer/toolchains/gnu_arm/4.9_2015q3/bin/../lib/gcc/arm-none-eabi/4.9.3/../../../../arm-none-eabi/lib/armv7-m\libc_nano.a(lib_a-strlen.o)
 .debug_frame   0x00003b60       0x2c c:/siliconlabs/simplicitystudio/v4/developer/toolchains/gnu_arm/4.9_2015q3/bin/../lib/gcc/arm-none-eabi/4.9.3/../../../../arm-none-eabi/lib/armv7-m\libc_nano.a(lib_a-writer.o)
 .debug_frame   0x00003b8c       0x2c c:/siliconlabs/simplicitystudio/v4/developer/toolchains/gnu_arm/4.9_2015q3/bin/../lib/gcc/arm-none-eabi/4.9.3/../../../../arm-none-eabi/lib/armv7-m\libc_nano.a(lib_a-closer.o)
 .debug_frame   0x00003bb8       0x68 c:/siliconlabs/simplicitystudio/v4/developer/toolchains/gnu_arm/4.9_2015q3/bin/../lib/gcc/arm-none-eabi/4.9.3/../../../../arm-none-eabi/lib/armv7-m\libc_nano.a(lib_a-fflush.o)
 .debug_frame   0x00003c20       0x2c c:/siliconlabs/simplicitystudio/v4/developer/toolchains/gnu_arm/4.9_2015q3/bin/../lib/gcc/arm-none-eabi/4.9.3/../../../../arm-none-eabi/lib/armv7-m\libc_nano.a(lib_a-lseekr.o)
 .debug_frame   0x00003c4c       0x30 c:/siliconlabs/simplicitystudio/v4/developer/toolchains/gnu_arm/4.9_2015q3/bin/../lib/gcc/arm-none-eabi/4.9.3/../../../../arm-none-eabi/lib/armv7-m\libc_nano.a(lib_a-malloc.o)
 .debug_frame   0x00003c7c       0x2c c:/siliconlabs/simplicitystudio/v4/developer/toolchains/gnu_arm/4.9_2015q3/bin/../lib/gcc/arm-none-eabi/4.9.3/../../../../arm-none-eabi/lib/armv7-m\libc_nano.a(lib_a-nano-freer.o)
 .debug_frame   0x00003ca8       0xb8 c:/siliconlabs/simplicitystudio/v4/developer/toolchains/gnu_arm/4.9_2015q3/bin/../lib/gcc/arm-none-eabi/4.9.3/../../../../arm-none-eabi/lib/armv7-m\libc_nano.a(lib_a-nano-vfprintf.o)
 .debug_frame   0x00003d60       0x58 c:/siliconlabs/simplicitystudio/v4/developer/toolchains/gnu_arm/4.9_2015q3/bin/../lib/gcc/arm-none-eabi/4.9.3/../../../../arm-none-eabi/lib/armv7-m\libc_nano.a(lib_a-nano-vfprintf_i.o)
 .debug_frame   0x00003db8       0x2c c:/siliconlabs/simplicitystudio/v4/developer/toolchains/gnu_arm/4.9_2015q3/bin/../lib/gcc/arm-none-eabi/4.9.3/../../../../arm-none-eabi/lib/armv7-m\libc_nano.a(lib_a-readr.o)
 .debug_frame   0x00003de4       0x5c c:/siliconlabs/simplicitystudio/v4/developer/toolchains/gnu_arm/4.9_2015q3/bin/../lib/gcc/arm-none-eabi/4.9.3/../../../../arm-none-eabi/lib/armv7-m\libc_nano.a(lib_a-reent.o)
 .debug_frame   0x00003e40       0x3c c:/siliconlabs/simplicitystudio/v4/developer/toolchains/gnu_arm/4.9_2015q3/bin/../lib/gcc/arm-none-eabi/4.9.3/../../../../arm-none-eabi/lib/armv7-m\libc_nano.a(lib_a-wbuf.o)
 .debug_frame   0x00003e7c       0x2c c:/siliconlabs/simplicitystudio/v4/developer/toolchains/gnu_arm/4.9_2015q3/bin/../lib/gcc/arm-none-eabi/4.9.3/../../../../arm-none-eabi/lib/armv7-m\libc_nano.a(lib_a-wsetup.o)
 .debug_frame   0x00003ea8       0x34 c:/siliconlabs/simplicitystudio/v4/developer/toolchains/gnu_arm/4.9_2015q3/bin/../lib/gcc/arm-none-eabi/4.9.3/../../../../arm-none-eabi/lib/armv7-m\libc_nano.a(lib_a-makebuf.o)
 .debug_frame   0x00003edc       0x28 c:/siliconlabs/simplicitystudio/v4/developer/toolchains/gnu_arm/4.9_2015q3/bin/../lib/gcc/arm-none-eabi/4.9.3/../../../../arm-none-eabi/lib/armv7-m\libc_nano.a(lib_a-memchr.o)
 .debug_frame   0x00003f04       0x2c c:/siliconlabs/simplicitystudio/v4/developer/toolchains/gnu_arm/4.9_2015q3/bin/../lib/gcc/arm-none-eabi/4.9.3/../../../../arm-none-eabi/lib/armv7-m\libc_nano.a(lib_a-fstatr.o)
 .debug_frame   0x00003f30       0x2c c:/siliconlabs/simplicitystudio/v4/developer/toolchains/gnu_arm/4.9_2015q3/bin/../lib/gcc/arm-none-eabi/4.9.3/../../../../arm-none-eabi/lib/armv7-m\libc_nano.a(lib_a-isattyr.o)