Archive member included because of file (symbol)

c:/siliconlabs/simplicitystudio/v4/developer/toolchains/gnu_arm/4.9_2015q3/bin/../lib/gcc/arm-none-eabi/4.9.3/armv7-m\libgcc.a(_aeabi_uldivmod.o)
                              ./emlib/em_usart.o (__aeabi_uldivmod)
c:/siliconlabs/simplicitystudio/v4/developer/toolchains/gnu_arm/4.9_2015q3/bin/../lib/gcc/arm-none-eabi/4.9.3/armv7-m\libgcc.a(bpabi.o)
                              c:/siliconlabs/simplicitystudio/v4/developer/toolchains/gnu_arm/4.9_2015q3/bin/../lib/gcc/arm-none-eabi/4.9.3/armv7-m\libgcc.a(_aeabi_uldivmod.o) (__gnu_uldivmod_helper)
c:/siliconlabs/simplicitystudio/v4/developer/toolchains/gnu_arm/4.9_2015q3/bin/../lib/gcc/arm-none-eabi/4.9.3/armv7-m\libgcc.a(_dvmd_tls.o)
                              c:/siliconlabs/simplicitystudio/v4/developer/toolchains/gnu_arm/4.9_2015q3/bin/../lib/gcc/arm-none-eabi/4.9.3/armv7-m\libgcc.a(_aeabi_uldivmod.o) (__aeabi_ldiv0)
c:/siliconlabs/simplicitystudio/v4/developer/toolchains/gnu_arm/4.9_2015q3/bin/../lib/gcc/arm-none-eabi/4.9.3/armv7-m\libgcc.a(_divdi3.o)
                              c:/siliconlabs/simplicitystudio/v4/developer/toolchains/gnu_arm/4.9_2015q3/bin/../lib/gcc/arm-none-eabi/4.9.3/armv7-m\libgcc.a(bpabi.o) (__divdi3)
c:/siliconlabs/simplicitystudio/v4/developer/toolchains/gnu_arm/4.9_2015q3/bin/../lib/gcc/arm-none-eabi/4.9.3/armv7-m\libgcc.a(_udivdi3.o)
                              c:/siliconlabs/simplicitystudio/v4/developer/toolchains/gnu_arm/4.9_2015q3/bin/../lib/gcc/arm-none-eabi/4.9.3/armv7-m\libgcc.a(bpabi.o) (__udivdi3)
c:/siliconlabs/simplicitystudio/v4/developer/toolchains/gnu_arm/4.9_2015q3/bin/../lib/gcc/arm-none-eabi/4.9.3/../../../../arm-none-eabi/lib/armv7-m\libc_nano.a(lib_a-abs.o)
                              ./Drivers/segmentlcd.o (abs)
c:/siliconlabs/simplicitystudio/v4/developer/toolchains/gnu_arm/4.9_2015q3/bin/../lib/gcc/arm-none-eabi/4.9.3/../../../../arm-none-eabi/lib/armv7-m\libc_nano.a(lib_a-exit.o)
                              c:/siliconlabs/simplicitystudio/v4/developer/toolchains/gnu_arm/4.9_2015q3/bin/../lib/gcc/arm-none-eabi/4.9.3/../../../../arm-none-eabi/lib/armv7-m/crt0.o (exit)
c:/siliconlabs/simplicitystudio/v4/developer/toolchains/gnu_arm/4.9_2015q3/bin/../lib/gcc/arm-none-eabi/4.9.3/../../../../arm-none-eabi/lib/armv7-m\libc_nano.a(lib_a-fileno.o)
                              ./Drivers/retargetio.o (fileno)
c:/siliconlabs/simplicitystudio/v4/developer/toolchains/gnu_arm/4.9_2015q3/bin/../lib/gcc/arm-none-eabi/4.9.3/../../../../arm-none-eabi/lib/armv7-m\libc_nano.a(lib_a-findfp.o)
                              c:/siliconlabs/simplicitystudio/v4/developer/toolchains/gnu_arm/4.9_2015q3/bin/../lib/gcc/arm-none-eabi/4.9.3/../../../../arm-none-eabi/lib/armv7-m\libc_nano.a(lib_a-fileno.o) (__sinit)
c:/siliconlabs/simplicitystudio/v4/developer/toolchains/gnu_arm/4.9_2015q3/bin/../lib/gcc/arm-none-eabi/4.9.3/../../../../arm-none-eabi/lib/armv7-m\libc_nano.a(lib_a-fwalk.o)
                              c:/siliconlabs/simplicitystudio/v4/developer/toolchains/gnu_arm/4.9_2015q3/bin/../lib/gcc/arm-none-eabi/4.9.3/../../../../arm-none-eabi/lib/armv7-m\libc_nano.a(lib_a-findfp.o) (_fwalk)
c:/siliconlabs/simplicitystudio/v4/developer/toolchains/gnu_arm/4.9_2015q3/bin/../lib/gcc/arm-none-eabi/4.9.3/../../../../arm-none-eabi/lib/armv7-m\libc_nano.a(lib_a-impure.o)
                              c:/siliconlabs/simplicitystudio/v4/developer/toolchains/gnu_arm/4.9_2015q3/bin/../lib/gcc/arm-none-eabi/4.9.3/../../../../arm-none-eabi/lib/armv7-m\libc_nano.a(lib_a-exit.o) (_global_impure_ptr)
c:/siliconlabs/simplicitystudio/v4/developer/toolchains/gnu_arm/4.9_2015q3/bin/../lib/gcc/arm-none-eabi/4.9.3/../../../../arm-none-eabi/lib/armv7-m\libc_nano.a(lib_a-init.o)
                              c:/siliconlabs/simplicitystudio/v4/developer/toolchains/gnu_arm/4.9_2015q3/bin/../lib/gcc/arm-none-eabi/4.9.3/../../../../arm-none-eabi/lib/armv7-m/crt0.o (__libc_init_array)
c:/siliconlabs/simplicitystudio/v4/developer/toolchains/gnu_arm/4.9_2015q3/bin/../lib/gcc/arm-none-eabi/4.9.3/../../../../arm-none-eabi/lib/armv7-m\libc_nano.a(lib_a-memcpy.o)
                              ./FreeRTOS/efm32gg/queue.o (memcpy)
c:/siliconlabs/simplicitystudio/v4/developer/toolchains/gnu_arm/4.9_2015q3/bin/../lib/gcc/arm-none-eabi/4.9.3/../../../../arm-none-eabi/lib/armv7-m\libc_nano.a(lib_a-memset.o)
                              c:/siliconlabs/simplicitystudio/v4/developer/toolchains/gnu_arm/4.9_2015q3/bin/../lib/gcc/arm-none-eabi/4.9.3/../../../../arm-none-eabi/lib/armv7-m/crt0.o (memset)
c:/siliconlabs/simplicitystudio/v4/developer/toolchains/gnu_arm/4.9_2015q3/bin/../lib/gcc/arm-none-eabi/4.9.3/../../../../arm-none-eabi/lib/armv7-m\libc_nano.a(lib_a-nano-mallocr.o)
                              c:/siliconlabs/simplicitystudio/v4/developer/toolchains/gnu_arm/4.9_2015q3/bin/../lib/gcc/arm-none-eabi/4.9.3/../../../../arm-none-eabi/lib/armv7-m\libc_nano.a(lib_a-findfp.o) (_malloc_r)
[...]
Memory Configuration

Name             Origin             Length             Attributes
FLASH            0x00000000         0x00100000         xr
RAM              0x20000000         0x00020000         xrw
*default*        0x00000000         0xffffffff

Linker script and memory map

LOAD c:/siliconlabs/simplicitystudio/v4/developer/toolchains/gnu_arm/4.9_2015q3/bin/../lib/gcc/arm-none-eabi/4.9.3/armv7-m/crti.o
LOAD c:/siliconlabs/simplicitystudio/v4/developer/toolchains/gnu_arm/4.9_2015q3/bin/../lib/gcc/arm-none-eabi/4.9.3/armv7-m/crtbegin.o
LOAD c:/siliconlabs/simplicitystudio/v4/developer/toolchains/gnu_arm/4.9_2015q3/bin/../lib/gcc/arm-none-eabi/4.9.3/../../../../arm-none-eabi/lib/armv7-m/crt0.o
LOAD ./BSP/bsp_stk_buttons.o
LOAD ./BSP/bsp_stk_leds.o
LOAD ./CMSIS/EFM32GG/startup_gcc_efm32gg.o
LOAD ./CMSIS/EFM32GG/system_efm32gg.o
LOAD ./Drivers/retargetio.o
LOAD ./Drivers/retargetserial.o
LOAD ./Drivers/segmentlcd.o
LOAD ./Drivers/udelay.o
LOAD ./FreeRTOS/efm32gg/event_groups.o
LOAD ./FreeRTOS/efm32gg/heap_2.o
LOAD ./FreeRTOS/efm32gg/list.o
LOAD ./FreeRTOS/efm32gg/port_gcc.o
LOAD ./FreeRTOS/efm32gg/queue.o
LOAD ./FreeRTOS/efm32gg/tasks.o
LOAD ./FreeRTOS/efm32gg/timers.o
LOAD ./emlib/em_assert.o
LOAD ./emlib/em_cmu.o
LOAD ./emlib/em_core.o
LOAD ./emlib/em_emu.o
LOAD ./emlib/em_gpio.o
LOAD ./emlib/em_lcd.o
LOAD ./emlib/em_rtc.o
LOAD ./emlib/em_system.o
LOAD ./emlib/em_timer.o
LOAD ./emlib/em_usart.o
LOAD ./src/main.o
START GROUP
LOAD c:/siliconlabs/simplicitystudio/v4/developer/toolchains/gnu_arm/4.9_2015q3/bin/../lib/gcc/arm-none-eabi/4.9.3/armv7-m\libgcc.a
LOAD c:/siliconlabs/simplicitystudio/v4/developer/toolchains/gnu_arm/4.9_2015q3/bin/../lib/gcc/arm-none-eabi/4.9.3/../../../../arm-none-eabi/lib/armv7-m\libc_nano.a
LOAD c:/siliconlabs/simplicitystudio/v4/developer/toolchains/gnu_arm/4.9_2015q3/bin/../lib/gcc/arm-none-eabi/4.9.3/../../../../arm-none-eabi/lib/armv7-m\libnosys.a
END GROUP
START GROUP
LOAD c:/siliconlabs/simplicitystudio/v4/developer/toolchains/gnu_arm/4.9_2015q3/bin/../lib/gcc/arm-none-eabi/4.9.3/armv7-m\libgcc.a
LOAD c:/siliconlabs/simplicitystudio/v4/developer/toolchains/gnu_arm/4.9_2015q3/bin/../lib/gcc/arm-none-eabi/4.9.3/../../../../arm-none-eabi/lib/armv7-m\libg_nano.a
LOAD c:/siliconlabs/simplicitystudio/v4/developer/toolchains/gnu_arm/4.9_2015q3/bin/../lib/gcc/arm-none-eabi/4.9.3/../../../../arm-none-eabi/lib/armv7-m\libc_nano.a
END GROUP
START GROUP
LOAD c:/siliconlabs/simplicitystudio/v4/developer/toolchains/gnu_arm/4.9_2015q3/bin/../lib/gcc/arm-none-eabi/4.9.3/armv7-m\libgcc.a
LOAD c:/siliconlabs/simplicitystudio/v4/developer/toolchains/gnu_arm/4.9_2015q3/bin/../lib/gcc/arm-none-eabi/4.9.3/../../../../arm-none-eabi/lib/armv7-m\libc_nano.a
END GROUP
LOAD c:/siliconlabs/simplicitystudio/v4/developer/toolchains/gnu_arm/4.9_2015q3/bin/../lib/gcc/arm-none-eabi/4.9.3/armv7-m/crtend.o
LOAD c:/siliconlabs/simplicitystudio/v4/developer/toolchains/gnu_arm/4.9_2015q3/bin/../lib/gcc/arm-none-eabi/4.9.3/armv7-m/crtn.o

.text           0x00000000     0x6958
 *(.vectors)
 .vectors       0x00000000       0xdc ./CMSIS/EFM32GG/startup_gcc_efm32gg.o
                0x00000000                __Vectors
                0x000000dc                __Vectors_End = .
                0x000000dc                __Vectors_Size = (__Vectors_End - __Vectors)
                0x000000dc                __end__ = .
 *(.text*)
 .text          0x000000dc       0x5c c:/siliconlabs/simplicitystudio/v4/developer/toolchains/gnu_arm/4.9_2015q3/bin/../lib/gcc/arm-none-eabi/4.9.3/armv7-m/crtbegin.o
 .text          0x00000138       0x74 c:/siliconlabs/simplicitystudio/v4/developer/toolchains/gnu_arm/4.9_2015q3/bin/../lib/gcc/arm-none-eabi/4.9.3/../../../../arm-none-eabi/lib/armv7-m/crt0.o
                0x00000138                _start
                0x00000138                _mainCRTStartup
 .text          0x000001ac       0x30 ./CMSIS/EFM32GG/startup_gcc_efm32gg.o
                0x000001ac                Reset_Handler
                0x000001d8                DebugMon_Handler
                0x000001d8                USART0_TX_IRQHandler
                0x000001d8                I2C0_IRQHandler
                0x000001d8                HardFault_Handler
                0x000001d8                LEUART1_IRQHandler
                0x000001d8                USART1_RX_IRQHandler
                0x000001d8                NMI_Handler
                0x000001d8                I2C1_IRQHandler
                0x000001d8                TIMER3_IRQHandler
                0x000001d8                USART1_TX_IRQHandler
                0x000001d8                MSC_IRQHandler
                0x000001d8                ADC0_IRQHandler
                0x000001d8                UsageFault_Handler
                0x000001d8                LEUART0_IRQHandler
                0x000001d8                GPIO_EVEN_IRQHandler
                0x000001d8                UART0_TX_IRQHandler
                0x000001d8                UART1_TX_IRQHandler
                0x000001d8                RTC_IRQHandler
                0x000001d8                TIMER2_IRQHandler
                0x000001d8                LCD_IRQHandler
                0x000001d8                PCNT2_IRQHandler
                0x000001d8                LETIMER0_IRQHandler
                0x000001d8                TIMER1_IRQHandler
                0x000001d8                USART2_RX_IRQHandler
                0x000001d8                Default_Handler
                0x000001d8                EMU_IRQHandler
                0x000001d8                PCNT0_IRQHandler
                0x000001d8                USB_IRQHandler
                0x000001d8                BURTC_IRQHandler
                0x000001d8                PCNT1_IRQHandler
                0x000001d8                ACMP0_IRQHandler
                0x000001d8                USART0_RX_IRQHandler
                0x000001d8                MemManage_Handler
                0x000001d8                DAC0_IRQHandler
                0x000001d8                UART1_RX_IRQHandler
                0x000001d8                CMU_IRQHandler
                0x000001d8                EBI_IRQHandler
                0x000001d8                LESENSE_IRQHandler
                0x000001d8                AES_IRQHandler
                0x000001d8                VCMP_IRQHandler
                0x000001d8                DMA_IRQHandler
                0x000001d8                BusFault_Handler
                0x000001d8                USART2_TX_IRQHandler
 .text.GetProdRev
                0x000001dc       0x1c ./CMSIS/EFM32GG/system_efm32gg.o
 .text.SystemCoreClockGet
                0x000001f8       0x34 ./CMSIS/EFM32GG/system_efm32gg.o
                0x000001f8                SystemCoreClockGet
 .text.SystemMaxCoreClockGet
                0x0000022c       0x14 ./CMSIS/EFM32GG/system_efm32gg.o
                0x0000022c                SystemMaxCoreClockGet
 .text.SystemHFClockGet
                0x00000240      0x100 ./CMSIS/EFM32GG/system_efm32gg.o
                0x00000240                SystemHFClockGet
 .text.SystemHFXOClockGet
                0x00000340       0x18 ./CMSIS/EFM32GG/system_efm32gg.o
                0x00000340                SystemHFXOClockGet
 .text.SystemInit
                0x00000358        0xc ./CMSIS/EFM32GG/system_efm32gg.o
                0x00000358                SystemInit
 .text.SystemLFRCOClockGet
                0x00000364       0x14 ./CMSIS/EFM32GG/system_efm32gg.o
                0x00000364                SystemLFRCOClockGet
 .text.SystemULFRCOClockGet
                0x00000378       0x14 ./CMSIS/EFM32GG/system_efm32gg.o
                0x00000378                SystemULFRCOClockGet
 .text.SystemLFXOClockGet
                0x0000038c       0x18 ./CMSIS/EFM32GG/system_efm32gg.o
                0x0000038c                SystemLFXOClockGet
 .text._close   0x000003a4       0x18 ./Drivers/retargetio.o
                0x000003a4                _close
 .text._exit    0x000003bc        0xc ./Drivers/retargetio.o
                0x000003bc                _exit
 .text._fstat   0x000003c8       0x20 ./Drivers/retargetio.o
                0x000003c8                _fstat
 .text._isatty  0x000003e8       0x18 ./Drivers/retargetio.o
                0x000003e8                _isatty
 .text._lseek   0x00000400       0x1c ./Drivers/retargetio.o
                0x00000400                _lseek
 .text._read    0x0000041c       0x58 ./Drivers/retargetio.o
                0x0000041c                _read
 .text._sbrk    0x00000474       0x7c ./Drivers/retargetio.o
                0x00000474                _sbrk
 .text._write   0x000004f0       0x38 ./Drivers/retargetio.o
                0x000004f0                _write
 .text.NVIC_EnableIRQ
                0x00000528       0x30 ./Drivers/retargetserial.o
 .text.NVIC_ClearPendingIRQ
                0x00000558       0x34 ./Drivers/retargetserial.o
 .text.USART_IntClear
                0x0000058c       0x1c ./Drivers/retargetserial.o
 .text.USART_IntEnable
                0x000005a8       0x20 ./Drivers/retargetserial.o
 .text.UART0_RX_IRQHandler
                0x000005c8       0x74 ./Drivers/retargetserial.o
                0x000005c8                UART0_RX_IRQHandler
 .text.RETARGET_SerialCrLf
                0x0000063c       0x2c ./Drivers/retargetserial.o
                0x0000063c                RETARGET_SerialCrLf
 .text.RETARGET_SerialInit
                0x00000668       0xcc ./Drivers/retargetserial.o
                0x00000668                RETARGET_SerialInit
 .text.RETARGET_ReadChar
                0x00000734       0x7c ./Drivers/retargetserial.o
                0x00000734                RETARGET_ReadChar
 .text.RETARGET_WriteChar
                0x000007b0       0x68 ./Drivers/retargetserial.o
                0x000007b0                RETARGET_WriteChar
 .text.LCD_FreezeEnable
                0x00000818       0x2c ./Drivers/segmentlcd.o
 .text.LCD_SyncBusyDelay
                0x00000844       0x24 ./Drivers/segmentlcd.o
 .text.LCD_IntDisable
                0x00000868       0x24 ./Drivers/segmentlcd.o
 .text.SegmentLCD_AllOff
                0x0000088c       0xac ./Drivers/segmentlcd.o
                0x0000088c                SegmentLCD_AllOff
 .text.SegmentLCD_AlphaNumberOff
                0x00000938       0xa8 ./Drivers/segmentlcd.o
                0x00000938                SegmentLCD_AlphaNumberOff
 .text.SegmentLCD_Init
                0x000009e0       0xb8 ./Drivers/segmentlcd.o
                0x000009e0                SegmentLCD_Init
 .text.SegmentLCD_Write
                0x00000a98       0xd8 ./Drivers/segmentlcd.o
                0x00000a98                SegmentLCD_Write
 .text.pvPortMalloc
                0x00000b70      0x11c ./FreeRTOS/efm32gg/heap_2.o
                0x00000b70                pvPortMalloc
 .text.vPortFree
                0x00000c8c       0x70 ./FreeRTOS/efm32gg/heap_2.o
                0x00000c8c                vPortFree
 .text.prvHeapInit
                0x00000cfc       0x50 ./FreeRTOS/efm32gg/heap_2.o
 .text.vListInitialise
                0x00000d4c       0x40 ./FreeRTOS/efm32gg/list.o
                0x00000d4c                vListInitialise
 .text.vListInitialiseItem
                0x00000d8c       0x18 ./FreeRTOS/efm32gg/list.o
                0x00000d8c                vListInitialiseItem
 .text.vListInsertEnd
                0x00000da4       0x48 ./FreeRTOS/efm32gg/list.o
                0x00000da4                vListInsertEnd
 .text.vListInsert
                0x00000dec       0x70 ./FreeRTOS/efm32gg/list.o
                0x00000dec                vListInsert
 .text.uxListRemove
                0x00000e5c       0x54 ./FreeRTOS/efm32gg/list.o
                0x00000e5c                uxListRemove
 .text.pxPortInitialiseStack
                0x00000eb0       0x5c ./FreeRTOS/efm32gg/port_gcc.o
                0x00000eb0                pxPortInitialiseStack
 .text.prvTaskExitError
                0x00000f0c       0x34 ./FreeRTOS/efm32gg/port_gcc.o
 .text.SVC_Handler
                0x00000f40       0x24 ./FreeRTOS/efm32gg/port_gcc.o
                0x00000f40                SVC_Handler
 .text.prvPortStartFirstTask
                0x00000f64       0x20 ./FreeRTOS/efm32gg/port_gcc.o
 .text.xPortStartScheduler
                0x00000f84       0xbc ./FreeRTOS/efm32gg/port_gcc.o
                0x00000f84                xPortStartScheduler
 .text.vPortEnterCritical
                0x00001040       0x50 ./FreeRTOS/efm32gg/port_gcc.o
                0x00001040                vPortEnterCritical
 .text.vPortExitCritical
                0x00001090       0x44 ./FreeRTOS/efm32gg/port_gcc.o
                0x00001090                vPortExitCritical
 *fill*         0x000010d4        0xc 
 .text.PendSV_Handler
                0x000010e0       0x44 ./FreeRTOS/efm32gg/port_gcc.o
                0x000010e0                PendSV_Handler
 .text.SysTick_Handler
                0x00001124       0x40 ./FreeRTOS/efm32gg/port_gcc.o
                0x00001124                SysTick_Handler
 .text.vPortSetupTimerInterrupt
                0x00001164       0x24 ./FreeRTOS/efm32gg/port_gcc.o
                0x00001164                vPortSetupTimerInterrupt
 .text.vPortValidateInterruptPriority
                0x00001188       0x64 ./FreeRTOS/efm32gg/port_gcc.o
                0x00001188                vPortValidateInterruptPriority
 .text.xQueueGenericReset
                0x000011ec       0xc8 ./FreeRTOS/efm32gg/queue.o
                0x000011ec                xQueueGenericReset
 .text.xQueueGenericCreate
                0x000012b4       0x6c ./FreeRTOS/efm32gg/queue.o
                0x000012b4                xQueueGenericCreate
 .text.prvInitialiseNewQueue
                0x00001320       0x3c ./FreeRTOS/efm32gg/queue.o
 .text.xQueueGenericSend
                0x0000135c      0x1bc ./FreeRTOS/efm32gg/queue.o
                0x0000135c                xQueueGenericSend
 .text.xQueueGenericSendFromISR
                0x00001518       0xfc ./FreeRTOS/efm32gg/queue.o
                0x00001518                xQueueGenericSendFromISR
 .text.xQueueGenericReceive
                0x00001614      0x1fc ./FreeRTOS/efm32gg/queue.o
                0x00001614                xQueueGenericReceive
 .text.prvCopyDataToQueue
                0x00001810       0xd8 ./FreeRTOS/efm32gg/queue.o
 .text.prvCopyDataFromQueue
                0x000018e8       0x4c ./FreeRTOS/efm32gg/queue.o
 .text.prvUnlockQueue
                0x00001934       0xa4 ./FreeRTOS/efm32gg/queue.o
 .text.prvIsQueueEmpty
                0x000019d8       0x2c ./FreeRTOS/efm32gg/queue.o
 .text.prvIsQueueFull
                0x00001a04       0x30 ./FreeRTOS/efm32gg/queue.o
 .text.vQueueAddToRegistry
                0x00001a34       0x50 ./FreeRTOS/efm32gg/queue.o
                0x00001a34                vQueueAddToRegistry
 .text.vQueueWaitForMessageRestricted
                0x00001a84       0x6c ./FreeRTOS/efm32gg/queue.o
                0x00001a84                vQueueWaitForMessageRestricted
 .text.xTaskCreate
                0x00001af0       0x84 ./FreeRTOS/efm32gg/tasks.o
                0x00001af0                xTaskCreate
 .text.prvInitialiseNewTask
                0x00001b74       0xf4 ./FreeRTOS/efm32gg/tasks.o
 .text.prvAddNewTaskToReadyList
                0x00001c68       0xd8 ./FreeRTOS/efm32gg/tasks.o
 .text.vTaskDelay
                0x00001d40       0x60 ./FreeRTOS/efm32gg/tasks.o
                0x00001d40                vTaskDelay
 .text.vTaskStartScheduler
                0x00001da0       0x90 ./FreeRTOS/efm32gg/tasks.o
                0x00001da0                vTaskStartScheduler
 .text.vTaskSuspendAll
                0x00001e30       0x1c ./FreeRTOS/efm32gg/tasks.o
                0x00001e30                vTaskSuspendAll
 .text.xTaskResumeAll
                0x00001e4c      0x134 ./FreeRTOS/efm32gg/tasks.o
                0x00001e4c                xTaskResumeAll
 .text.xTaskGetTickCount
                0x00001f80       0x20 ./FreeRTOS/efm32gg/tasks.o
                0x00001f80                xTaskGetTickCount
 .text.xTaskIncrementTick
                0x00001fa0      0x178 ./FreeRTOS/efm32gg/tasks.o
                0x00001fa0                xTaskIncrementTick
 .text.vTaskSwitchContext
                0x00002118       0xa8 ./FreeRTOS/efm32gg/tasks.o
                0x00002118                vTaskSwitchContext
 .text.vTaskPlaceOnEventList
                0x000021c0       0x40 ./FreeRTOS/efm32gg/tasks.o
                0x000021c0                vTaskPlaceOnEventList
 .text.vTaskPlaceOnEventListRestricted
                0x00002200       0x4c ./FreeRTOS/efm32gg/tasks.o
                0x00002200                vTaskPlaceOnEventListRestricted
 .text.xTaskRemoveFromEventList
                0x0000224c       0xc0 ./FreeRTOS/efm32gg/tasks.o
                0x0000224c                xTaskRemoveFromEventList
 .text.vTaskSetTimeOutState
                0x0000230c       0x3c ./FreeRTOS/efm32gg/tasks.o
                0x0000230c                vTaskSetTimeOutState
 .text.xTaskCheckForTimeOut
                0x00002348       0xac ./FreeRTOS/efm32gg/tasks.o
                0x00002348                xTaskCheckForTimeOut
 .text.vTaskMissedYield
                0x000023f4       0x18 ./FreeRTOS/efm32gg/tasks.o
                0x000023f4                vTaskMissedYield
 .text.prvIdleTask
                0x0000240c       0x10 ./FreeRTOS/efm32gg/tasks.o
 .text.prvInitialiseTaskLists
                0x0000241c       0x7c ./FreeRTOS/efm32gg/tasks.o
 .text.prvCheckTasksWaitingTermination
                0x00002498       0x74 ./FreeRTOS/efm32gg/tasks.o
 .text.prvDeleteTCB
                0x0000250c       0x20 ./FreeRTOS/efm32gg/tasks.o
 .text.prvResetNextTaskUnblockTime
                0x0000252c       0x48 ./FreeRTOS/efm32gg/tasks.o
 .text.xTaskGetSchedulerState
                0x00002574       0x3c ./FreeRTOS/efm32gg/tasks.o
                0x00002574                xTaskGetSchedulerState
 .text.vTaskPriorityInherit
                0x000025b0       0xf0 ./FreeRTOS/efm32gg/tasks.o
                0x000025b0                vTaskPriorityInherit
 .text.xTaskPriorityDisinherit
                0x000026a0       0xfc ./FreeRTOS/efm32gg/tasks.o
                0x000026a0                xTaskPriorityDisinherit
 .text.pvTaskIncrementMutexHeldCount
                0x0000279c       0x28 ./FreeRTOS/efm32gg/tasks.o
                0x0000279c                pvTaskIncrementMutexHeldCount
 .text.prvAddCurrentTaskToDelayedList
                0x000027c4       0xc8 ./FreeRTOS/efm32gg/tasks.o
 .text.xTimerCreateTimerTask
                0x0000288c       0x5c ./FreeRTOS/efm32gg/timers.o
                0x0000288c                xTimerCreateTimerTask
 .text.xTimerGenericCommand
                0x000028e8       0xa0 ./FreeRTOS/efm32gg/timers.o
                0x000028e8                xTimerGenericCommand
 .text.prvProcessExpiredTimer
                0x00002988       0x78 ./FreeRTOS/efm32gg/timers.o
 .text.prvTimerTask
                0x00002a00       0x24 ./FreeRTOS/efm32gg/timers.o
 .text.prvProcessTimerOrBlockTask
                0x00002a24       0x9c ./FreeRTOS/efm32gg/timers.o
 .text.prvGetNextExpireTime
                0x00002ac0       0x48 ./FreeRTOS/efm32gg/timers.o
 .text.prvSampleTimeNow
                0x00002b08       0x40 ./FreeRTOS/efm32gg/timers.o
 .text.prvInsertTimerInActiveList
                0x00002b48       0x84 ./FreeRTOS/efm32gg/timers.o
 .text.prvProcessReceivedCommands
                0x00002bcc      0x11c ./FreeRTOS/efm32gg/timers.o
 .text.prvSwitchTimerLists
                0x00002ce8       0xb8 ./FreeRTOS/efm32gg/timers.o
 .text.prvCheckForValidListAndQueue
                0x00002da0       0x6c ./FreeRTOS/efm32gg/timers.o
 .text.assertEFM
                0x00002e0c        0xc ./emlib/em_assert.o
                0x00002e0c                assertEFM
 .text.BUS_RegBitWrite
                0x00002e18       0x2c ./emlib/em_cmu.o
 .text.BUS_RegBitRead
                0x00002e44       0x2c ./emlib/em_cmu.o
 .text.CMU_DivToLog2
                0x00002e70       0x3c ./emlib/em_cmu.o
 .text.SYSTEM_GetProdRev
                0x00002eac       0x1c ./emlib/em_cmu.o
 .text.SYSTEM_GetFamily
                0x00002ec8       0x20 ./emlib/em_cmu.o
 .text.maxFreqHfle
                0x00002ee8       0x84 ./emlib/em_cmu.o
 .text.setHfLeConfig
                0x00002f6c       0x60 ./emlib/em_cmu.o
 .text.getHfLeConfig
                0x00002fcc       0x20 ./emlib/em_cmu.o
 .text.auxClkGet
                0x00002fec       0xc0 ./emlib/em_cmu.o
 .text.dbgClkGet
                0x000030ac       0x4c ./emlib/em_cmu.o
 .text.flashWaitStateControl
                0x000030f8       0xb8 ./emlib/em_cmu.o
 .text.flashWaitStateMax
                0x000031b0       0x14 ./emlib/em_cmu.o
 .text.CMU_UpdateWaitStates
                0x000031c4       0x18 ./emlib/em_cmu.o
                0x000031c4                CMU_UpdateWaitStates
 .text.lfClkGet
                0x000031dc      0x10c ./emlib/em_cmu.o
 .text.syncReg  0x000032e8       0x34 ./emlib/em_cmu.o
 .text.usbCClkGet
                0x0000331c       0x4c ./emlib/em_cmu.o
 .text.CMU_ClockDivSet
                0x00003368      0x2c4 ./emlib/em_cmu.o
                0x00003368                CMU_ClockDivSet
 .text.CMU_ClockEnable
                0x0000362c       0xdc ./emlib/em_cmu.o
                0x0000362c                CMU_ClockEnable
 .text.CMU_ClockFreqGet
                0x00003708      0x1e4 ./emlib/em_cmu.o
                0x00003708                CMU_ClockFreqGet
 .text.CMU_ClockSelectGet
                0x000038ec      0x168 ./emlib/em_cmu.o
                0x000038ec                CMU_ClockSelectGet
 .text.CMU_ClockSelectSet
                0x00003a54      0x2d8 ./emlib/em_cmu.o
                0x00003a54                CMU_ClockSelectSet
 .text.CMU_LCDClkFDIVSet
                0x00003d2c       0x4c ./emlib/em_cmu.o
                0x00003d2c                CMU_LCDClkFDIVSet
 .text.CMU_OscillatorEnable
                0x00003d78       0xc8 ./emlib/em_cmu.o
                0x00003d78                CMU_OscillatorEnable
 .text.CORE_EnterAtomic
                0x00003e40       0x20 ./emlib/em_core.o
                0x00003e40                CORE_EnterAtomic
 .text.CORE_ExitAtomic
                0x00003e60       0x1c ./emlib/em_core.o
                0x00003e60                CORE_ExitAtomic
 .text.BUS_RegBitWrite
                0x00003e7c       0x2c ./emlib/em_gpio.o
 .text.BUS_RegMaskedWrite
                0x00003ea8       0x28 ./emlib/em_gpio.o
 .text.GPIO_PinOutClear
                0x00003ed0       0x98 ./emlib/em_gpio.o
 .text.GPIO_PinOutSet
                0x00003f68       0x98 ./emlib/em_gpio.o
 .text.GPIO_ExtIntConfig
                0x00004000      0x114 ./emlib/em_gpio.o
                0x00004000                GPIO_ExtIntConfig
 .text.GPIO_PinModeSet
                0x00004114      0x150 ./emlib/em_gpio.o
                0x00004114                GPIO_PinModeSet
 .text.LCD_Enable
                0x00004264       0x38 ./emlib/em_lcd.o
 .text.BUS_RegBitWrite
                0x0000429c       0x2c ./emlib/em_lcd.o
 .text.LCD_Init
                0x000042c8       0x88 ./emlib/em_lcd.o
                0x000042c8                LCD_Init
 .text.LCD_VLCDSelect
                0x00004350       0x44 ./emlib/em_lcd.o
                0x00004350                LCD_VLCDSelect
 .text.LCD_SegmentRangeEnable
                0x00004394       0x40 ./emlib/em_lcd.o
                0x00004394                LCD_SegmentRangeEnable
 .text.LCD_SegmentSet
                0x000043d4      0x214 ./emlib/em_lcd.o
                0x000043d4                LCD_SegmentSet
 .text.LCD_SegmentSetLow
                0x000045e8      0x198 ./emlib/em_lcd.o
                0x000045e8                LCD_SegmentSetLow
 .text.LCD_SegmentSetHigh
                0x00004780      0x18c ./emlib/em_lcd.o
                0x00004780                LCD_SegmentSetHigh
 .text.LCD_VBoostSet
                0x0000490c       0x28 ./emlib/em_lcd.o
                0x0000490c                LCD_VBoostSet
 .text.SYSTEM_ChipRevisionGet
                0x00004934       0x80 ./emlib/em_system.o
                0x00004934                SYSTEM_ChipRevisionGet
 .text.TIMER_Valid
                0x000049b4       0x50 ./emlib/em_timer.o
 .text.TIMER_Init
                0x00004a04       0xec ./emlib/em_timer.o
                0x00004a04                TIMER_Init
 .text.USART_BaudrateAsyncSet
                0x00004af0      0x130 ./emlib/em_usart.o
                0x00004af0                USART_BaudrateAsyncSet
 .text.USART_Enable
                0x00004c20       0x78 ./emlib/em_usart.o
                0x00004c20                USART_Enable
 .text.USART_InitAsync
                0x00004c98       0xc0 ./emlib/em_usart.o
                0x00004c98                USART_InitAsync
 .text.USART_Reset
                0x00004d58       0xb8 ./emlib/em_usart.o
                0x00004d58                USART_Reset
 .text.USART_Rx
                0x00004e10       0x28 ./emlib/em_usart.o
                0x00004e10                USART_Rx
 .text.USART_Tx
                0x00004e38       0x2c ./emlib/em_usart.o
                0x00004e38                USART_Tx
 .text.NVIC_EnableIRQ
                0x00004e64       0x30 ./src/main.o
 .text.NVIC_ClearPendingIRQ
                0x00004e94       0x34 ./src/main.o
 .text.NVIC_SetPriority
                0x00004ec8       0x54 ./src/main.o
 .text.GPIO_IntClear
                0x00004f1c       0x20 ./src/main.o
 .text.GPIO_IntConfig
                0x00004f3c       0x38 ./src/main.o
 .text.SYSTEM_GetProdRev
                0x00004f74       0x1c ./src/main.o
 .text.CHIP_Init
                0x00004f90       0x3c ./src/main.o
 .text.TIMER_MaxCount
                0x00004fcc       0x18 ./src/main.o
 .text.TIMER_CounterGet
                0x00004fe4       0x18 ./src/main.o
 .text.TIMER_IntClear
                0x00004ffc       0x1c ./src/main.o
 .text.TIMER_IntEnable
                0x00005018       0x20 ./src/main.o
 .text.TIMER_TopSet
                0x00005038       0x34 ./src/main.o
 .text.LcdPrint
                0x0000506c       0x30 ./src/main.o
 .text.Count    0x0000509c       0xb0 ./src/main.o
 .text.Init_TIMER0
                0x0000514c       0x6c ./src/main.o
                0x0000514c                Init_TIMER0
 .text.Init_GPIO
                0x000051b8       0x54 ./src/main.o
                0x000051b8                Init_GPIO
 .text.TIMER0_IRQHandler
                0x0000520c       0x24 ./src/main.o
                0x0000520c                TIMER0_IRQHandler
 .text.GPIO_ODD_IRQHandler
                0x00005230       0x68 ./src/main.o
                0x00005230                GPIO_ODD_IRQHandler
 .text.main     0x00005298       0x9c ./src/main.o
                0x00005298                main
 .text.exit     0x00005334       0x28 c:/siliconlabs/simplicitystudio/v4/developer/toolchains/gnu_arm/4.9_2015q3/bin/../lib/gcc/arm-none-eabi/4.9.3/../../../../arm-none-eabi/lib/armv7-m\libc_nano.a(lib_a-exit.o)
                0x00005334                exit
 .text.fileno   0x0000535c       0x5c c:/siliconlabs/simplicitystudio/v4/developer/toolchains/gnu_arm/4.9_2015q3/bin/../lib/gcc/arm-none-eabi/4.9.3/../../../../arm-none-eabi/lib/armv7-m\libc_nano.a(lib_a-fileno.o)
                0x0000535c                fileno
 .text._cleanup_r
                0x000053b8        0xc c:/siliconlabs/simplicitystudio/v4/developer/toolchains/gnu_arm/4.9_2015q3/bin/../lib/gcc/arm-none-eabi/4.9.3/../../../../arm-none-eabi/lib/armv7-m\libc_nano.a(lib_a-findfp.o)
                0x000053b8                _cleanup_r
 .text.std.isra.0
                0x000053c4       0x48 c:/siliconlabs/simplicitystudio/v4/developer/toolchains/gnu_arm/4.9_2015q3/bin/../lib/gcc/arm-none-eabi/4.9.3/../../../../arm-none-eabi/lib/armv7-m\libc_nano.a(lib_a-findfp.o)
 .text.__sfmoreglue
                0x0000540c       0x2c c:/siliconlabs/simplicitystudio/v4/developer/toolchains/gnu_arm/4.9_2015q3/bin/../lib/gcc/arm-none-eabi/4.9.3/../../../../arm-none-eabi/lib/armv7-m\libc_nano.a(lib_a-findfp.o)
                0x0000540c                __sfmoreglue
 .text.__sinit  0x00005438       0x60 c:/siliconlabs/simplicitystudio/v4/developer/toolchains/gnu_arm/4.9_2015q3/bin/../lib/gcc/arm-none-eabi/4.9.3/../../../../arm-none-eabi/lib/armv7-m\libc_nano.a(lib_a-findfp.o)
                0x00005438                __sinit
 .text.__sfp    0x00005498       0x74 c:/siliconlabs/simplicitystudio/v4/developer/toolchains/gnu_arm/4.9_2015q3/bin/../lib/gcc/arm-none-eabi/4.9.3/../../../../arm-none-eabi/lib/armv7-m\libc_nano.a(lib_a-findfp.o)
                0x00005498                __sfp
 .text._fwalk_reent
                0x0000550c       0x3c c:/siliconlabs/simplicitystudio/v4/developer/toolchains/gnu_arm/4.9_2015q3/bin/../lib/gcc/arm-none-eabi/4.9.3/../../../../arm-none-eabi/lib/armv7-m\libc_nano.a(lib_a-fwalk.o)
                0x0000550c                _fwalk_reent
 .text.__libc_init_array
                0x00005548       0x4c c:/siliconlabs/simplicitystudio/v4/developer/toolchains/gnu_arm/4.9_2015q3/bin/../lib/gcc/arm-none-eabi/4.9.3/../../../../arm-none-eabi/lib/armv7-m\libc_nano.a(lib_a-init.o)
                0x00005548                __libc_init_array
 .text.memcpy   0x00005594       0x16 c:/siliconlabs/simplicitystudio/v4/developer/toolchains/gnu_arm/4.9_2015q3/bin/../lib/gcc/arm-none-eabi/4.9.3/../../../../arm-none-eabi/lib/armv7-m\libc_nano.a(lib_a-memcpy.o)
                0x00005594                memcpy
 .text.memset   0x000055aa       0x10 c:/siliconlabs/simplicitystudio/v4/developer/toolchains/gnu_arm/4.9_2015q3/bin/../lib/gcc/arm-none-eabi/4.9.3/../../../../arm-none-eabi/lib/armv7-m\libc_nano.a(lib_a-memset.o)
                0x000055aa                memset
 *fill*         0x000055ba        0x2 
 .text._malloc_r
                0x000055bc       0xac c:/siliconlabs/simplicitystudio/v4/developer/toolchains/gnu_arm/4.9_2015q3/bin/../lib/gcc/arm-none-eabi/4.9.3/../../../../arm-none-eabi/lib/armv7-m\libc_nano.a(lib_a-nano-mallocr.o)
                0x000055bc                _malloc_r
 .text.printf   0x00005668       0x30 c:/siliconlabs/simplicitystudio/v4/developer/toolchains/gnu_arm/4.9_2015q3/bin/../lib/gcc/arm-none-eabi/4.9.3/../../../../arm-none-eabi/lib/armv7-m\libc_nano.a(lib_a-printf.o)
                0x00005668                iprintf
                0x00005668                printf
 .text._sbrk_r  0x00005698       0x20 c:/siliconlabs/simplicitystudio/v4/developer/toolchains/gnu_arm/4.9_2015q3/bin/../lib/gcc/arm-none-eabi/4.9.3/../../../../arm-none-eabi/lib/armv7-m\libc_nano.a(lib_a-sbrkr.o)
                0x00005698                _sbrk_r
 .text.setvbuf  0x000056b8      0x110 c:/siliconlabs/simplicitystudio/v4/developer/toolchains/gnu_arm/4.9_2015q3/bin/../lib/gcc/arm-none-eabi/4.9.3/../../../../arm-none-eabi/lib/armv7-m\libc_nano.a(lib_a-setvbuf.o)
                0x000056b8                setvbuf
 .text.__sread  0x000057c8       0x22 c:/siliconlabs/simplicitystudio/v4/developer/toolchains/gnu_arm/4.9_2015q3/bin/../lib/gcc/arm-none-eabi/4.9.3/../../../../arm-none-eabi/lib/armv7-m\libc_nano.a(lib_a-stdio.o)
                0x000057c8                __sread
 .text.__swrite
                0x000057ea       0x38 c:/siliconlabs/simplicitystudio/v4/developer/toolchains/gnu_arm/4.9_2015q3/bin/../lib/gcc/arm-none-eabi/4.9.3/../../../../arm-none-eabi/lib/armv7-m\libc_nano.a(lib_a-stdio.o)
                0x000057ea                __swrite
 .text.__sseek  0x00005822       0x24 c:/siliconlabs/simplicitystudio/v4/developer/toolchains/gnu_arm/4.9_2015q3/bin/../lib/gcc/arm-none-eabi/4.9.3/../../../../arm-none-eabi/lib/armv7-m\libc_nano.a(lib_a-stdio.o)
                0x00005822                __sseek
 .text.__sclose
                0x00005846        0x8 c:/siliconlabs/simplicitystudio/v4/developer/toolchains/gnu_arm/4.9_2015q3/bin/../lib/gcc/arm-none-eabi/4.9.3/../../../../arm-none-eabi/lib/armv7-m\libc_nano.a(lib_a-stdio.o)
                0x00005846                __sclose
 .text.strlen   0x0000584e       0x10 c:/siliconlabs/simplicitystudio/v4/developer/toolchains/gnu_arm/4.9_2015q3/bin/../lib/gcc/arm-none-eabi/4.9.3/../../../../arm-none-eabi/lib/armv7-m\libc_nano.a(lib_a-strlen.o)
                0x0000584e                strlen
 *fill*         0x0000585e        0x2 
 .text._write_r
                0x00005860       0x24 c:/siliconlabs/simplicitystudio/v4/developer/toolchains/gnu_arm/4.9_2015q3/bin/../lib/gcc/arm-none-eabi/4.9.3/../../../../arm-none-eabi/lib/armv7-m\libc_nano.a(lib_a-writer.o)
                0x00005860                _write_r
 .text._close_r
                0x00005884       0x20 c:/siliconlabs/simplicitystudio/v4/developer/toolchains/gnu_arm/4.9_2015q3/bin/../lib/gcc/arm-none-eabi/4.9.3/../../../../arm-none-eabi/lib/armv7-m\libc_nano.a(lib_a-closer.o)
                0x00005884                _close_r
 .text.__sflush_r
                0x000058a4      0x106 c:/siliconlabs/simplicitystudio/v4/developer/toolchains/gnu_arm/4.9_2015q3/bin/../lib/gcc/arm-none-eabi/4.9.3/../../../../arm-none-eabi/lib/armv7-m\libc_nano.a(lib_a-fflush.o)
                0x000058a4                __sflush_r
 *fill*         0x000059aa        0x2 
 .text._fflush_r
                0x000059ac       0x54 c:/siliconlabs/simplicitystudio/v4/developer/toolchains/gnu_arm/4.9_2015q3/bin/../lib/gcc/arm-none-eabi/4.9.3/../../../../arm-none-eabi/lib/armv7-m\libc_nano.a(lib_a-fflush.o)
                0x000059ac                _fflush_r
 .text._lseek_r
                0x00005a00       0x24 c:/siliconlabs/simplicitystudio/v4/developer/toolchains/gnu_arm/4.9_2015q3/bin/../lib/gcc/arm-none-eabi/4.9.3/../../../../arm-none-eabi/lib/armv7-m\libc_nano.a(lib_a-lseekr.o)
                0x00005a00                _lseek_r
 .text.malloc   0x00005a24       0x10 c:/siliconlabs/simplicitystudio/v4/developer/toolchains/gnu_arm/4.9_2015q3/bin/../lib/gcc/arm-none-eabi/4.9.3/../../../../arm-none-eabi/lib/armv7-m\libc_nano.a(lib_a-malloc.o)
                0x00005a24                malloc
 .text._free_r  0x00005a34       0x88 c:/siliconlabs/simplicitystudio/v4/developer/toolchains/gnu_arm/4.9_2015q3/bin/../lib/gcc/arm-none-eabi/4.9.3/../../../../arm-none-eabi/lib/armv7-m\libc_nano.a(lib_a-nano-freer.o)
                0x00005a34                _free_r
 .text.__sfputc_r
                0x00005abc       0x2c c:/siliconlabs/simplicitystudio/v4/developer/toolchains/gnu_arm/4.9_2015q3/bin/../lib/gcc/arm-none-eabi/4.9.3/../../../../arm-none-eabi/lib/armv7-m\libc_nano.a(lib_a-nano-vfprintf.o)
 .text.__sfputs_r
                0x00005ae8       0x24 c:/siliconlabs/simplicitystudio/v4/developer/toolchains/gnu_arm/4.9_2015q3/bin/../lib/gcc/arm-none-eabi/4.9.3/../../../../arm-none-eabi/lib/armv7-m\libc_nano.a(lib_a-nano-vfprintf.o)
                0x00005ae8                __sfputs_r
 .text._vfprintf_r
                0x00005b0c      0x210 c:/siliconlabs/simplicitystudio/v4/developer/toolchains/gnu_arm/4.9_2015q3/bin/../lib/gcc/arm-none-eabi/4.9.3/../../../../arm-none-eabi/lib/armv7-m\libc_nano.a(lib_a-nano-vfprintf.o)
                0x00005b0c                _vfprintf_r
                0x00005b0c                _vfiprintf_r
 .text._printf_common
                0x00005d1c       0xea c:/siliconlabs/simplicitystudio/v4/developer/toolchains/gnu_arm/4.9_2015q3/bin/../lib/gcc/arm-none-eabi/4.9.3/../../../../arm-none-eabi/lib/armv7-m\libc_nano.a(lib_a-nano-vfprintf_i.o)
                0x00005d1c                _printf_common
 *fill*         0x00005e06        0x2 
 .text._printf_i
                0x00005e08      0x240 c:/siliconlabs/simplicitystudio/v4/developer/toolchains/gnu_arm/4.9_2015q3/bin/../lib/gcc/arm-none-eabi/4.9.3/../../../../arm-none-eabi/lib/armv7-m\libc_nano.a(lib_a-nano-vfprintf_i.o)
                0x00005e08                _printf_i
 .text._read_r  0x00006048       0x24 c:/siliconlabs/simplicitystudio/v4/developer/toolchains/gnu_arm/4.9_2015q3/bin/../lib/gcc/arm-none-eabi/4.9.3/../../../../arm-none-eabi/lib/armv7-m\libc_nano.a(lib_a-readr.o)
                0x00006048                _read_r
 .text.__swbuf_r
                0x0000606c       0xa8 c:/siliconlabs/simplicitystudio/v4/developer/toolchains/gnu_arm/4.9_2015q3/bin/../lib/gcc/arm-none-eabi/4.9.3/../../../../arm-none-eabi/lib/armv7-m\libc_nano.a(lib_a-wbuf.o)
                0x0000606c                __swbuf_r
 .text.__swsetup_r
                0x00006114       0xd8 c:/siliconlabs/simplicitystudio/v4/developer/toolchains/gnu_arm/4.9_2015q3/bin/../lib/gcc/arm-none-eabi/4.9.3/../../../../arm-none-eabi/lib/armv7-m\libc_nano.a(lib_a-wsetup.o)
                0x00006114                __swsetup_r
 .text.__smakebuf_r
                0x000061ec       0x98 c:/siliconlabs/simplicitystudio/v4/developer/toolchains/gnu_arm/4.9_2015q3/bin/../lib/gcc/arm-none-eabi/4.9.3/../../../../arm-none-eabi/lib/armv7-m\libc_nano.a(lib_a-makebuf.o)
                0x000061ec                __smakebuf_r
 .text.memchr   0x00006284       0x1c c:/siliconlabs/simplicitystudio/v4/developer/toolchains/gnu_arm/4.9_2015q3/bin/../lib/gcc/arm-none-eabi/4.9.3/../../../../arm-none-eabi/lib/armv7-m\libc_nano.a(lib_a-memchr.o)
                0x00006284                memchr
 .text._fstat_r
                0x000062a0       0x24 c:/siliconlabs/simplicitystudio/v4/developer/toolchains/gnu_arm/4.9_2015q3/bin/../lib/gcc/arm-none-eabi/4.9.3/../../../../arm-none-eabi/lib/armv7-m\libc_nano.a(lib_a-fstatr.o)
                0x000062a0                _fstat_r
 .text._isatty_r
                0x000062c4       0x20 c:/siliconlabs/simplicitystudio/v4/developer/toolchains/gnu_arm/4.9_2015q3/bin/../lib/gcc/arm-none-eabi/4.9.3/../../../../arm-none-eabi/lib/armv7-m\libc_nano.a(lib_a-isattyr.o)
                0x000062c4                _isatty_r
 *(.init)
 .init          0x000062e4        0x4 c:/siliconlabs/simplicitystudio/v4/developer/toolchains/gnu_arm/4.9_2015q3/bin/../lib/gcc/arm-none-eabi/4.9.3/armv7-m/crti.o
                0x000062e4                _init
 .init          0x000062e8        0x8 c:/siliconlabs/simplicitystudio/v4/developer/toolchains/gnu_arm/4.9_2015q3/bin/../lib/gcc/arm-none-eabi/4.9.3/armv7-m/crtn.o
 *(.fini)
 .fini          0x000062f0        0x4 c:/siliconlabs/simplicitystudio/v4/developer/toolchains/gnu_arm/4.9_2015q3/bin/../lib/gcc/arm-none-eabi/4.9.3/armv7-m/crti.o
                0x000062f0                _fini
 .fini          0x000062f4        0x8 c:/siliconlabs/simplicitystudio/v4/developer/toolchains/gnu_arm/4.9_2015q3/bin/../lib/gcc/arm-none-eabi/4.9.3/armv7-m/crtn.o
 *crtbegin.o(.ctors)
 *crtbegin?.o(.ctors)
 *(EXCLUDE_FILE(*crtend.o *crtend?.o) .ctors)
 *(SORT(.ctors.*))
 *(.ctors)
 *crtbegin.o(.dtors)
 *crtbegin?.o(.dtors)
 *(EXCLUDE_FILE(*crtend.o *crtend?.o) .dtors)
 *(SORT(.dtors.*))
 *(.dtors)
 *(.rodata*)
 .rodata.heaperr.6418
                0x000062fc       0x1a ./Drivers/retargetio.o
 *fill*         0x00006316        0x2 
 .rodata        0x00006318       0x18 ./Drivers/retargetserial.o
 .rodata.EFM_Display
                0x00006330      0x1fe ./Drivers/segmentlcd.o
 *fill*         0x0000652e        0x2 
 .rodata.EFM_Alphabet
                0x00006530       0xb8 ./Drivers/segmentlcd.o
 .rodata.lcdInit
                0x000065e8       0x14 ./Drivers/segmentlcd.o
 .rodata        0x000065fc       0x1f ./FreeRTOS/efm32gg/port_gcc.o
 *fill*         0x0000661b        0x1 
 .rodata        0x0000661c       0x1c ./FreeRTOS/efm32gg/queue.o
 .rodata        0x00006638       0x21 ./FreeRTOS/efm32gg/tasks.o
 *fill*         0x00006659        0x3 
 .rodata        0x0000665c       0x2d ./FreeRTOS/efm32gg/timers.o
 *fill*         0x00006689        0x3 
 .rodata        0x0000668c       0x76 ./emlib/em_cmu.o
 *fill*         0x00006702        0x2 
 .rodata        0x00006704       0x77 ./emlib/em_gpio.o
 *fill*         0x0000677b        0x1 
 .rodata        0x0000677c       0x12 ./emlib/em_lcd.o
 *fill*         0x0000678e        0x2 
 .rodata        0x00006790       0x15 ./emlib/em_system.o
 *fill*         0x000067a5        0x3 
 .rodata        0x000067a8       0x7c ./emlib/em_timer.o
 .rodata        0x00006824       0x14 ./emlib/em_usart.o
 .rodata        0x00006838       0x7d ./src/main.o
 *fill*         0x000068b5        0x3 
 .rodata.__sf_fake_stdin
                0x000068b8       0x20 c:/siliconlabs/simplicitystudio/v4/developer/toolchains/gnu_arm/4.9_2015q3/bin/../lib/gcc/arm-none-eabi/4.9.3/../../../../arm-none-eabi/lib/armv7-m\libc_nano.a(lib_a-findfp.o)
                0x000068b8                __sf_fake_stdin
 .rodata.__sf_fake_stdout
                0x000068d8       0x20 c:/siliconlabs/simplicitystudio/v4/developer/toolchains/gnu_arm/4.9_2015q3/bin/../lib/gcc/arm-none-eabi/4.9.3/../../../../arm-none-eabi/lib/armv7-m\libc_nano.a(lib_a-findfp.o)
                0x000068d8                __sf_fake_stdout
 .rodata.__sf_fake_stderr
                0x000068f8       0x20 c:/siliconlabs/simplicitystudio/v4/developer/toolchains/gnu_arm/4.9_2015q3/bin/../lib/gcc/arm-none-eabi/4.9.3/../../../../arm-none-eabi/lib/armv7-m\libc_nano.a(lib_a-findfp.o)
                0x000068f8                __sf_fake_stderr
 .rodata.str1.1
                0x00006918        0x2 c:/siliconlabs/simplicitystudio/v4/developer/toolchains/gnu_arm/4.9_2015q3/bin/../lib/gcc/arm-none-eabi/4.9.3/../../../../arm-none-eabi/lib/armv7-m\libc_nano.a(lib_a-impure.o)
 *fill*         0x0000691a        0x2 
 .rodata._global_impure_ptr
                0x0000691c        0x4 c:/siliconlabs/simplicitystudio/v4/developer/toolchains/gnu_arm/4.9_2015q3/bin/../lib/gcc/arm-none-eabi/4.9.3/../../../../arm-none-eabi/lib/armv7-m\libc_nano.a(lib_a-impure.o)
                0x0000691c                _global_impure_ptr
 .rodata.str1.1
                0x00006920       0x11 c:/siliconlabs/simplicitystudio/v4/developer/toolchains/gnu_arm/4.9_2015q3/bin/../lib/gcc/arm-none-eabi/4.9.3/../../../../arm-none-eabi/lib/armv7-m\libc_nano.a(lib_a-nano-vfprintf.o)
 .rodata.str1.1
                0x00006931       0x22 c:/siliconlabs/simplicitystudio/v4/developer/toolchains/gnu_arm/4.9_2015q3/bin/../lib/gcc/arm-none-eabi/4.9.3/../../../../arm-none-eabi/lib/armv7-m\libc_nano.a(lib_a-nano-vfprintf_i.o)
 *(.eh_frame*)
 *fill*         0x00006953        0x1 
 .eh_frame      0x00006954        0x0 c:/siliconlabs/simplicitystudio/v4/developer/toolchains/gnu_arm/4.9_2015q3/bin/../lib/gcc/arm-none-eabi/4.9.3/armv7-m/crtbegin.o
 .eh_frame      0x00006954        0x4 c:/siliconlabs/simplicitystudio/v4/developer/toolchains/gnu_arm/4.9_2015q3/bin/../lib/gcc/arm-none-eabi/4.9.3/armv7-m/crtend.o

.glue_7         0x00006958        0x0
 .glue_7        0x00000000        0x0 linker stubs

.glue_7t        0x00006958        0x0
 .glue_7t       0x00000000        0x0 linker stubs

.vfp11_veneer   0x00006958        0x0
 .vfp11_veneer  0x00000000        0x0 linker stubs

.v4_bx          0x00006958        0x0
 .v4_bx         0x00000000        0x0 linker stubs

.iplt           0x00006958        0x0
 .iplt          0x00000000        0x0 c:/siliconlabs/simplicitystudio/v4/developer/toolchains/gnu_arm/4.9_2015q3/bin/../lib/gcc/arm-none-eabi/4.9.3/armv7-m/crtbegin.o

.ARM.extab
 *(.ARM.extab* .gnu.linkonce.armextab.*)
                0x00006958                __exidx_start = .

.ARM.exidx      0x00006958        0x8
 *(.ARM.exidx* .gnu.linkonce.armexidx.*)
 .ARM.exidx     0x00006958        0x8 c:/siliconlabs/simplicitystudio/v4/developer/toolchains/gnu_arm/4.9_2015q3/bin/../lib/gcc/arm-none-eabi/4.9.3/../../../../arm-none-eabi/lib/armv7-m/crt0.o
                0x00006960                __exidx_end = .
                0x00006960                __etext = .

.rel.dyn        0x00006960        0x0
 .rel.iplt      0x00000000        0x0 c:/siliconlabs/simplicitystudio/v4/developer/toolchains/gnu_arm/4.9_2015q3/bin/../lib/gcc/arm-none-eabi/4.9.3/armv7-m/crtbegin.o

.data           0x20000000       0x88 load address 0x00006960
                0x20000000                __data_start__ = .
 *(vtable)
 *(.data*)
 .data.SystemHFXOClock
                0x20000000        0x4 ./CMSIS/EFM32GG/system_efm32gg.o
 .data.SystemLFXOClock
                0x20000004        0x4 ./CMSIS/EFM32GG/system_efm32gg.o
 .data.SystemCoreClock
                0x20000008        0x4 ./CMSIS/EFM32GG/system_efm32gg.o
                0x20000008                SystemCoreClock
 .data.xFreeBytesRemaining
                0x2000000c        0x4 ./FreeRTOS/efm32gg/heap_2.o
 .data.uxCriticalNesting
                0x20000010        0x4 ./FreeRTOS/efm32gg/port_gcc.o
 .data.count    0x20000014        0x4 ./src/main.o
                0x20000014                count
 .data.impure_data
                0x20000018       0x60 c:/siliconlabs/simplicitystudio/v4/developer/toolchains/gnu_arm/4.9_2015q3/bin/../lib/gcc/arm-none-eabi/4.9.3/../../../../arm-none-eabi/lib/armv7-m\libc_nano.a(lib_a-impure.o)
 .data._impure_ptr
                0x20000078        0x4 c:/siliconlabs/simplicitystudio/v4/developer/toolchains/gnu_arm/4.9_2015q3/bin/../lib/gcc/arm-none-eabi/4.9.3/../../../../arm-none-eabi/lib/armv7-m\libc_nano.a(lib_a-impure.o)
                0x20000078                _impure_ptr
                0x2000007c                . = ALIGN (0x4)
 *(.ram)
                0x2000007c                . = ALIGN (0x4)
                0x2000007c                PROVIDE (__preinit_array_start, .)
 *(.preinit_array)
                0x2000007c                PROVIDE (__preinit_array_end, .)
                0x2000007c                . = ALIGN (0x4)
                0x2000007c                PROVIDE (__init_array_start, .)
 *(SORT(.init_array.*))
 *(.init_array)
 .init_array    0x2000007c        0x4 c:/siliconlabs/simplicitystudio/v4/developer/toolchains/gnu_arm/4.9_2015q3/bin/../lib/gcc/arm-none-eabi/4.9.3/armv7-m/crtbegin.o
                0x20000080                PROVIDE (__init_array_end, .)
                0x20000080                . = ALIGN (0x4)
                0x20000080                PROVIDE (__fini_array_start, .)
 *(SORT(.fini_array.*))
 *(.fini_array)
 .fini_array    0x20000080        0x4 c:/siliconlabs/simplicitystudio/v4/developer/toolchains/gnu_arm/4.9_2015q3/bin/../lib/gcc/arm-none-eabi/4.9.3/armv7-m/crtbegin.o
                0x20000084                PROVIDE (__fini_array_end, .)
 *(.jcr*)
 .jcr           0x20000084        0x0 c:/siliconlabs/simplicitystudio/v4/developer/toolchains/gnu_arm/4.9_2015q3/bin/../lib/gcc/arm-none-eabi/4.9.3/armv7-m/crtbegin.o
 .jcr           0x20000084        0x4 c:/siliconlabs/simplicitystudio/v4/developer/toolchains/gnu_arm/4.9_2015q3/bin/../lib/gcc/arm-none-eabi/4.9.3/armv7-m/crtend.o
                0x20000088                . = ALIGN (0x4)
                0x20000088                __data_end__ = .

.igot.plt       0x20000088        0x0 load address 0x000069e8
 .igot.plt      0x00000000        0x0 c:/siliconlabs/simplicitystudio/v4/developer/toolchains/gnu_arm/4.9_2015q3/bin/../lib/gcc/arm-none-eabi/4.9.3/armv7-m/crtbegin.o

.bss            0x20000088     0x254c load address 0x000069e8
                0x20000088                . = ALIGN (0x4)
                0x20000088                __bss_start__ = .
 *(.bss*)
 .bss           0x20000088       0x1c c:/siliconlabs/simplicitystudio/v4/developer/toolchains/gnu_arm/4.9_2015q3/bin/../lib/gcc/arm-none-eabi/4.9.3/armv7-m/crtbegin.o
 .bss.heap_end.6416
                0x200000a4        0x4 ./Drivers/retargetio.o
 .bss.rxReadIndex
                0x200000a8        0x4 ./Drivers/retargetserial.o
 .bss.rxWriteIndex
                0x200000ac        0x4 ./Drivers/retargetserial.o
 .bss.rxCount   0x200000b0        0x4 ./Drivers/retargetserial.o
 .bss.rxBuffer  0x200000b4        0x8 ./Drivers/retargetserial.o
 .bss.LFtoCRLF  0x200000bc        0x1 ./Drivers/retargetserial.o
 .bss.initialized
                0x200000bd        0x1 ./Drivers/retargetserial.o
 *fill*         0x200000be        0x2 
 .bss.ucHeap    0x200000c0     0x2328 ./FreeRTOS/efm32gg/heap_2.o
 .bss.xStart    0x200023e8        0x8 ./FreeRTOS/efm32gg/heap_2.o
 .bss.xEnd      0x200023f0        0x8 ./FreeRTOS/efm32gg/heap_2.o
 .bss.xHeapHasBeenInitialised.4399
                0x200023f8        0x4 ./FreeRTOS/efm32gg/heap_2.o
 .bss.ucMaxSysCallPriority
                0x200023fc        0x1 ./FreeRTOS/efm32gg/port_gcc.o
 *fill*         0x200023fd        0x3 
 .bss.ulMaxPRIGROUPValue
                0x20002400        0x4 ./FreeRTOS/efm32gg/port_gcc.o
 .bss.pxCurrentTCB
                0x20002404        0x4 ./FreeRTOS/efm32gg/tasks.o
                0x20002404                pxCurrentTCB
 .bss.pxReadyTasksLists
                0x20002408       0x78 ./FreeRTOS/efm32gg/tasks.o
 .bss.xDelayedTaskList1
                0x20002480       0x14 ./FreeRTOS/efm32gg/tasks.o
 .bss.xDelayedTaskList2
                0x20002494       0x14 ./FreeRTOS/efm32gg/tasks.o
 .bss.pxDelayedTaskList
                0x200024a8        0x4 ./FreeRTOS/efm32gg/tasks.o
 .bss.pxOverflowDelayedTaskList
                0x200024ac        0x4 ./FreeRTOS/efm32gg/tasks.o
 .bss.xPendingReadyList
                0x200024b0       0x14 ./FreeRTOS/efm32gg/tasks.o
 .bss.xTasksWaitingTermination
                0x200024c4       0x14 ./FreeRTOS/efm32gg/tasks.o
 .bss.uxDeletedTasksWaitingCleanUp
                0x200024d8        0x4 ./FreeRTOS/efm32gg/tasks.o
 .bss.xSuspendedTaskList
                0x200024dc       0x14 ./FreeRTOS/efm32gg/tasks.o
 .bss.uxCurrentNumberOfTasks
                0x200024f0        0x4 ./FreeRTOS/efm32gg/tasks.o
 .bss.xTickCount
                0x200024f4        0x4 ./FreeRTOS/efm32gg/tasks.o
 .bss.uxTopReadyPriority
                0x200024f8        0x4 ./FreeRTOS/efm32gg/tasks.o
 .bss.xSchedulerRunning
                0x200024fc        0x4 ./FreeRTOS/efm32gg/tasks.o
 .bss.uxPendedTicks
                0x20002500        0x4 ./FreeRTOS/efm32gg/tasks.o
 .bss.xYieldPending
                0x20002504        0x4 ./FreeRTOS/efm32gg/tasks.o
 .bss.xNumOfOverflows
                0x20002508        0x4 ./FreeRTOS/efm32gg/tasks.o
 .bss.uxTaskNumber
                0x2000250c        0x4 ./FreeRTOS/efm32gg/tasks.o
 .bss.xNextTaskUnblockTime
                0x20002510        0x4 ./FreeRTOS/efm32gg/tasks.o
 .bss.xIdleTaskHandle
                0x20002514        0x4 ./FreeRTOS/efm32gg/tasks.o
 .bss.uxSchedulerSuspended
                0x20002518        0x4 ./FreeRTOS/efm32gg/tasks.o
 .bss.xActiveTimerList1
                0x2000251c       0x14 ./FreeRTOS/efm32gg/timers.o
 .bss.xActiveTimerList2
                0x20002530       0x14 ./FreeRTOS/efm32gg/timers.o
 .bss.pxCurrentTimerList
                0x20002544        0x4 ./FreeRTOS/efm32gg/timers.o
 .bss.pxOverflowTimerList
                0x20002548        0x4 ./FreeRTOS/efm32gg/timers.o
 .bss.xTimerQueue
                0x2000254c        0x4 ./FreeRTOS/efm32gg/timers.o
 .bss.xTimerTaskHandle
                0x20002550        0x4 ./FreeRTOS/efm32gg/timers.o
 .bss.xLastTime.4671
                0x20002554        0x4 ./FreeRTOS/efm32gg/timers.o
 .bss.ErrorTime
                0x20002558        0x4 ./src/main.o
                0x20002558                ErrorTime
 .bss.sec       0x2000255c        0x1 ./src/main.o
                0x2000255c                sec
 *fill*         0x2000255d        0x3 
 .bss.__malloc_sbrk_start
                0x20002560        0x4 c:/siliconlabs/simplicitystudio/v4/developer/toolchains/gnu_arm/4.9_2015q3/bin/../lib/gcc/arm-none-eabi/4.9.3/../../../../arm-none-eabi/lib/armv7-m\libc_nano.a(lib_a-nano-mallocr.o)
                0x20002560                __malloc_sbrk_start
 .bss.__malloc_free_list
                0x20002564        0x4 c:/siliconlabs/simplicitystudio/v4/developer/toolchains/gnu_arm/4.9_2015q3/bin/../lib/gcc/arm-none-eabi/4.9.3/../../../../arm-none-eabi/lib/armv7-m\libc_nano.a(lib_a-nano-mallocr.o)
                0x20002564                __malloc_free_list
 *(COMMON)
 COMMON         0x20002568       0x50 ./FreeRTOS/efm32gg/queue.o
                0x20002568                xQueueRegistry
 COMMON         0x200025b8       0x18 ./src/main.o
                0x200025b8                sem
                0x200025bc                handleLCDPrint
                0x200025c0                Timer0Value
                0x200025c4                text
                0x200025cc                handleCount
 COMMON         0x200025d0        0x4 c:/siliconlabs/simplicitystudio/v4/developer/toolchains/gnu_arm/4.9_2015q3/bin/../lib/gcc/arm-none-eabi/4.9.3/../../../../arm-none-eabi/lib/armv7-m\libc_nano.a(lib_a-reent.o)
                0x200025d0                errno
                0x200025d4                . = ALIGN (0x4)
                0x200025d4                __bss_end__ = .

.heap           0x200025d8      0xc00
                0x200025d8                __HeapBase = .
                0x200025d8                __end__ = .
                0x200025d8                end = __end__
                0x200025d8                _end = __end__
 *(.heap*)
 .heap          0x200025d8      0xc00 ./CMSIS/EFM32GG/startup_gcc_efm32gg.o
                0x200031d8                __HeapLimit = .

.stack_dummy    0x200025d8      0x400
 *(.stack*)
 .stack         0x200025d8      0x400 ./CMSIS/EFM32GG/startup_gcc_efm32gg.o
                0x20020000                __StackTop = (ORIGIN (RAM) + 0x20000)
                0x2001fc00                __StackLimit = (__StackTop - SIZEOF (.stack_dummy))
                0x20020000                PROVIDE (__stack, __StackTop)
                0x00000001                ASSERT ((__StackLimit >= __HeapLimit), region RAM overflowed with stack)
                0x00000001                ASSERT ((0x100000 >= (__etext + SIZEOF (.data))), FLASH memory overflowed !)
OUTPUT(STK3700_FreeRTOS_exercises_SDK_v5.2.2.axf elf32-littlearm)

.ARM.attributes
                0x00000000       0x29
 .ARM.attributes
                0x00000000       0x1d c:/siliconlabs/simplicitystudio/v4/developer/toolchains/gnu_arm/4.9_2015q3/bin/../lib/gcc/arm-none-eabi/4.9.3/armv7-m/crti.o
 .ARM.attributes
                0x0000001d       0x2d c:/siliconlabs/simplicitystudio/v4/developer/toolchains/gnu_arm/4.9_2015q3/bin/../lib/gcc/arm-none-eabi/4.9.3/armv7-m/crtbegin.o
 .ARM.attributes
                0x0000004a       0x1b c:/siliconlabs/simplicitystudio/v4/developer/toolchains/gnu_arm/4.9_2015q3/bin/../lib/gcc/arm-none-eabi/4.9.3/../../../../arm-none-eabi/lib/armv7-m/crt0.o
 .ARM.attributes
                0x00000065       0x1b ./CMSIS/EFM32GG/startup_gcc_efm32gg.o
 .ARM.attributes
                0x00000080       0x33 ./CMSIS/EFM32GG/system_efm32gg.o
 .ARM.attributes
                0x000000b3       0x33 ./Drivers/retargetio.o
 .ARM.attributes
                0x000000e6       0x33 ./Drivers/retargetserial.o
 .ARM.attributes
                0x00000119       0x33 ./Drivers/segmentlcd.o
 .ARM.attributes
                0x0000014c       0x33 ./FreeRTOS/efm32gg/heap_2.o
 .ARM.attributes
                0x0000017f       0x33 ./FreeRTOS/efm32gg/list.o
 .ARM.attributes
                0x000001b2       0x33 ./FreeRTOS/efm32gg/port_gcc.o
 .ARM.attributes
                0x000001e5       0x33 ./FreeRTOS/efm32gg/queue.o
 .ARM.attributes
                0x00000218       0x33 ./FreeRTOS/efm32gg/tasks.o
 .ARM.attributes
                0x0000024b       0x33 ./FreeRTOS/efm32gg/timers.o
 .ARM.attributes
                0x0000027e       0x33 ./emlib/em_assert.o
 .ARM.attributes
                0x000002b1       0x33 ./emlib/em_cmu.o
 .ARM.attributes
                0x000002e4       0x33 ./emlib/em_core.o
 .ARM.attributes
                0x00000317       0x33 ./emlib/em_gpio.o
 .ARM.attributes
                0x0000034a       0x33 ./emlib/em_lcd.o
 .ARM.attributes
                0x0000037d       0x33 ./emlib/em_system.o
 .ARM.attributes
                0x000003b0       0x33 ./emlib/em_timer.o
 .ARM.attributes
                0x000003e3       0x33 ./emlib/em_usart.o
 .ARM.attributes
                0x00000416       0x33 ./src/main.o
 .ARM.attributes
                0x00000449       0x2d c:/siliconlabs/simplicitystudio/v4/developer/toolchains/gnu_arm/4.9_2015q3/bin/../lib/gcc/arm-none-eabi/4.9.3/../../../../arm-none-eabi/lib/armv7-m\libc_nano.a(lib_a-exit.o)
 .ARM.attributes
                0x00000476       0x2d c:/siliconlabs/simplicitystudio/v4/developer/toolchains/gnu_arm/4.9_2015q3/bin/../lib/gcc/arm-none-eabi/4.9.3/../../../../arm-none-eabi/lib/armv7-m\libc_nano.a(lib_a-fileno.o)
 .ARM.attributes
                0x000004a3       0x2d c:/siliconlabs/simplicitystudio/v4/developer/toolchains/gnu_arm/4.9_2015q3/bin/../lib/gcc/arm-none-eabi/4.9.3/../../../../arm-none-eabi/lib/armv7-m\libc_nano.a(lib_a-findfp.o)
 .ARM.attributes
                0x000004d0       0x2d c:/siliconlabs/simplicitystudio/v4/developer/toolchains/gnu_arm/4.9_2015q3/bin/../lib/gcc/arm-none-eabi/4.9.3/../../../../arm-none-eabi/lib/armv7-m\libc_nano.a(lib_a-fwalk.o)
 .ARM.attributes
                0x000004fd       0x2d c:/siliconlabs/simplicitystudio/v4/developer/toolchains/gnu_arm/4.9_2015q3/bin/../lib/gcc/arm-none-eabi/4.9.3/../../../../arm-none-eabi/lib/armv7-m\libc_nano.a(lib_a-impure.o)
 .ARM.attributes
                0x0000052a       0x2d c:/siliconlabs/simplicitystudio/v4/developer/toolchains/gnu_arm/4.9_2015q3/bin/../lib/gcc/arm-none-eabi/4.9.3/../../../../arm-none-eabi/lib/armv7-m\libc_nano.a(lib_a-init.o)
 .ARM.attributes
                0x00000557       0x2d c:/siliconlabs/simplicitystudio/v4/developer/toolchains/gnu_arm/4.9_2015q3/bin/../lib/gcc/arm-none-eabi/4.9.3/../../../../arm-none-eabi/lib/armv7-m\libc_nano.a(lib_a-memcpy.o)
 .ARM.attributes
                0x00000584       0x2d c:/siliconlabs/simplicitystudio/v4/developer/toolchains/gnu_arm/4.9_2015q3/bin/../lib/gcc/arm-none-eabi/4.9.3/../../../../arm-none-eabi/lib/armv7-m\libc_nano.a(lib_a-memset.o)
 .ARM.attributes
                0x000005b1       0x2d c:/siliconlabs/simplicitystudio/v4/developer/toolchains/gnu_arm/4.9_2015q3/bin/../lib/gcc/arm-none-eabi/4.9.3/../../../../arm-none-eabi/lib/armv7-m\libc_nano.a(lib_a-nano-mallocr.o)
 .ARM.attributes
                0x000005de       0x2d c:/siliconlabs/simplicitystudio/v4/developer/toolchains/gnu_arm/4.9_2015q3/bin/../lib/gcc/arm-none-eabi/4.9.3/../../../../arm-none-eabi/lib/armv7-m\libc_nano.a(lib_a-printf.o)
 .ARM.attributes
                0x0000060b       0x2d c:/siliconlabs/simplicitystudio/v4/developer/toolchains/gnu_arm/4.9_2015q3/bin/../lib/gcc/arm-none-eabi/4.9.3/../../../../arm-none-eabi/lib/armv7-m\libc_nano.a(lib_a-sbrkr.o)
 .ARM.attributes
                0x00000638       0x2d c:/siliconlabs/simplicitystudio/v4/developer/toolchains/gnu_arm/4.9_2015q3/bin/../lib/gcc/arm-none-eabi/4.9.3/../../../../arm-none-eabi/lib/armv7-m\libc_nano.a(lib_a-setvbuf.o)
 .ARM.attributes
                0x00000665       0x2d c:/siliconlabs/simplicitystudio/v4/developer/toolchains/gnu_arm/4.9_2015q3/bin/../lib/gcc/arm-none-eabi/4.9.3/../../../../arm-none-eabi/lib/armv7-m\libc_nano.a(lib_a-stdio.o)
 .ARM.attributes
                0x00000692       0x2d c:/siliconlabs/simplicitystudio/v4/developer/toolchains/gnu_arm/4.9_2015q3/bin/../lib/gcc/arm-none-eabi/4.9.3/../../../../arm-none-eabi/lib/armv7-m\libc_nano.a(lib_a-strlen.o)
 .ARM.attributes
                0x000006bf       0x2d c:/siliconlabs/simplicitystudio/v4/developer/toolchains/gnu_arm/4.9_2015q3/bin/../lib/gcc/arm-none-eabi/4.9.3/../../../../arm-none-eabi/lib/armv7-m\libc_nano.a(lib_a-writer.o)
 .ARM.attributes
                0x000006ec       0x2d c:/siliconlabs/simplicitystudio/v4/developer/toolchains/gnu_arm/4.9_2015q3/bin/../lib/gcc/arm-none-eabi/4.9.3/../../../../arm-none-eabi/lib/armv7-m\libc_nano.a(lib_a-closer.o)
 .ARM.attributes
                0x00000719       0x2d c:/siliconlabs/simplicitystudio/v4/developer/toolchains/gnu_arm/4.9_2015q3/bin/../lib/gcc/arm-none-eabi/4.9.3/../../../../arm-none-eabi/lib/armv7-m\libc_nano.a(lib_a-fflush.o)
 .ARM.attributes
                0x00000746       0x2d c:/siliconlabs/simplicitystudio/v4/developer/toolchains/gnu_arm/4.9_2015q3/bin/../lib/gcc/arm-none-eabi/4.9.3/../../../../arm-none-eabi/lib/armv7-m\libc_nano.a(lib_a-lseekr.o)
 .ARM.attributes
                0x00000773       0x2d c:/siliconlabs/simplicitystudio/v4/developer/toolchains/gnu_arm/4.9_2015q3/bin/../lib/gcc/arm-none-eabi/4.9.3/../../../../arm-none-eabi/lib/armv7-m\libc_nano.a(lib_a-malloc.o)
 .ARM.attributes
                0x000007a0       0x2d c:/siliconlabs/simplicitystudio/v4/developer/toolchains/gnu_arm/4.9_2015q3/bin/../lib/gcc/arm-none-eabi/4.9.3/../../../../arm-none-eabi/lib/armv7-m\libc_nano.a(lib_a-nano-freer.o)
 .ARM.attributes
                0x000007cd       0x2d c:/siliconlabs/simplicitystudio/v4/developer/toolchains/gnu_arm/4.9_2015q3/bin/../lib/gcc/arm-none-eabi/4.9.3/../../../../arm-none-eabi/lib/armv7-m\libc_nano.a(lib_a-nano-vfprintf.o)
 .ARM.attributes
                0x000007fa       0x2d c:/siliconlabs/simplicitystudio/v4/developer/toolchains/gnu_arm/4.9_2015q3/bin/../lib/gcc/arm-none-eabi/4.9.3/../../../../arm-none-eabi/lib/armv7-m\libc_nano.a(lib_a-nano-vfprintf_i.o)
 .ARM.attributes
                0x00000827       0x2d c:/siliconlabs/simplicitystudio/v4/developer/toolchains/gnu_arm/4.9_2015q3/bin/../lib/gcc/arm-none-eabi/4.9.3/../../../../arm-none-eabi/lib/armv7-m\libc_nano.a(lib_a-readr.o)
 .ARM.attributes
                0x00000854       0x2d c:/siliconlabs/simplicitystudio/v4/developer/toolchains/gnu_arm/4.9_2015q3/bin/../lib/gcc/arm-none-eabi/4.9.3/../../../../arm-none-eabi/lib/armv7-m\libc_nano.a(lib_a-reent.o)
 .ARM.attributes
                0x00000881       0x2d c:/siliconlabs/simplicitystudio/v4/developer/toolchains/gnu_arm/4.9_2015q3/bin/../lib/gcc/arm-none-eabi/4.9.3/../../../../arm-none-eabi/lib/armv7-m\libc_nano.a(lib_a-wbuf.o)
 .ARM.attributes
                0x000008ae       0x2d c:/siliconlabs/simplicitystudio/v4/developer/toolchains/gnu_arm/4.9_2015q3/bin/../lib/gcc/arm-none-eabi/4.9.3/../../../../arm-none-eabi/lib/armv7-m\libc_nano.a(lib_a-wsetup.o)
 .ARM.attributes
                0x000008db       0x2d c:/siliconlabs/simplicitystudio/v4/developer/toolchains/gnu_arm/4.9_2015q3/bin/../lib/gcc/arm-none-eabi/4.9.3/../../../../arm-none-eabi/lib/armv7-m\libc_nano.a(lib_a-makebuf.o)
 .ARM.attributes
                0x00000908       0x2d c:/siliconlabs/simplicitystudio/v4/developer/toolchains/gnu_arm/4.9_2015q3/bin/../lib/gcc/arm-none-eabi/4.9.3/../../../../arm-none-eabi/lib/armv7-m\libc_nano.a(lib_a-memchr.o)
 .ARM.attributes
                0x00000935       0x2d c:/siliconlabs/simplicitystudio/v4/developer/toolchains/gnu_arm/4.9_2015q3/bin/../lib/gcc/arm-none-eabi/4.9.3/../../../../arm-none-eabi/lib/armv7-m\libc_nano.a(lib_a-fstatr.o)
 .ARM.attributes
                0x00000962       0x2d c:/siliconlabs/simplicitystudio/v4/developer/toolchains/gnu_arm/4.9_2015q3/bin/../lib/gcc/arm-none-eabi/4.9.3/../../../../arm-none-eabi/lib/armv7-m\libc_nano.a(lib_a-isattyr.o)
 .ARM.attributes
                0x0000098f       0x2d c:/siliconlabs/simplicitystudio/v4/developer/toolchains/gnu_arm/4.9_2015q3/bin/../lib/gcc/arm-none-eabi/4.9.3/armv7-m/crtend.o
 .ARM.attributes
                0x000009bc       0x1d c:/siliconlabs/simplicitystudio/v4/developer/toolchains/gnu_arm/4.9_2015q3/bin/../lib/gcc/arm-none-eabi/4.9.3/armv7-m/crtn.o

.comment        0x00000000       0x70
 .comment       0x00000000       0x70 ./CMSIS/EFM32GG/system_efm32gg.o
                                 0x71 (size before relaxing)
 .comment       0x00000000       0x71 ./Drivers/retargetio.o
 .comment       0x00000000       0x71 ./Drivers/retargetserial.o
 .comment       0x00000000       0x71 ./Drivers/segmentlcd.o
 .comment       0x00000000       0x71 ./FreeRTOS/efm32gg/heap_2.o
 .comment       0x00000000       0x71 ./FreeRTOS/efm32gg/list.o
 .comment       0x00000000       0x71 ./FreeRTOS/efm32gg/port_gcc.o
 .comment       0x00000000       0x71 ./FreeRTOS/efm32gg/queue.o
 .comment       0x00000000       0x71 ./FreeRTOS/efm32gg/tasks.o
 .comment       0x00000000       0x71 ./FreeRTOS/efm32gg/timers.o
 .comment       0x00000000       0x71 ./emlib/em_assert.o
 .comment       0x00000000       0x71 ./emlib/em_cmu.o
 .comment       0x00000000       0x71 ./emlib/em_core.o
 .comment       0x00000000       0x71 ./emlib/em_gpio.o
 .comment       0x00000000       0x71 ./emlib/em_lcd.o
 .comment       0x00000000       0x71 ./emlib/em_system.o
 .comment       0x00000000       0x71 ./emlib/em_timer.o
 .comment       0x00000000       0x71 ./emlib/em_usart.o
 .comment       0x00000000       0x71 ./src/main.o

.debug_line     0x00000000     0x63d8
 .debug_line    0x00000000       0x72 ./CMSIS/EFM32GG/startup_gcc_efm32gg.o
 .debug_line    0x00000072      0x328 ./CMSIS/EFM32GG/system_efm32gg.o
 .debug_line    0x0000039a      0x339 ./Drivers/retargetio.o
 .debug_line    0x000006d3      0x44a ./Drivers/retargetserial.o
 .debug_line    0x00000b1d      0x6e1 ./Drivers/segmentlcd.o
 .debug_line    0x000011fe      0x2ee ./FreeRTOS/efm32gg/heap_2.o
 .debug_line    0x000014ec      0x2b6 ./FreeRTOS/efm32gg/list.o
 .debug_line    0x000017a2      0x39d ./FreeRTOS/efm32gg/port_gcc.o
 .debug_line    0x00001b3f      0x7e2 ./FreeRTOS/efm32gg/queue.o
 .debug_line    0x00002321      0xbb3 ./FreeRTOS/efm32gg/tasks.o
 .debug_line    0x00002ed4      0x4f3 ./FreeRTOS/efm32gg/timers.o
 .debug_line    0x000033c7       0x4a ./emlib/em_assert.o
 .debug_line    0x00003411      0xacc ./emlib/em_cmu.o
 .debug_line    0x00003edd      0x617 ./emlib/em_core.o
 .debug_line    0x000044f4      0x54b ./emlib/em_gpio.o
 .debug_line    0x00004a3f      0x505 ./emlib/em_lcd.o
 .debug_line    0x00004f44      0x2c7 ./emlib/em_system.o
 .debug_line    0x0000520b      0x5ab ./emlib/em_timer.o
 .debug_line    0x000057b6      0x60a ./emlib/em_usart.o
 .debug_line    0x00005dc0      0x618 ./src/main.o

.debug_info     0x00000000     0xd1f4
 .debug_info    0x00000000       0xd1 ./CMSIS/EFM32GG/startup_gcc_efm32gg.o
 .debug_info    0x000000d1      0x582 ./CMSIS/EFM32GG/system_efm32gg.o
 .debug_info    0x00000653      0xde4 ./Drivers/retargetio.o
 .debug_info    0x00001437     0x13e4 ./Drivers/retargetserial.o
 .debug_info    0x0000281b     0x11d9 ./Drivers/segmentlcd.o
 .debug_info    0x000039f4      0x2fc ./FreeRTOS/efm32gg/heap_2.o
 .debug_info    0x00003cf0      0x2d0 ./FreeRTOS/efm32gg/list.o
 .debug_info    0x00003fc0      0x3e1 ./FreeRTOS/efm32gg/port_gcc.o
 .debug_info    0x000043a1      0xeb3 ./FreeRTOS/efm32gg/queue.o
 .debug_info    0x00005254     0x1637 ./FreeRTOS/efm32gg/tasks.o
 .debug_info    0x0000688b      0x9d1 ./FreeRTOS/efm32gg/timers.o
 .debug_info    0x0000725c       0x7a ./emlib/em_assert.o
 .debug_info    0x000072d6     0x154f ./emlib/em_cmu.o
 .debug_info    0x00008825      0xcfe ./emlib/em_core.o
 .debug_info    0x00009523      0x65f ./emlib/em_gpio.o
 .debug_info    0x00009b82      0xa3a ./emlib/em_lcd.o
 .debug_info    0x0000a5bc      0x276 ./emlib/em_system.o
 .debug_info    0x0000a832      0x913 ./emlib/em_timer.o
 .debug_info    0x0000b145      0xebf ./emlib/em_usart.o
 .debug_info    0x0000c004     0x11f0 ./src/main.o

.debug_abbrev   0x00000000     0x2176
 .debug_abbrev  0x00000000       0x14 ./CMSIS/EFM32GG/startup_gcc_efm32gg.o
 .debug_abbrev  0x00000014      0x16d ./CMSIS/EFM32GG/system_efm32gg.o
 .debug_abbrev  0x00000181      0x25a ./Drivers/retargetio.o
 .debug_abbrev  0x000003db      0x273 ./Drivers/retargetserial.o
 .debug_abbrev  0x0000064e      0x17b ./Drivers/segmentlcd.o
 .debug_abbrev  0x000007c9      0x154 ./FreeRTOS/efm32gg/heap_2.o
 .debug_abbrev  0x0000091d       0xc0 ./FreeRTOS/efm32gg/list.o
 .debug_abbrev  0x000009dd      0x1fa ./FreeRTOS/efm32gg/port_gcc.o
 .debug_abbrev  0x00000bd7      0x215 ./FreeRTOS/efm32gg/queue.o
 .debug_abbrev  0x00000dec      0x27b ./FreeRTOS/efm32gg/tasks.o
 .debug_abbrev  0x00001067      0x186 ./FreeRTOS/efm32gg/timers.o
 .debug_abbrev  0x000011ed       0x65 ./emlib/em_assert.o
 .debug_abbrev  0x00001252      0x2d1 ./emlib/em_cmu.o
 .debug_abbrev  0x00001523      0x239 ./emlib/em_core.o
 .debug_abbrev  0x0000175c      0x1c0 ./emlib/em_gpio.o
 .debug_abbrev  0x0000191c      0x1a6 ./emlib/em_lcd.o
 .debug_abbrev  0x00001ac2      0x109 ./emlib/em_system.o
 .debug_abbrev  0x00001bcb      0x18e ./emlib/em_timer.o
 .debug_abbrev  0x00001d59      0x1c7 ./emlib/em_usart.o
 .debug_abbrev  0x00001f20      0x256 ./src/main.o

.debug_aranges  0x00000000      0xbc0
 .debug_aranges
                0x00000000       0x20 ./CMSIS/EFM32GG/startup_gcc_efm32gg.o
 .debug_aranges
                0x00000020       0x70 ./CMSIS/EFM32GG/system_efm32gg.o
 .debug_aranges
                0x00000090       0x68 ./Drivers/retargetio.o
 .debug_aranges
                0x000000f8       0x60 ./Drivers/retargetserial.o
 .debug_aranges
                0x00000158       0xc0 ./Drivers/segmentlcd.o
 .debug_aranges
                0x00000218       0x40 ./FreeRTOS/efm32gg/heap_2.o
 .debug_aranges
                0x00000258       0x40 ./FreeRTOS/efm32gg/list.o
 .debug_aranges
                0x00000298       0x78 ./FreeRTOS/efm32gg/port_gcc.o
 .debug_aranges
                0x00000310       0xe8 ./FreeRTOS/efm32gg/queue.o
 .debug_aranges
                0x000003f8      0x1a0 ./FreeRTOS/efm32gg/tasks.o
 .debug_aranges
                0x00000598       0xb8 ./FreeRTOS/efm32gg/timers.o
 .debug_aranges
                0x00000650       0x20 ./emlib/em_assert.o
 .debug_aranges
                0x00000670      0x170 ./emlib/em_cmu.o
 .debug_aranges
                0x000007e0       0xe8 ./emlib/em_core.o
 .debug_aranges
                0x000008c8       0x70 ./emlib/em_gpio.o
 .debug_aranges
                0x00000938       0xa0 ./emlib/em_lcd.o
 .debug_aranges
                0x000009d8       0x28 ./emlib/em_system.o
 .debug_aranges
                0x00000a00       0x58 ./emlib/em_timer.o
 .debug_aranges
                0x00000a58       0xb8 ./emlib/em_usart.o
 .debug_aranges
                0x00000b10       0xb0 ./src/main.o

.debug_loc      0x00000000     0x6146
 .debug_loc     0x00000000      0x31c ./CMSIS/EFM32GG/system_efm32gg.o
 .debug_loc     0x0000031c      0x338 ./Drivers/retargetio.o
 .debug_loc     0x00000654      0x2e8 ./Drivers/retargetserial.o
 .debug_loc     0x0000093c      0x60c ./Drivers/segmentlcd.o
 .debug_loc     0x00000f48      0x184 ./FreeRTOS/efm32gg/heap_2.o
 .debug_loc     0x000010cc      0x1cc ./FreeRTOS/efm32gg/list.o
 .debug_loc     0x00001298      0x294 ./FreeRTOS/efm32gg/port_gcc.o
 .debug_loc     0x0000152c      0x844 ./FreeRTOS/efm32gg/queue.o
 .debug_loc     0x00001d70      0xf44 ./FreeRTOS/efm32gg/tasks.o
 .debug_loc     0x00002cb4      0x5ec ./FreeRTOS/efm32gg/timers.o
 .debug_loc     0x000032a0       0x38 ./emlib/em_assert.o
 .debug_loc     0x000032d8      0xd40 ./emlib/em_cmu.o
 .debug_loc     0x00004018      0x844 ./emlib/em_core.o
 .debug_loc     0x0000485c      0x394 ./emlib/em_gpio.o
 .debug_loc     0x00004bf0      0x5b0 ./emlib/em_lcd.o
 .debug_loc     0x000051a0       0xac ./emlib/em_system.o
 .debug_loc     0x0000524c      0x28c ./emlib/em_timer.o
 .debug_loc     0x000054d8      0x6ba ./emlib/em_usart.o
 .debug_loc     0x00005b92      0x5b4 ./src/main.o

.debug_ranges   0x00000000      0xa70
 .debug_ranges  0x00000000       0x60 ./CMSIS/EFM32GG/system_efm32gg.o
 .debug_ranges  0x00000060       0x58 ./Drivers/retargetio.o
 .debug_ranges  0x000000b8       0x50 ./Drivers/retargetserial.o
 .debug_ranges  0x00000108       0xb0 ./Drivers/segmentlcd.o
 .debug_ranges  0x000001b8       0x30 ./FreeRTOS/efm32gg/heap_2.o
 .debug_ranges  0x000001e8       0x30 ./FreeRTOS/efm32gg/list.o
 .debug_ranges  0x00000218       0x68 ./FreeRTOS/efm32gg/port_gcc.o
 .debug_ranges  0x00000280       0xd8 ./FreeRTOS/efm32gg/queue.o
 .debug_ranges  0x00000358      0x190 ./FreeRTOS/efm32gg/tasks.o
 .debug_ranges  0x000004e8       0xa8 ./FreeRTOS/efm32gg/timers.o
 .debug_ranges  0x00000590       0x10 ./emlib/em_assert.o
 .debug_ranges  0x000005a0      0x160 ./emlib/em_cmu.o
 .debug_ranges  0x00000700       0xd8 ./emlib/em_core.o
 .debug_ranges  0x000007d8       0x60 ./emlib/em_gpio.o
 .debug_ranges  0x00000838       0x90 ./emlib/em_lcd.o
 .debug_ranges  0x000008c8       0x18 ./emlib/em_system.o
 .debug_ranges  0x000008e0       0x48 ./emlib/em_timer.o
 .debug_ranges  0x00000928       0xa8 ./emlib/em_usart.o
 .debug_ranges  0x000009d0       0xa0 ./src/main.o

.debug_str      0x00000000     0x562d
 .debug_str     0x00000000      0x46a ./CMSIS/EFM32GG/system_efm32gg.o
                                0x4ea (size before relaxing)
 .debug_str     0x0000046a      0x4fb ./Drivers/retargetio.o
                                0x766 (size before relaxing)
 .debug_str     0x00000965      0xb57 ./Drivers/retargetserial.o
                               0x11b1 (size before relaxing)
 .debug_str     0x000014bc      0x850 ./Drivers/segmentlcd.o
                                0xe2a (size before relaxing)
 .debug_str     0x00001d0c      0x163 ./FreeRTOS/efm32gg/heap_2.o
                                0x38d (size before relaxing)
 .debug_str     0x00001e6f      0x144 ./FreeRTOS/efm32gg/list.o
                                0x353 (size before relaxing)
 .debug_str     0x00001fb3      0x243 ./FreeRTOS/efm32gg/port_gcc.o
                                0x465 (size before relaxing)
 .debug_str     0x000021f6      0x4e4 ./FreeRTOS/efm32gg/queue.o
                                0x80e (size before relaxing)
 .debug_str     0x000026da      0x9a3 ./FreeRTOS/efm32gg/tasks.o
                                0xddc (size before relaxing)
 .debug_str     0x0000307d      0x41d ./FreeRTOS/efm32gg/timers.o
                                0x772 (size before relaxing)
 .debug_str     0x0000349a       0x1f ./emlib/em_assert.o
                                0x181 (size before relaxing)
 .debug_str     0x000034b9      0x9a9 ./emlib/em_cmu.o
                               0x10c2 (size before relaxing)
 .debug_str     0x00003e62      0x35c ./emlib/em_core.o
                                0x881 (size before relaxing)
 .debug_str     0x000041be      0x21b ./emlib/em_gpio.o
                                0x631 (size before relaxing)
 .debug_str     0x000043d9      0x34e ./emlib/em_lcd.o
                                0x92a (size before relaxing)
 .debug_str     0x00004727       0xac ./emlib/em_system.o
                                0x315 (size before relaxing)
 .debug_str     0x000047d3      0x761 ./emlib/em_timer.o
                                0x9c5 (size before relaxing)
 .debug_str     0x00004f34      0x5a3 ./emlib/em_usart.o
                                0xe33 (size before relaxing)
 .debug_str     0x000054d7      0x156 ./src/main.o
                                0xf87 (size before relaxing)

.debug_frame    0x00000000     0x3590
 .debug_frame   0x00000000      0x180 ./CMSIS/EFM32GG/system_efm32gg.o
 .debug_frame   0x00000180      0x184 ./Drivers/retargetio.o
 .debug_frame   0x00000304      0x168 ./Drivers/retargetserial.o
 .debug_frame   0x0000046c      0x2ec ./Drivers/segmentlcd.o
 .debug_frame   0x00000758       0xc0 ./FreeRTOS/efm32gg/heap_2.o
 .debug_frame   0x00000818       0xd8 ./FreeRTOS/efm32gg/list.o
 .debug_frame   0x000008f0      0x178 ./FreeRTOS/efm32gg/port_gcc.o
 .debug_frame   0x00000a68      0x3c8 ./FreeRTOS/efm32gg/queue.o
 .debug_frame   0x00000e30      0x6f4 ./FreeRTOS/efm32gg/tasks.o
 .debug_frame   0x00001524      0x2d8 ./FreeRTOS/efm32gg/timers.o
 .debug_frame   0x000017fc       0x2c ./emlib/em_assert.o
 .debug_frame   0x00001828      0x62c ./emlib/em_cmu.o
 .debug_frame   0x00001e54      0x3c4 ./emlib/em_core.o
 .debug_frame   0x00002218      0x1b0 ./emlib/em_gpio.o
 .debug_frame   0x000023c8      0x294 ./emlib/em_lcd.o
 .debug_frame   0x0000265c       0x5c ./emlib/em_system.o
 .debug_frame   0x000026b8      0x134 ./emlib/em_timer.o
 .debug_frame   0x000027ec      0x308 ./emlib/em_usart.o
 .debug_frame   0x00002af4      0x2c4 ./src/main.o
 .debug_frame   0x00002db8       0x28 c:/siliconlabs/simplicitystudio/v4/developer/toolchains/gnu_arm/4.9_2015q3/bin/../lib/gcc/arm-none-eabi/4.9.3/../../../../arm-none-eabi/lib/armv7-m\libc_nano.a(lib_a-exit.o)
 .debug_frame   0x00002de0       0x2c c:/siliconlabs/simplicitystudio/v4/developer/toolchains/gnu_arm/4.9_2015q3/bin/../lib/gcc/arm-none-eabi/4.9.3/../../../../arm-none-eabi/lib/armv7-m\libc_nano.a(lib_a-fileno.o)
 .debug_frame   0x00002e0c      0x11c c:/siliconlabs/simplicitystudio/v4/developer/toolchains/gnu_arm/4.9_2015q3/bin/../lib/gcc/arm-none-eabi/4.9.3/../../../../arm-none-eabi/lib/armv7-m\libc_nano.a(lib_a-findfp.o)
 .debug_frame   0x00002f28       0x54 c:/siliconlabs/simplicitystudio/v4/developer/toolchains/gnu_arm/4.9_2015q3/bin/../lib/gcc/arm-none-eabi/4.9.3/../../../../arm-none-eabi/lib/armv7-m\libc_nano.a(lib_a-fwalk.o)
 .debug_frame   0x00002f7c       0x2c c:/siliconlabs/simplicitystudio/v4/developer/toolchains/gnu_arm/4.9_2015q3/bin/../lib/gcc/arm-none-eabi/4.9.3/../../../../arm-none-eabi/lib/armv7-m\libc_nano.a(lib_a-init.o)
 .debug_frame   0x00002fa8       0x28 c:/siliconlabs/simplicitystudio/v4/developer/toolchains/gnu_arm/4.9_2015q3/bin/../lib/gcc/arm-none-eabi/4.9.3/../../../../arm-none-eabi/lib/armv7-m\libc_nano.a(lib_a-memcpy.o)
 .debug_frame   0x00002fd0       0x20 c:/siliconlabs/simplicitystudio/v4/developer/toolchains/gnu_arm/4.9_2015q3/bin/../lib/gcc/arm-none-eabi/4.9.3/../../../../arm-none-eabi/lib/armv7-m\libc_nano.a(lib_a-memset.o)
 .debug_frame   0x00002ff0       0x2c c:/siliconlabs/simplicitystudio/v4/developer/toolchains/gnu_arm/4.9_2015q3/bin/../lib/gcc/arm-none-eabi/4.9.3/../../../../arm-none-eabi/lib/armv7-m\libc_nano.a(lib_a-nano-mallocr.o)
 .debug_frame   0x0000301c       0x74 c:/siliconlabs/simplicitystudio/v4/developer/toolchains/gnu_arm/4.9_2015q3/bin/../lib/gcc/arm-none-eabi/4.9.3/../../../../arm-none-eabi/lib/armv7-m\libc_nano.a(lib_a-printf.o)
 .debug_frame   0x00003090       0x2c c:/siliconlabs/simplicitystudio/v4/developer/toolchains/gnu_arm/4.9_2015q3/bin/../lib/gcc/arm-none-eabi/4.9.3/../../../../arm-none-eabi/lib/armv7-m\libc_nano.a(lib_a-sbrkr.o)
 .debug_frame   0x000030bc       0x30 c:/siliconlabs/simplicitystudio/v4/developer/toolchains/gnu_arm/4.9_2015q3/bin/../lib/gcc/arm-none-eabi/4.9.3/../../../../arm-none-eabi/lib/armv7-m\libc_nano.a(lib_a-setvbuf.o)
 .debug_frame   0x000030ec       0x88 c:/siliconlabs/simplicitystudio/v4/developer/toolchains/gnu_arm/4.9_2015q3/bin/../lib/gcc/arm-none-eabi/4.9.3/../../../../arm-none-eabi/lib/armv7-m\libc_nano.a(lib_a-stdio.o)
 .debug_frame   0x00003174       0x20 c:/siliconlabs/simplicitystudio/v4/developer/toolchains/gnu_arm/4.9_2015q3/bin/../lib/gcc/arm-none-eabi/4.9.3/../../../../arm-none-eabi/lib/armv7-m\libc_nano.a(lib_a-strlen.o)
 .debug_frame   0x00003194       0x2c c:/siliconlabs/simplicitystudio/v4/developer/toolchains/gnu_arm/4.9_2015q3/bin/../lib/gcc/arm-none-eabi/4.9.3/../../../../arm-none-eabi/lib/armv7-m\libc_nano.a(lib_a-writer.o)
 .debug_frame   0x000031c0       0x2c c:/siliconlabs/simplicitystudio/v4/developer/toolchains/gnu_arm/4.9_2015q3/bin/../lib/gcc/arm-none-eabi/4.9.3/../../../../arm-none-eabi/lib/armv7-m\libc_nano.a(lib_a-closer.o)
 .debug_frame   0x000031ec       0x68 c:/siliconlabs/simplicitystudio/v4/developer/toolchains/gnu_arm/4.9_2015q3/bin/../lib/gcc/arm-none-eabi/4.9.3/../../../../arm-none-eabi/lib/armv7-m\libc_nano.a(lib_a-fflush.o)
 .debug_frame   0x00003254       0x2c c:/siliconlabs/simplicitystudio/v4/developer/toolchains/gnu_arm/4.9_2015q3/bin/../lib/gcc/arm-none-eabi/4.9.3/../../../../arm-none-eabi/lib/armv7-m\libc_nano.a(lib_a-lseekr.o)
 .debug_frame   0x00003280       0x30 c:/siliconlabs/simplicitystudio/v4/developer/toolchains/gnu_arm/4.9_2015q3/bin/../lib/gcc/arm-none-eabi/4.9.3/../../../../arm-none-eabi/lib/armv7-m\libc_nano.a(lib_a-malloc.o)
 .debug_frame   0x000032b0       0x2c c:/siliconlabs/simplicitystudio/v4/developer/toolchains/gnu_arm/4.9_2015q3/bin/../lib/gcc/arm-none-eabi/4.9.3/../../../../arm-none-eabi/lib/armv7-m\libc_nano.a(lib_a-nano-freer.o)
 .debug_frame   0x000032dc       0xb8 c:/siliconlabs/simplicitystudio/v4/developer/toolchains/gnu_arm/4.9_2015q3/bin/../lib/gcc/arm-none-eabi/4.9.3/../../../../arm-none-eabi/lib/armv7-m\libc_nano.a(lib_a-nano-vfprintf.o)
 .debug_frame   0x00003394       0x58 c:/siliconlabs/simplicitystudio/v4/developer/toolchains/gnu_arm/4.9_2015q3/bin/../lib/gcc/arm-none-eabi/4.9.3/../../../../arm-none-eabi/lib/armv7-m\libc_nano.a(lib_a-nano-vfprintf_i.o)
 .debug_frame   0x000033ec       0x2c c:/siliconlabs/simplicitystudio/v4/developer/toolchains/gnu_arm/4.9_2015q3/bin/../lib/gcc/arm-none-eabi/4.9.3/../../../../arm-none-eabi/lib/armv7-m\libc_nano.a(lib_a-readr.o)
 .debug_frame   0x00003418       0x5c c:/siliconlabs/simplicitystudio/v4/developer/toolchains/gnu_arm/4.9_2015q3/bin/../lib/gcc/arm-none-eabi/4.9.3/../../../../arm-none-eabi/lib/armv7-m\libc_nano.a(lib_a-reent.o)
 .debug_frame   0x00003474       0x3c c:/siliconlabs/simplicitystudio/v4/developer/toolchains/gnu_arm/4.9_2015q3/bin/../lib/gcc/arm-none-eabi/4.9.3/../../../../arm-none-eabi/lib/armv7-m\libc_nano.a(lib_a-wbuf.o)
 .debug_frame   0x000034b0       0x2c c:/siliconlabs/simplicitystudio/v4/developer/toolchains/gnu_arm/4.9_2015q3/bin/../lib/gcc/arm-none-eabi/4.9.3/../../../../arm-none-eabi/lib/armv7-m\libc_nano.a(lib_a-wsetup.o)
 .debug_frame   0x000034dc       0x34 c:/siliconlabs/simplicitystudio/v4/developer/toolchains/gnu_arm/4.9_2015q3/bin/../lib/gcc/arm-none-eabi/4.9.3/../../../../arm-none-eabi/lib/armv7-m\libc_nano.a(lib_a-makebuf.o)
 .debug_frame   0x00003510       0x28 c:/siliconlabs/simplicitystudio/v4/developer/toolchains/gnu_arm/4.9_2015q3/bin/../lib/gcc/arm-none-eabi/4.9.3/../../../../arm-none-eabi/lib/armv7-m\libc_nano.a(lib_a-memchr.o)
 .debug_frame   0x00003538       0x2c c:/siliconlabs/simplicitystudio/v4/developer/toolchains/gnu_arm/4.9_2015q3/bin/../lib/gcc/arm-none-eabi/4.9.3/../../../../arm-none-eabi/lib/armv7-m\libc_nano.a(lib_a-fstatr.o)
 .debug_frame   0x00003564       0x2c c:/siliconlabs/simplicitystudio/v4/developer/toolchains/gnu_arm/4.9_2015q3/bin/../lib/gcc/arm-none-eabi/4.9.3/../../../../arm-none-eabi/lib/armv7-m\libc_nano.a(lib_a-isattyr.o)
